Console Log: /home/QinYiHang/Code/GNN_SPGG/outputs/Pool_dynamic_scan/n50_er_k4__proportional__piecewise_linear_constant__q_learning__r2p25/train.log
================================================================================
Experiment: n50_er_k4__proportional__piecewise_linear_constant__q_learning__r2p25
Run mode  : proportional
Network   : erdos_renyi
ER Params : target_mean_degree=4.0, edge_prob=0.0816327
Graph     : nodes=50, edges=89, degree_min=0, degree_max=8, degree_mean=3.560
Dynamics  : alpha=0.5, r=2.25, p_mode=dynamic, p_c=20.0, episode_length=1000
Consume   : mode=piecewise_linear, fixed_mode=constant, fixed=4, rate=0.05, threshold=4.0
Strategy  : rule=q_learning, state=none, lr=0.1, gamma=0.1, epsilon=0.05, q0=0.0
Reward    : lambda_payoff=1.0, lambda_cooperation=0.0, lambda_total_resource=0.0, lambda_gini=0.0
Reg       : actor_wd=0.0, critic_wd=0.0, actor_entropy_coef=0.0, actor_logit_l2_coef=0.0
================================================================================
[Episode 001] return=4600.214706, final_actual_cooperation=0.420000, final_gini=0.692033
[INFO 16:38:20] rollout episode: 1 / 5
[INFO 16:38:20] rollout Estimated time left: 18 seconds. Time passed: 4 seconds
[Episode 002] return=4164.848697, final_actual_cooperation=0.400000, final_gini=0.692189
[INFO 16:38:26] rollout episode: 2 / 5
[INFO 16:38:26] rollout Estimated time left: 15 seconds. Time passed: 10 seconds
[Episode 003] return=4346.287464, final_actual_cooperation=0.420000, final_gini=0.698580
[INFO 16:38:28] rollout episode: 3 / 5
[INFO 16:38:28] rollout Estimated time left: 9 seconds. Time passed: 13 seconds
[Episode 004] return=4260.860139, final_actual_cooperation=0.400000, final_gini=0.738561
[INFO 16:38:31] rollout episode: 4 / 5
[INFO 16:38:31] rollout Estimated time left: 4 seconds. Time passed: 16 seconds
[Episode 005] return=3724.989661, final_actual_cooperation=0.400000, final_gini=0.719757
[INFO 16:38:34] rollout episode: 5 / 5
[INFO 16:38:34] rollout Estimated time left: 0 seconds. Time passed: 18 seconds
Final summary:
{
  "return_mean": 4219.440133231026,
  "return_std": 286.4460270017176,
  "final_cooperation_mean": 0.40800000000000003,
  "final_actual_cooperation_mean": 0.40800000000000003,
  "final_mean_resource_mean": 40.05308880884113,
  "final_mean_pool_grown_mean": 23.265492063492065,
  "final_consumption_mean": 3.6240387870535242,
  "final_mean_consumption_mean": 3.6240387870535242,
  "final_mean_payoff_mean": 3.4203518548241605,
  "final_gini_mean": 0.7082239204709687
}
Results saved to: /home/QinYiHang/Code/GNN_SPGG/outputs/Pool_dynamic_scan/n50_er_k4__proportional__piecewise_linear_constant__q_learning__r2p25/results.json
