Console Log: /home/QinYiHang/Code/GNN_SPGG/outputs/perf_baseline/spgg_GNN_12workers_20length_Fermi_Teacher-Return_Critic__baseline__20260402_194427__online_local_current/train.log
================================================================================
Experiment: spgg_GNN_12workers_20length_Fermi_Teacher-Return_Critic__baseline__20260402_194427__online_local_current
Run mode  : gnn_train
Network   : regular
Graph     : nodes=50, edges=100, degree_min=4, degree_max=4, degree_mean=4.000
Dynamics  : alpha=0.5, r=0.75, p_mode=dynamic, p_c=50.0, episode_length=20
Consume   : mode=piecewise_linear, fixed_mode=degree_scaled, degree_multiplier=1.0, rate=0.05, threshold=5.0
Strategy  : rule=fermi, beta=1.0
Reward    : lambda_payoff=0.0, lambda_cooperation=5.0, lambda_total_resource=0.04043126684636118, lambda_collapse=1, lambda_gini=5.0
Reg       : actor_wd=0.0, critic_wd=0.0, actor_entropy_coef=0.0005, actor_logit_l2_coef=5e-05
================================================================================
Train CFG : steps_per_update=400, source=training.steps_per_update, total_env_steps=38400 (training.total_updates, excludes warmup), warmup_env_steps=0 (training.warmup_env_steps), total_rollout_env_steps=38400, total_updates=8
Train DEV : learner_device=cuda:3, rollout_device=cuda:2, rollout_mode=local, rollout_batch_timeout_ms=2.0, rollout_num_threads=1, num_envs_per_worker=4, overlap_rollout_update=True
Replay CFG: strategy=topology_stratified_mixed, capacity=1000000, topology_names=regular,erdos_renyi,small_world,scale_free, recent=0.50, long_term=0.35, demo=0.15, demo_source=pool_power_mix, collapse_cap_per_topology=0.20
Stab CFG : teacher_takeover=False(0.8->0.0, end@0.3), actor_q_coef=0.05->1.0 end@0.5, critic_loss=huber, huber_delta=1.0, grad_clip(actor=5.0, critic=5.0)
Eval CFG  : mode=custom_env_families(4), periodic_eval_episodes=2, eval_interval_env_steps=38400 (training.eval_interval), eval_interval_updates=8
Curriculum: regular__small_world@1[regular:0.40,small_world:0.40,erdos_renyi:0.20] | regular__scale_free__erdos_renyi@2[regular:0.25,small_world:0.25,erdos_renyi:0.25,scale_free:0.25] | all_topologies@5[regular:0.20,scale_free:0.50,erdos_renyi:0.15,small_world:0.15]
Curriculum: update=1, stage=regular__small_world, train=['regular', 'small_world', 'erdos_renyi'], train_weights=[0.4, 0.4, 0.2], eval=['regular', 'small_world', 'erdos_renyi']
[INFO 19:45:04] train t_env: 4800 / 38400 | update: 1 / 8
[INFO 19:45:04] train Estimated time left: 1 minutes, 58 seconds. Time passed: 17 seconds
[INFO 19:45:04] train Recent Stats | update: 1 / 8 | t_env: 4800 / 38400 | stage: regular__small_world
train_f_c:                     0.0237  train_gini:                    0.3622  train_R_mean:                  3.9376
train_payoff_mean:             0.4298  train_pool_grown:              0.5124  train_pool:                    0.3193
loss:                          1.2058  policy_loss:                  -0.0195  value_loss:                    1.2253
mean_rollout_reward:          -2.2974  entropy:                       1.5768  actor_logit_l2:                0.0002
actor_bc_loss:                 0.0000  actor_bc_coef:                 0.0000  actor_q_coef:                  0.2875
actor_grad_norm:               0.0000  critic_grad_norm:              1.0345  actor_lr:                      0.0001
critic_lr:                     0.0000  replay_size:                4800.0000  replay_demo:                   0.0000
replay_pool_demo:              0.0000  replay_teacher:                0.0000  replay_collapse:               0.0000
teacher_takeover:              0.0000  rollout_sps:                 622.6842  rollout_collect_s:             7.7086
worker_collect_s:              5.9118  env_step_s:                    0.7377  inference_wait_s:              0.0000
infer_build_s:                 0.0000  local_forward_s:               4.1962  action_to_numpy_s:             0.0431
transition_encode_s:           0.2012  stack_transitions_s:           0.0164  shm_serialize_s:               0.0098
shm_deserialize_s:             0.0062  rollout_wait_s:                0.0000  overlap_s:                     0.0000
actor_sync_s:                  0.1464  actor_publish_s:               0.0042  actor_sync_server_s:           0.0000
actor_sync_worker_s:           0.1422  replay_extend_s:               1.5896  replay_sample_s:               0.0097
to_device_s:                   0.0016  critic_update_s:               0.2659  actor_update_s:                0.0000
target_update_s:               0.0000  learner_update_s:              8.8113  eval_s:                        0.0000
infer_batch_mean:              4.0000  infer_batch_max:               4.0000  uniform:                       0.0000
proportional:                  0.0000  constant_mix:                  0.0000  pool_power_mix:                0.0000
random_logits:                 0.0000  actor_logits:                  1.0000  src_long_term:                 0.4102
src_recent:                    0.5898  topo_erdos_renyi:              0.3320  topo_regular:                  0.3359
topo_small_world:              0.3320
Curriculum: update=2, stage=regular__scale_free__erdos_renyi, train=['regular', 'small_world', 'erdos_renyi', 'scale_free'], train_weights=[0.25, 0.25, 0.25, 0.25], eval=['regular', 'small_world', 'erdos_renyi', 'scale_free']
[INFO 19:45:15] train t_env: 9600 / 38400 | update: 2 / 8
[INFO 19:45:15] train Estimated time left: 1 minutes, 22 seconds. Time passed: 27 seconds
[INFO 19:45:15] train Recent Stats | update: 2 / 8 | t_env: 9600 / 38400 | stage: regular__scale_free__erdos_renyi
train_f_c:                     0.0299  train_gini:                    0.3808  train_R_mean:                  4.2600
train_payoff_mean:             0.4926  train_pool_grown:              0.6635  train_pool:                    0.4068
loss:                          1.2073  policy_loss:                  -0.0212  value_loss:                    1.2284
mean_rollout_reward:          -2.3306  entropy:                       1.5786  actor_logit_l2:                0.0001
actor_bc_loss:                 0.0000  actor_bc_coef:                 0.0000  actor_q_coef:                  0.2875
actor_grad_norm:               0.0000  critic_grad_norm:              1.0571  actor_lr:                      0.0001
critic_lr:                     0.0000  replay_size:                7200.0000  replay_demo:                   0.0000
replay_pool_demo:              0.0000  replay_teacher:                0.0000  replay_collapse:               0.0000
teacher_takeover:              0.0000  rollout_sps:                 548.0454  rollout_collect_s:             8.9239
worker_collect_s:              5.9606  env_step_s:                    0.7772  inference_wait_s:              0.0000
infer_build_s:                 0.0000  local_forward_s:               4.1723  action_to_numpy_s:             0.0430
transition_encode_s:           0.2136  stack_transitions_s:           0.0162  shm_serialize_s:               0.0085
shm_deserialize_s:             0.0033  rollout_wait_s:                0.8332  overlap_s:                     4.2364
actor_sync_s:                  0.1573  actor_publish_s:               0.0179  actor_sync_server_s:           0.0000
actor_sync_worker_s:           0.1394  replay_extend_s:               1.6091  replay_sample_s:               0.0133
to_device_s:                   0.0015  critic_update_s:               0.2675  actor_update_s:                0.0000
target_update_s:               0.0000  learner_update_s:              8.6412  eval_s:                        0.0000
infer_batch_mean:              4.0000  infer_batch_max:               4.0000  uniform:                       0.0000
proportional:                  0.0000  constant_mix:                  0.0000  pool_power_mix:                0.0000
random_logits:                 0.0000  actor_logits:                  1.0000  src_long_term:                 0.4102
src_recent:                    0.5898  topo_erdos_renyi:              0.3320  topo_regular:                  0.3359
topo_small_world:              0.3320
[INFO 19:45:28] train t_env: 14400 / 38400 | update: 3 / 8
[INFO 19:45:28] train Estimated time left: 1 minutes, 7 seconds. Time passed: 40 seconds
[INFO 19:45:28] train Recent Stats | update: 3 / 8 | t_env: 14400 / 38400 | stage: regular__scale_free__erdos_renyi
train_f_c:                     0.0333  train_gini:                    0.3943  train_R_mean:                  4.3905
train_payoff_mean:             0.5187  train_pool_grown:              0.7368  train_pool:                    0.4523
loss:                          1.2212  policy_loss:                  -0.0298  value_loss:                    1.2510
mean_rollout_reward:          -2.3680  entropy:                       1.5666  actor_logit_l2:                0.0001
actor_bc_loss:                 0.0000  actor_bc_coef:                 0.0000  actor_q_coef:                  0.3667
actor_grad_norm:               0.0000  critic_grad_norm:              1.0363  actor_lr:                      0.0001
critic_lr:                     0.0000  replay_size:                9600.0000  replay_demo:                   0.0000
replay_pool_demo:              0.0000  replay_teacher:                0.0000  replay_collapse:               0.0000
teacher_takeover:              0.0000  rollout_sps:                 486.9520  rollout_collect_s:            10.3357
worker_collect_s:              5.9516  env_step_s:                    0.7934  inference_wait_s:              0.0000
infer_build_s:                 0.0000  local_forward_s:               4.1210  action_to_numpy_s:             0.0419
transition_encode_s:           0.2175  stack_transitions_s:           0.0162  shm_serialize_s:               0.0083
shm_deserialize_s:             0.0023  rollout_wait_s:                1.0418  overlap_s:                     6.7244
actor_sync_s:                  0.1427  actor_publish_s:               0.0127  actor_sync_server_s:           0.0000
actor_sync_worker_s:           0.1300  replay_extend_s:               1.5474  replay_sample_s:               0.0125
to_device_s:                   0.0015  critic_update_s:               0.3087  actor_update_s:                0.0000
target_update_s:               0.0000  learner_update_s:              9.6310  eval_s:                        0.0000
infer_batch_mean:              4.0000  infer_batch_max:               4.0000  uniform:                       0.0000
proportional:                  0.0000  constant_mix:                  0.0000  pool_power_mix:                0.0000
random_logits:                 0.0000  actor_logits:                  1.0000  src_long_term:                 0.4089
src_recent:                    0.5911  topo_erdos_renyi:              0.3047  topo_regular:                  0.3073
topo_scale_free:               0.2500  topo_small_world:              0.3047
[INFO 19:45:42] train t_env: 19200 / 38400 | update: 4 / 8
[INFO 19:45:42] train Estimated time left: 54 seconds. Time passed: 54 seconds
[INFO 19:45:42] train Recent Stats | update: 4 / 8 | t_env: 19200 / 38400 | stage: regular__scale_free__erdos_renyi
train_f_c:                     0.0319  train_gini:                    0.3946  train_R_mean:                  4.2998
train_payoff_mean:             0.5001  train_pool_grown:              0.6887  train_pool:                    0.4221
loss:                          1.2550  policy_loss:                  -0.0419  value_loss:                    1.2968
mean_rollout_reward:          -2.3814  entropy:                       1.5618  actor_logit_l2:                0.0001
actor_bc_loss:                 0.0000  actor_bc_coef:                 0.0000  actor_q_coef:                  0.4656
actor_grad_norm:               0.0000  critic_grad_norm:              1.0426  actor_lr:                      0.0001
critic_lr:                     0.0000  replay_size:               12000.0000  replay_demo:                   0.0000
replay_pool_demo:              0.0000  replay_teacher:                0.0000  replay_collapse:               0.0000
teacher_takeover:              0.0000  rollout_sps:                 454.4682  rollout_collect_s:            11.1129
worker_collect_s:              5.9399  env_step_s:                    0.7849  inference_wait_s:              0.0000
infer_build_s:                 0.0000  local_forward_s:               4.1254  action_to_numpy_s:             0.0420
transition_encode_s:           0.2173  stack_transitions_s:           0.0157  shm_serialize_s:               0.0080
shm_deserialize_s:             0.0019  rollout_wait_s:                1.1125  overlap_s:                     8.0733
actor_sync_s:                  0.1410  actor_publish_s:               0.0102  actor_sync_server_s:           0.0000
actor_sync_worker_s:           0.1308  replay_extend_s:               1.4812  replay_sample_s:               0.0121
to_device_s:                   0.0015  critic_update_s:               0.3368  actor_update_s:                0.0000
target_update_s:               0.0000  learner_update_s:             10.2532  eval_s:                        0.0000
infer_batch_mean:              4.0000  infer_batch_max:               4.0000  uniform:                       0.0000
proportional:                  0.0000  constant_mix:                  0.0000  pool_power_mix:                0.0000
random_logits:                 0.0000  actor_logits:                  1.0000  src_long_term:                 0.4082
src_recent:                    0.5918  topo_erdos_renyi:              0.2910  topo_regular:                  0.2930
topo_scale_free:               0.2500  topo_small_world:              0.2910
Curriculum: update=5, stage=all_topologies, train=['regular', 'scale_free', 'erdos_renyi', 'small_world'], train_weights=[0.2, 0.5, 0.15, 0.15], eval=['regular', 'scale_free', 'erdos_renyi', 'small_world']
[INFO 19:45:54] train t_env: 24000 / 38400 | update: 5 / 8
[INFO 19:45:54] train Estimated time left: 40 seconds. Time passed: 1 minutes, 7 seconds
[INFO 19:45:54] train Recent Stats | update: 5 / 8 | t_env: 24000 / 38400 | stage: all_topologies
train_f_c:                     0.0355  train_gini:                    0.3942  train_R_mean:                  4.4780
train_payoff_mean:             0.5345  train_pool_grown:              0.7600  train_pool:                    0.4591
loss:                          1.2322  policy_loss:                  -0.0567  value_loss:                    1.2889
mean_rollout_reward:          -2.3450  entropy:                       1.5594  actor_logit_l2:                0.0001
actor_bc_loss:                 0.0000  actor_bc_coef:                 0.0000  actor_q_coef:                  0.5725
actor_grad_norm:               0.0000  critic_grad_norm:              1.0504  actor_lr:                      0.0001
critic_lr:                     0.0000  replay_size:               14400.0000  replay_demo:                   0.0000
replay_pool_demo:              0.0000  replay_teacher:                0.0000  replay_collapse:               0.0000
teacher_takeover:              0.0000  rollout_sps:                 439.7117  rollout_collect_s:            11.4121
worker_collect_s:              5.9747  env_step_s:                    0.7746  inference_wait_s:              0.0000
infer_build_s:                 0.0000  local_forward_s:               4.1673  action_to_numpy_s:             0.0421
transition_encode_s:           0.2155  stack_transitions_s:           0.0158  shm_serialize_s:               0.0079
shm_deserialize_s:             0.0016  rollout_wait_s:                1.1468  overlap_s:                     8.7236
actor_sync_s:                  0.1423  actor_publish_s:               0.0086  actor_sync_server_s:           0.0000
actor_sync_worker_s:           0.1336  replay_extend_s:               1.4332  replay_sample_s:               0.0116
to_device_s:                   0.0015  critic_update_s:               0.3447  actor_update_s:                0.0000
target_update_s:               0.0000  learner_update_s:             10.4639  eval_s:                        0.0000
infer_batch_mean:              4.0000  infer_batch_max:               4.0000  uniform:                       0.0000
proportional:                  0.0000  constant_mix:                  0.0000  pool_power_mix:                0.0000
random_logits:                 0.0000  actor_logits:                  1.0000  src_long_term:                 0.4078
src_recent:                    0.5922  topo_erdos_renyi:              0.2828  topo_regular:                  0.2844
topo_scale_free:               0.2500  topo_small_world:              0.2828
[INFO 19:46:08] train t_env: 28800 / 38400 | update: 6 / 8
[INFO 19:46:08] train Estimated time left: 27 seconds. Time passed: 1 minutes, 20 seconds
[INFO 19:46:08] train Recent Stats | update: 6 / 8 | t_env: 28800 / 38400 | stage: all_topologies
train_f_c:                     0.0399  train_gini:                    0.4034  train_R_mean:                  4.6763
train_payoff_mean:             0.5758  train_pool_grown:              0.8657  train_pool:                    0.5203
loss:                          1.2334  policy_loss:                  -0.0794  value_loss:                    1.3128
mean_rollout_reward:          -2.3508  entropy:                       1.5539  actor_logit_l2:                0.0002
actor_bc_loss:                 0.0000  actor_bc_coef:                 0.0000  actor_q_coef:                  0.7150
actor_grad_norm:               0.0000  critic_grad_norm:              1.0849  actor_lr:                      0.0001
critic_lr:                     0.0000  replay_size:               19200.0000  replay_demo:                   0.0000
replay_pool_demo:              0.0000  replay_teacher:                0.0000  replay_collapse:               0.0000
teacher_takeover:              0.0000  rollout_sps:                 388.2026  rollout_collect_s:            12.4995
worker_collect_s:              5.9995  env_step_s:                    0.7780  inference_wait_s:              0.0000
infer_build_s:                 0.0000  local_forward_s:               4.1811  action_to_numpy_s:             0.0421
transition_encode_s:           0.2173  stack_transitions_s:           0.0163  shm_serialize_s:               0.0077
shm_deserialize_s:             0.0006  rollout_wait_s:                1.3835  overlap_s:                    11.1160
actor_sync_s:                  0.1326  actor_publish_s:               0.0084  actor_sync_server_s:           0.0000
actor_sync_worker_s:           0.1242  replay_extend_s:               1.3456  replay_sample_s:               0.0228
to_device_s:                   0.0015  critic_update_s:               0.3624  actor_update_s:                0.0000
target_update_s:               0.0000  learner_update_s:             11.0940  eval_s:                        0.0000
infer_batch_mean:              4.0000  infer_batch_max:               4.0000  uniform:                       0.0000
proportional:                  0.0000  constant_mix:                  0.0000  pool_power_mix:                0.0000
random_logits:                 0.0000  actor_logits:                  1.0000  src_long_term:                 0.4070
src_recent:                    0.5930  topo_erdos_renyi:              0.2664  topo_regular:                  0.2672
topo_scale_free:               0.2500  topo_small_world:              0.2664
[INFO 19:46:21] train t_env: 33600 / 38400 | update: 7 / 8
[INFO 19:46:21] train Estimated time left: 13 seconds. Time passed: 1 minutes, 33 seconds
[INFO 19:46:21] train Recent Stats | update: 7 / 8 | t_env: 33600 / 38400 | stage: all_topologies
train_f_c:                     0.0429  train_gini:                    0.4051  train_R_mean:                  4.8646
train_payoff_mean:             0.6122  train_pool_grown:              0.9584  train_pool:                    0.5746
loss:                          1.1926  policy_loss:                  -0.1045  value_loss:                    1.2971
mean_rollout_reward:          -2.3302  entropy:                       1.5463  actor_logit_l2:                0.0003
actor_bc_loss:                 0.0000  actor_bc_coef:                 0.0000  actor_q_coef:                  0.8575
actor_grad_norm:               0.0000  critic_grad_norm:              1.0829  actor_lr:                      0.0001
critic_lr:                     0.0000  replay_size:               24000.0000  replay_demo:                   0.0000
replay_pool_demo:              0.0000  replay_teacher:                0.0000  replay_collapse:               0.0000
teacher_takeover:              0.0000  rollout_sps:                 367.9836  rollout_collect_s:            13.0502
worker_collect_s:              6.0327  env_step_s:                    0.7776  inference_wait_s:              0.0000
infer_build_s:                 0.0000  local_forward_s:               4.2112  action_to_numpy_s:             0.0415
transition_encode_s:           0.2170  stack_transitions_s:           0.0163  shm_serialize_s:               0.0078
shm_deserialize_s:             0.0006  rollout_wait_s:                1.3245  overlap_s:                    11.7257
actor_sync_s:                  0.1165  actor_publish_s:               0.0025  actor_sync_server_s:           0.0000
actor_sync_worker_s:           0.1141  replay_extend_s:               1.2861  replay_sample_s:               0.0235
to_device_s:                   0.0015  critic_update_s:               0.3739  actor_update_s:                0.0000
target_update_s:               0.0000  learner_update_s:             11.6971  eval_s:                        0.0000
infer_batch_mean:              4.0000  infer_batch_max:               4.0000  uniform:                       0.0000
proportional:                  0.0000  constant_mix:                  0.0000  pool_power_mix:                0.0000
random_logits:                 0.0000  actor_logits:                  1.0000  src_long_term:                 0.4062
src_recent:                    0.5938  topo_erdos_renyi:              0.2500  topo_regular:                  0.2500
topo_scale_free:               0.2500  topo_small_world:              0.2500
[INFO 19:46:36] train t_env: 38400 / 38400 | update: 8 / 8
[INFO 19:46:36] train Estimated time left: 0 seconds. Time passed: 1 minutes, 48 seconds
[INFO 19:46:36] train Recent Stats | update: 8 / 8 | t_env: 38400 / 38400 | stage: all_topologies
train_f_c:                     0.0442  train_gini:                    0.4001  train_R_mean:                  4.8870
train_payoff_mean:             0.6193  train_pool_grown:              0.9674  train_pool:                    0.5763
f_c:                           0.0075  gini:                          0.2214  return_mean:                 -42.6168
R_mean:                        8.7740  payoff_mean:                   1.1719  pool_grown_mean:               3.0977
pool_mean:                     1.9258  R_total_mean:                438.6990  collapse_rate:                 0.7500
loss:                          1.1647  policy_loss:                  -0.1290  value_loss:                    1.2937
mean_rollout_reward:          -2.2943  entropy:                       1.5469  actor_logit_l2:                0.0009
actor_bc_loss:                 0.0000  actor_bc_coef:                 0.0000  actor_q_coef:                  0.9525
actor_grad_norm:               0.0001  critic_grad_norm:              1.1181  actor_lr:                      0.0001
critic_lr:                     0.0000  replay_size:               28800.0000  replay_demo:                   0.0000
replay_pool_demo:              0.0000  replay_teacher:                0.0000  replay_collapse:               0.0000
teacher_takeover:              0.0000  rollout_sps:                 366.4592  rollout_collect_s:            13.1063
worker_collect_s:              6.0849  env_step_s:                    0.7859  inference_wait_s:              0.0000
infer_build_s:                 0.0000  local_forward_s:               4.2586  action_to_numpy_s:             0.0418
transition_encode_s:           0.2188  stack_transitions_s:           0.0165  shm_serialize_s:               0.0080
shm_deserialize_s:             0.0006  rollout_wait_s:                1.3149  overlap_s:                    11.7914
actor_sync_s:                  0.1142  actor_publish_s:               0.0024  actor_sync_server_s:           0.0000
actor_sync_worker_s:           0.1118  replay_extend_s:               1.2756  replay_sample_s:               0.0240
to_device_s:                   0.0015  critic_update_s:               0.3653  actor_update_s:                0.0000
target_update_s:               0.0000  learner_update_s:             11.7685  eval_s:                        0.2731
infer_batch_mean:              4.0000  infer_batch_max:               4.0000  uniform:                       0.0000
proportional:                  0.0000  constant_mix:                  0.0000  pool_power_mix:                0.0000
random_logits:                 0.0000  actor_logits:                  1.0000  src_long_term:                 0.4062
src_recent:                    0.5938  topo_erdos_renyi:              0.2500  topo_regular:                  0.2500
topo_scale_free:               0.2500  topo_small_world:              0.2500
[INFO 19:46:36] train Latest eval | f_c=0.0075, gini=0.2214, return=-42.6168, R=8.7740, payoff=1.1719, pool_grown=3.0977, pool=1.9258, collapse_rate=0.7500
