Console Log: /home/QinYiHang/Code/GNN_SPGG/outputs/Pool_dynamic_scan/n50_ba_m2__proportional__piecewise_linear_degree_scaled__fermi__r1p25/train.log
================================================================================
Experiment: n50_ba_m2__proportional__piecewise_linear_degree_scaled__fermi__r1p25
Run mode  : proportional
Network   : scale_free
Graph     : nodes=50, edges=97, degree_min=2, degree_max=19, degree_mean=3.880
Dynamics  : alpha=0.5, r=1.25, p_mode=dynamic, p_c=20.0, episode_length=1000
Consume   : mode=piecewise_linear, fixed_mode=degree_scaled, degree_multiplier=1.0, rate=0.05, threshold=4.0
Strategy  : rule=fermi, beta=1.0
Reward    : lambda_payoff=1.0, lambda_cooperation=0.0, lambda_total_resource=0.0, lambda_gini=0.0
Reg       : actor_wd=0.0, critic_wd=0.0, actor_entropy_coef=0.0, actor_logit_l2_coef=0.0
================================================================================
[Episode 001] return=3234.206979, final_actual_cooperation=0.560000, final_gini=0.638784
[INFO 16:38:44] rollout episode: 1 / 5
[INFO 16:38:44] rollout Estimated time left: 7 seconds. Time passed: 2 seconds
[Episode 002] return=2750.225168, final_actual_cooperation=0.500000, final_gini=0.668895
[INFO 16:38:46] rollout episode: 2 / 5
[INFO 16:38:46] rollout Estimated time left: 6 seconds. Time passed: 4 seconds
[Episode 003] return=2789.413314, final_actual_cooperation=0.500000, final_gini=0.616380
[INFO 16:38:48] rollout episode: 3 / 5
[INFO 16:38:48] rollout Estimated time left: 4 seconds. Time passed: 6 seconds
[Episode 004] return=3310.261463, final_actual_cooperation=0.540000, final_gini=0.617879
[INFO 16:38:50] rollout episode: 4 / 5
[INFO 16:38:50] rollout Estimated time left: 2 seconds. Time passed: 7 seconds
[Episode 005] return=3121.418518, final_actual_cooperation=0.540000, final_gini=0.638300
[INFO 16:38:52] rollout episode: 5 / 5
[INFO 16:38:52] rollout Estimated time left: 0 seconds. Time passed: 9 seconds
Final summary:
{
  "return_mean": 3041.1050882801705,
  "return_std": 229.84499928093572,
  "final_cooperation_mean": 0.528,
  "final_actual_cooperation_mean": 0.528,
  "final_mean_resource_mean": 29.117927873296292,
  "final_mean_pool_grown_mean": 18.29126033031296,
  "final_consumption_mean": 2.7622963936648146,
  "final_mean_consumption_mean": 2.7622963936648146,
  "final_mean_payoff_mean": 2.762296393664815,
  "final_gini_mean": 0.63604758220578
}
Results saved to: /home/QinYiHang/Code/GNN_SPGG/outputs/Pool_dynamic_scan/n50_ba_m2__proportional__piecewise_linear_degree_scaled__fermi__r1p25/results.json
