Console Log: /home/QinYiHang/Code/GNN_SPGG/outputs/Pool_dynamic_scan/n50_regular_d4__uniform__piecewise_linear_degree_scaled__q_learning__r2p25/train.log
================================================================================
Experiment: n50_regular_d4__uniform__piecewise_linear_degree_scaled__q_learning__r2p25
Run mode  : uniform
Network   : regular
Graph     : nodes=50, edges=100, degree_min=4, degree_max=4, degree_mean=4.000
Dynamics  : alpha=0.5, r=2.25, p_mode=dynamic, p_c=20.0, episode_length=1000
Consume   : mode=piecewise_linear, fixed_mode=degree_scaled, degree_multiplier=1.0, rate=0.05, threshold=4.0
Strategy  : rule=q_learning, state=none, lr=0.1, gamma=0.1, epsilon=0.05, q0=0.0
Reward    : lambda_payoff=1.0, lambda_cooperation=0.0, lambda_total_resource=0.0, lambda_gini=0.0
Reg       : actor_wd=0.0, critic_wd=0.0, actor_entropy_coef=0.0, actor_logit_l2_coef=0.0
================================================================================
[Episode 001] return=1777.435458, final_actual_cooperation=0.000000, final_gini=0.000000
[INFO 16:38:53] rollout episode: 1 / 5
[INFO 16:38:53] rollout Estimated time left: 10 seconds. Time passed: 3 seconds
[Episode 002] return=1419.453426, final_actual_cooperation=0.000000, final_gini=0.000000
[INFO 16:38:56] rollout episode: 2 / 5
[INFO 16:38:56] rollout Estimated time left: 9 seconds. Time passed: 6 seconds
[Episode 003] return=1591.909332, final_actual_cooperation=0.000000, final_gini=0.000000
[INFO 16:38:59] rollout episode: 3 / 5
[INFO 16:38:59] rollout Estimated time left: 6 seconds. Time passed: 8 seconds
[Episode 004] return=1151.858654, final_actual_cooperation=0.000000, final_gini=0.000000
[INFO 16:39:02] rollout episode: 4 / 5
[INFO 16:39:02] rollout Estimated time left: 3 seconds. Time passed: 12 seconds
[Episode 005] return=1117.137822, final_actual_cooperation=0.000000, final_gini=0.000000
[INFO 16:39:04] rollout episode: 5 / 5
[INFO 16:39:04] rollout Estimated time left: 0 seconds. Time passed: 14 seconds
Final summary:
{
  "return_mean": 1411.5589384032971,
  "return_std": 253.21226141493247,
  "final_cooperation_mean": 0.0,
  "final_actual_cooperation_mean": 0.0,
  "final_mean_resource_mean": 0.0,
  "final_mean_pool_grown_mean": 0.0,
  "final_consumption_mean": 0.0,
  "final_mean_consumption_mean": 0.0,
  "final_mean_payoff_mean": 0.0,
  "final_gini_mean": 0.0
}
Results saved to: /home/QinYiHang/Code/GNN_SPGG/outputs/Pool_dynamic_scan/n50_regular_d4__uniform__piecewise_linear_degree_scaled__q_learning__r2p25/results.json
