Console Log: /home/QinYiHang/Code/GNN_SPGG/outputs/Pool_dynamic_scan/n50_regular_d4__proportional__piecewise_linear_constant__q_learning__r2p25/train.log
================================================================================
Experiment: n50_regular_d4__proportional__piecewise_linear_constant__q_learning__r2p25
Run mode  : proportional
Network   : regular
Graph     : nodes=50, edges=100, degree_min=4, degree_max=4, degree_mean=4.000
Dynamics  : alpha=0.5, r=2.25, p_mode=dynamic, p_c=20.0, episode_length=1000
Consume   : mode=piecewise_linear, fixed_mode=constant, fixed=4, rate=0.05, threshold=4.0
Strategy  : rule=q_learning, state=none, lr=0.1, gamma=0.1, epsilon=0.05, q0=0.0
Reward    : lambda_payoff=1.0, lambda_cooperation=0.0, lambda_total_resource=0.0, lambda_gini=0.0
Reg       : actor_wd=0.0, critic_wd=0.0, actor_entropy_coef=0.0, actor_logit_l2_coef=0.0
================================================================================
[Episode 001] return=4719.307972, final_actual_cooperation=0.460000, final_gini=0.660423
[INFO 16:38:20] rollout episode: 1 / 5
[INFO 16:38:20] rollout Estimated time left: 17 seconds. Time passed: 4 seconds
[Episode 002] return=3897.782445, final_actual_cooperation=0.380000, final_gini=0.704317
[INFO 16:38:24] rollout episode: 2 / 5
[INFO 16:38:24] rollout Estimated time left: 13 seconds. Time passed: 8 seconds
[Episode 003] return=3783.808772, final_actual_cooperation=0.400000, final_gini=0.730928
[INFO 16:38:27] rollout episode: 3 / 5
[INFO 16:38:27] rollout Estimated time left: 7 seconds. Time passed: 11 seconds
[Episode 004] return=4679.470572, final_actual_cooperation=0.440000, final_gini=0.688731
[INFO 16:38:29] rollout episode: 4 / 5
[INFO 16:38:29] rollout Estimated time left: 3 seconds. Time passed: 14 seconds
[Episode 005] return=4607.828937, final_actual_cooperation=0.400000, final_gini=0.703451
[INFO 16:38:32] rollout episode: 5 / 5
[INFO 16:38:32] rollout Estimated time left: 0 seconds. Time passed: 16 seconds
Final summary:
{
  "return_mean": 4337.639739509791,
  "return_std": 408.8335455053716,
  "final_cooperation_mean": 0.41600000000000004,
  "final_actual_cooperation_mean": 0.41600000000000004,
  "final_mean_resource_mean": 39.900557668191894,
  "final_mean_pool_grown_mean": 23.52,
  "final_consumption_mean": 3.612373946073366,
  "final_mean_consumption_mean": 3.612373946073366,
  "final_mean_payoff_mean": 3.7934526927979326,
  "final_gini_mean": 0.6975700544044202
}
Results saved to: /home/QinYiHang/Code/GNN_SPGG/outputs/Pool_dynamic_scan/n50_regular_d4__proportional__piecewise_linear_constant__q_learning__r2p25/results.json
