Console Log: /home/QinYiHang/Code/GNN_SPGG/outputs/Pool_dynamic_scan/n50_ws_k4_p0p1__proportional__piecewise_linear_degree_scaled__fermi__r2p25/train.log
================================================================================
Experiment: n50_ws_k4_p0p1__proportional__piecewise_linear_degree_scaled__fermi__r2p25
Run mode  : proportional
Network   : small_world
Graph     : nodes=50, edges=100, degree_min=3, degree_max=6, degree_mean=4.000
Dynamics  : alpha=0.5, r=2.25, p_mode=dynamic, p_c=20.0, episode_length=1000
Consume   : mode=piecewise_linear, fixed_mode=degree_scaled, degree_multiplier=1.0, rate=0.05, threshold=4.0
Strategy  : rule=fermi, beta=1.0
Reward    : lambda_payoff=1.0, lambda_cooperation=0.0, lambda_total_resource=0.0, lambda_gini=0.0
Reg       : actor_wd=0.0, critic_wd=0.0, actor_entropy_coef=0.0, actor_logit_l2_coef=0.0
================================================================================
[Episode 001] return=3097.163415, final_actual_cooperation=0.320000, final_gini=0.764408
[INFO 16:38:43] rollout episode: 1 / 5
[INFO 16:38:43] rollout Estimated time left: 7 seconds. Time passed: 2 seconds
[Episode 002] return=3271.171542, final_actual_cooperation=0.300000, final_gini=0.822579
[INFO 16:38:46] rollout episode: 2 / 5
[INFO 16:38:46] rollout Estimated time left: 7 seconds. Time passed: 4 seconds
[Episode 003] return=3121.306103, final_actual_cooperation=0.360000, final_gini=0.778286
[INFO 16:38:48] rollout episode: 3 / 5
[INFO 16:38:48] rollout Estimated time left: 4 seconds. Time passed: 6 seconds
[Episode 004] return=2715.180187, final_actual_cooperation=0.300000, final_gini=0.777418
[INFO 16:38:49] rollout episode: 4 / 5
[INFO 16:38:49] rollout Estimated time left: 2 seconds. Time passed: 8 seconds
[Episode 005] return=2718.919742, final_actual_cooperation=0.320000, final_gini=0.774734
[INFO 16:38:51] rollout episode: 5 / 5
[INFO 16:38:51] rollout Estimated time left: 0 seconds. Time passed: 9 seconds
Final summary:
{
  "return_mean": 2984.7481977069597,
  "return_std": 226.5635694228754,
  "final_cooperation_mean": 0.32,
  "final_actual_cooperation_mean": 0.32,
  "final_mean_resource_mean": 20.555151515151515,
  "final_mean_pool_grown_mean": 13.225333333333333,
  "final_consumption_mean": 2.179757575757576,
  "final_mean_consumption_mean": 2.179757575757576,
  "final_mean_payoff_mean": 2.179757575757576,
  "final_gini_mean": 0.7834850469609129
}
Results saved to: /home/QinYiHang/Code/GNN_SPGG/outputs/Pool_dynamic_scan/n50_ws_k4_p0p1__proportional__piecewise_linear_degree_scaled__fermi__r2p25/results.json
