Console Log: /home/QinYiHang/Code/GNN_SPGG/outputs/GNN_SPGG/spgg_CNN_warmup1_Node50_12workers_1GPU_3_25/train.log
================================================================================
Experiment: spgg_CNN_warmup1_Node50_12workers_1GPU_3_25
Run mode  : gnn_train
Network   : regular
Graph     : nodes=50, edges=100, degree_min=4, degree_max=4, degree_mean=4.000
Dynamics  : alpha=0.5, r=2, p_max=100.0, episode_length=150
Consume   : mode=piecewise_linear, fixed_mode=degree_scaled, degree_multiplier=1.0, rate=0.05, threshold=4.0
Strategy  : rule=q_learning, state=none, lr=0.1, gamma=0.1, epsilon=0.05, q0=0.0
Reward    : lambda_payoff=1.0, lambda_cooperation=0.0, lambda_gini=0.0
Reg       : actor_wd=0.0, critic_wd=0.0, actor_entropy_coef=0.0, actor_logit_l2_coef=0.0
================================================================================
Train CFG : steps_per_update=1500, source=training.steps_per_update, total_env_steps=15000000 (training.total_env_steps), total_updates=2500, warmup_env_steps=1 (training.warmup_env_steps)
Train DEV : learner_device=cuda:1, rollout_device=cuda:0, rollout_mode=centralized, rollout_batch_timeout_ms=2.0, rollout_num_threads=1
Eval CFG  : mode=custom_env_families(4), periodic_eval_episodes=8, eval_interval_env_steps=2000000 (training.eval_interval_env_steps), eval_interval_updates=334
Curriculum: regular_only@1[regular:1.00] | regular_plus_scale_free@1001[regular:0.70,scale_free:0.30] | all_topologies@1751[regular:0.40,scale_free:0.30,erdos_renyi:0.15,small_world:0.15]
TensorBoard: log_dir=/home/QinYiHang/Code/GNN_SPGG/outputs/GNN_SPGG/spgg_CNN_warmup1_Node50_12workers_1GPU_3_25/tensorboard/0325_220353
Curriculum: update=1, stage=regular_only, train=['regular'], train_weights=[1.0], eval=['regular']
[INFO 22:08:57] train t_env: 6000 / 15000000 | update: 1 / 2500
[INFO 22:08:57] train Estimated time left: 211 hours, 2 minutes, 14 seconds. Time passed: 5 minutes, 4 seconds
[INFO 22:08:57] train Recent Stats | update: 1 / 2500 | t_env: 6000 / 15000000 | stage: regular_only
train_f_c:                     0.2070  train_gini:                    0.3748  train_R_mean:                319.4831
train_payoff_mean:            19.4508  train_pool_grown:             35.4525  train_pool:                   16.0818
loss:                       1198.5973  policy_loss:                  -0.0297  value_loss:                 1198.6270
mean_rollout_reward:          19.4508  entropy:                       1.6094  actor_logit_l2:                0.0048
actor_lr:                      0.0001  critic_lr:                     0.0001  replay_size:                6000.0000
rollout_sps:                  21.1917  rollout_collect_s:           283.1291  worker_collect_s:            282.7422
env_step_s:                    7.9629  inference_wait_s:            272.1048  local_forward_s:               0.0000
learner_update_s:             20.7498  infer_batch_mean:              2.1442  infer_batch_max:               3.0000
uniform:                       0.0000  proportional:                  0.0000  constant_mix:                  0.0000
pool_power_mix:                0.0000  random_logits:                 0.0002  actor_logits:                  0.9998
[INFO 22:13:19] train t_env: 12000 / 15000000 | update: 2 / 2500
[INFO 22:13:19] train Estimated time left: 196 hours, 31 minutes, 12 seconds. Time passed: 9 minutes, 26 seconds
[INFO 22:13:19] train Recent Stats | update: 2 / 2500 | t_env: 12000 / 15000000 | stage: regular_only
train_f_c:                     0.2127  train_gini:                    0.3725  train_R_mean:                329.2729
train_payoff_mean:            20.0208  train_pool_grown:             36.6336  train_pool:                   16.6908
loss:                       1305.9853  policy_loss:                  -0.0583  value_loss:                 1306.0436
mean_rollout_reward:          20.0208  entropy:                       1.6094  actor_logit_l2:                0.0049
actor_lr:                      0.0001  critic_lr:                     0.0001  replay_size:                9000.0000
rollout_sps:                  22.9424  rollout_collect_s:           263.0562  worker_collect_s:            262.7262
env_step_s:                    7.8482  inference_wait_s:            252.2986  local_forward_s:               0.0000
learner_update_s:             20.0442  infer_batch_mean:              2.3231  infer_batch_max:               3.5000
uniform:                       0.0000  proportional:                  0.0000  constant_mix:                  0.0000
pool_power_mix:                0.0000  random_logits:                 0.0001  actor_logits:                  0.9999
[INFO 22:17:40] train t_env: 18000 / 15000000 | update: 3 / 2500
[INFO 22:17:40] train Estimated time left: 191 hours, 19 minutes, 22 seconds. Time passed: 13 minutes, 48 seconds
[INFO 22:17:40] train Recent Stats | update: 3 / 2500 | t_env: 18000 / 15000000 | stage: regular_only
train_f_c:                     0.2131  train_gini:                    0.3703  train_R_mean:                330.7086
train_payoff_mean:            20.1009  train_pool_grown:             36.7546  train_pool:                   16.7303
loss:                       1269.6398  policy_loss:                  -0.0862  value_loss:                 1269.7260
mean_rollout_reward:          20.1009  entropy:                       1.6094  actor_logit_l2:                0.0050
actor_lr:                      0.0001  critic_lr:                     0.0001  replay_size:               12000.0000
rollout_sps:                  23.5295  rollout_collect_s:           256.3299  worker_collect_s:            256.0167
env_step_s:                    7.7581  inference_wait_s:            245.7043  local_forward_s:               0.0000
learner_update_s:             19.4027  infer_batch_mean:              2.3821  infer_batch_max:               3.3333
uniform:                       0.0000  proportional:                  0.0000  constant_mix:                  0.0000
pool_power_mix:                0.0000  random_logits:                 0.0001  actor_logits:                  0.9999
