Console Log: /home/QinYiHang/Code/GNN_SPGG/outputs/perf_baseline/spgg_GNN_12workers_20length_Fermi_Teacher-Return_Critic__baseline__20260402_200750__online_local_g8/train.log
================================================================================
Experiment: spgg_GNN_12workers_20length_Fermi_Teacher-Return_Critic__baseline__20260402_200750__online_local_g8
Run mode  : gnn_train
Network   : regular
Graph     : nodes=50, edges=100, degree_min=4, degree_max=4, degree_mean=4.000
Dynamics  : alpha=0.5, r=0.75, p_mode=dynamic, p_c=50.0, episode_length=20
Consume   : mode=piecewise_linear, fixed_mode=degree_scaled, degree_multiplier=1.0, rate=0.05, threshold=5.0
Strategy  : rule=fermi, beta=1.0
Reward    : lambda_payoff=0.0, lambda_cooperation=5.0, lambda_total_resource=0.04043126684636118, lambda_collapse=1, lambda_gini=5.0
Reg       : actor_wd=0.0, critic_wd=0.0, actor_entropy_coef=0.0005, actor_logit_l2_coef=5e-05
================================================================================
Train CFG : steps_per_update=400, source=training.steps_per_update, total_env_steps=38400 (training.total_updates, excludes warmup), warmup_env_steps=0 (training.warmup_env_steps), total_rollout_env_steps=38400, total_updates=8
Train DEV : learner_device=cuda:2, rollout_device=cuda:2, rollout_mode=local, rollout_batch_timeout_ms=2.0, rollout_num_threads=1, num_envs_per_worker=4, overlap_rollout_update=True
Replay CFG: strategy=topology_stratified_mixed, capacity=500000, topology_names=regular,erdos_renyi,small_world,scale_free, recent=0.50, long_term=0.35, demo=0.15, demo_source=pool_power_mix, collapse_cap_per_topology=0.20
Stab CFG : teacher_takeover=False(0.8->0.0, end@0.3), actor_q_coef=0.05->1.0 end@0.5, critic_loss=huber, huber_delta=1.0, grad_clip(actor=5.0, critic=5.0)
Eval CFG  : mode=custom_env_families(4), periodic_eval_episodes=2, eval_interval_env_steps=38400 (training.eval_interval), eval_interval_updates=8
Curriculum: regular__small_world@1[regular:0.40,small_world:0.40,erdos_renyi:0.20] | regular__scale_free__erdos_renyi@2[regular:0.25,small_world:0.25,erdos_renyi:0.25,scale_free:0.25] | all_topologies@5[regular:0.20,scale_free:0.50,erdos_renyi:0.15,small_world:0.15]
Curriculum: update=1, stage=regular__small_world, train=['regular', 'small_world', 'erdos_renyi'], train_weights=[0.4, 0.4, 0.2], eval=['regular', 'small_world', 'erdos_renyi']
[INFO 20:08:27] train t_env: 4800 / 38400 | update: 1 / 8
[INFO 20:08:27] train Estimated time left: 1 minutes, 52 seconds. Time passed: 16 seconds
[INFO 20:08:27] train Recent Stats | update: 1 / 8 | t_env: 4800 / 38400 | stage: regular__small_world
train_f_c:                     0.0233  train_gini:                    0.3633  train_R_mean:                  3.8845
train_payoff_mean:             0.4197  train_pool_grown:              0.4874  train_pool:                    0.3043
loss:                          1.2629  policy_loss:                   0.0395  value_loss:                    1.2234
mean_rollout_reward:          -2.3070  entropy:                       1.5744  actor_logit_l2:                0.0106
actor_bc_loss:                 0.0000  actor_bc_coef:                 0.0000  actor_q_coef:                  0.2875
actor_grad_norm:               0.0000  critic_grad_norm:              1.0762  actor_lr:                      0.0001
critic_lr:                     0.0000  replay_size:                4800.0000  replay_demo:                   0.0000
replay_pool_demo:              0.0000  replay_teacher:                0.0000  replay_collapse:               0.0000
teacher_takeover:              0.0000  rollout_sps:                 449.8526  rollout_collect_s:            10.6702
worker_collect_s:              9.0768  env_step_s:                    0.7637  inference_wait_s:              0.0000
infer_build_s:                 0.0000  local_forward_s:               6.9255  action_to_numpy_s:             0.0915
transition_encode_s:           0.2000  stack_transitions_s:           0.0141  shm_serialize_s:               0.0086
shm_deserialize_s:             0.0101  rollout_wait_s:                0.0000  overlap_s:                     0.0000
actor_sync_s:                  0.4580  actor_publish_s:               0.0032  actor_sync_server_s:           0.0000
actor_sync_worker_s:           0.4549  replay_extend_s:               1.3167  replay_sample_s:               0.0958
to_device_s:                   0.0959  critic_update_s:               3.7982  actor_update_s:                0.6812
target_update_s:               0.0093  learner_update_s:              4.6869  eval_s:                        0.0000
infer_batch_mean:              4.0000  infer_batch_max:               4.0000  uniform:                       0.0000
proportional:                  0.0000  constant_mix:                  0.0000  pool_power_mix:                0.0000
random_logits:                 0.0000  actor_logits:                  1.0000  src_long_term:                 0.4102
src_recent:                    0.5898  topo_erdos_renyi:              0.3320  topo_regular:                  0.3359
topo_small_world:              0.3320
Curriculum: update=2, stage=regular__scale_free__erdos_renyi, train=['regular', 'small_world', 'erdos_renyi', 'scale_free'], train_weights=[0.25, 0.25, 0.25, 0.25], eval=['regular', 'small_world', 'erdos_renyi', 'scale_free']
[INFO 20:08:42] train t_env: 9600 / 38400 | update: 2 / 8
[INFO 20:08:42] train Estimated time left: 1 minutes, 33 seconds. Time passed: 31 seconds
[INFO 20:08:42] train Recent Stats | update: 2 / 8 | t_env: 9600 / 38400 | stage: regular__scale_free__erdos_renyi
train_f_c:                     0.0301  train_gini:                    0.3835  train_R_mean:                  4.2070
train_payoff_mean:             0.4849  train_pool_grown:              0.6416  train_pool:                    0.3935
loss:                          1.2718  policy_loss:                   0.0388  value_loss:                    1.2329
mean_rollout_reward:          -2.3448  entropy:                       1.5760  actor_logit_l2:                0.0096
actor_bc_loss:                 0.0000  actor_bc_coef:                 0.0000  actor_q_coef:                  0.2875
actor_grad_norm:               0.0000  critic_grad_norm:              1.0890  actor_lr:                      0.0001
critic_lr:                     0.0000  replay_size:                7200.0000  replay_demo:                   0.0000
replay_pool_demo:              0.0000  replay_teacher:                0.0000  replay_collapse:               0.0000
teacher_takeover:              0.0000  rollout_sps:                 389.1136  rollout_collect_s:            12.6438
worker_collect_s:             11.0202  env_step_s:                    0.7915  inference_wait_s:              0.0000
infer_build_s:                 0.0000  local_forward_s:               8.5458  action_to_numpy_s:             0.1257
transition_encode_s:           0.1995  stack_transitions_s:           0.0138  shm_serialize_s:               0.0075
shm_deserialize_s:             0.0058  rollout_wait_s:                3.4694  overlap_s:                     3.8394
actor_sync_s:                  0.3242  actor_publish_s:               0.0076  actor_sync_server_s:           0.0000
actor_sync_worker_s:           0.3165  replay_extend_s:               1.3229  replay_sample_s:               0.2185
to_device_s:                   0.1893  critic_update_s:               4.8498  actor_update_s:                0.9079
target_update_s:               0.0101  learner_update_s:              6.1827  eval_s:                        0.0000
infer_batch_mean:              4.0000  infer_batch_max:               4.0000  uniform:                       0.0000
proportional:                  0.0000  constant_mix:                  0.0000  pool_power_mix:                0.0000
random_logits:                 0.0000  actor_logits:                  1.0000  src_long_term:                 0.4102
src_recent:                    0.5898  topo_erdos_renyi:              0.3320  topo_regular:                  0.3359
topo_small_world:              0.3320
