Console Log: /home/QinYiHang/Code/GNN_SPGG/outputs/Pool_dynamic_scan/n50_ba_m2__proportional__piecewise_linear_constant__q_learning__r1p75/train.log
================================================================================
Experiment: n50_ba_m2__proportional__piecewise_linear_constant__q_learning__r1p75
Run mode  : proportional
Network   : scale_free
Graph     : nodes=50, edges=97, degree_min=2, degree_max=19, degree_mean=3.880
Dynamics  : alpha=0.5, r=1.75, p_mode=dynamic, p_c=20.0, episode_length=1000
Consume   : mode=piecewise_linear, fixed_mode=constant, fixed=4, rate=0.05, threshold=4.0
Strategy  : rule=q_learning, state=none, lr=0.1, gamma=0.1, epsilon=0.05, q0=0.0
Reward    : lambda_payoff=1.0, lambda_cooperation=0.0, lambda_total_resource=0.0, lambda_gini=0.0
Reg       : actor_wd=0.0, critic_wd=0.0, actor_entropy_coef=0.0, actor_logit_l2_coef=0.0
================================================================================
[Episode 001] return=3871.206849, final_actual_cooperation=0.400000, final_gini=0.726299
[INFO 16:38:20] rollout episode: 1 / 5
[INFO 16:38:20] rollout Estimated time left: 18 seconds. Time passed: 4 seconds
[Episode 002] return=3619.376410, final_actual_cooperation=0.380000, final_gini=0.753504
[INFO 16:38:24] rollout episode: 2 / 5
[INFO 16:38:24] rollout Estimated time left: 13 seconds. Time passed: 8 seconds
[Episode 003] return=3527.602204, final_actual_cooperation=0.400000, final_gini=0.728593
[INFO 16:38:27] rollout episode: 3 / 5
[INFO 16:38:27] rollout Estimated time left: 7 seconds. Time passed: 11 seconds
[Episode 004] return=3619.166834, final_actual_cooperation=0.440000, final_gini=0.676504
[INFO 16:38:29] rollout episode: 4 / 5
[INFO 16:38:29] rollout Estimated time left: 3 seconds. Time passed: 14 seconds
[Episode 005] return=4017.647879, final_actual_cooperation=0.380000, final_gini=0.747902
[INFO 16:38:32] rollout episode: 5 / 5
[INFO 16:38:32] rollout Estimated time left: 0 seconds. Time passed: 16 seconds
Final summary:
{
  "return_mean": 3731.0000350058567,
  "return_std": 183.39144655729578,
  "final_cooperation_mean": 0.4,
  "final_actual_cooperation_mean": 0.4,
  "final_mean_resource_mean": 33.78866024683769,
  "final_mean_pool_grown_mean": 20.71500597647966,
  "final_consumption_mean": 3.249594668706247,
  "final_mean_consumption_mean": 3.249594668706247,
  "final_mean_payoff_mean": 3.3583615414189985,
  "final_gini_mean": 0.7265603672593636
}
Results saved to: /home/QinYiHang/Code/GNN_SPGG/outputs/Pool_dynamic_scan/n50_ba_m2__proportional__piecewise_linear_constant__q_learning__r1p75/results.json
