Console Log: /home/QinYiHang/Code/GNN_SPGG/outputs/Pool_dynamic_scan/n50_ws_k4_p0p1__proportional__piecewise_linear_degree_scaled__q_learning__r0p75/train.log
================================================================================
Experiment: n50_ws_k4_p0p1__proportional__piecewise_linear_degree_scaled__q_learning__r0p75
Run mode  : proportional
Network   : small_world
Graph     : nodes=50, edges=100, degree_min=3, degree_max=6, degree_mean=4.000
Dynamics  : alpha=0.5, r=0.75, p_mode=dynamic, p_c=20.0, episode_length=1000
Consume   : mode=piecewise_linear, fixed_mode=degree_scaled, degree_multiplier=1.0, rate=0.05, threshold=4.0
Strategy  : rule=q_learning, state=none, lr=0.1, gamma=0.1, epsilon=0.05, q0=0.0
Reward    : lambda_payoff=1.0, lambda_cooperation=0.0, lambda_total_resource=0.0, lambda_gini=0.0
Reg       : actor_wd=0.0, critic_wd=0.0, actor_entropy_coef=0.0, actor_logit_l2_coef=0.0
================================================================================
[Episode 001] return=2815.043346, final_actual_cooperation=0.300000, final_gini=0.792985
[INFO 16:38:20] rollout episode: 1 / 5
[INFO 16:38:20] rollout Estimated time left: 17 seconds. Time passed: 4 seconds
[Episode 002] return=2824.448580, final_actual_cooperation=0.300000, final_gini=0.776328
[INFO 16:38:26] rollout episode: 2 / 5
[INFO 16:38:26] rollout Estimated time left: 16 seconds. Time passed: 11 seconds
[Episode 003] return=2681.711904, final_actual_cooperation=0.280000, final_gini=0.799760
[INFO 16:38:29] rollout episode: 3 / 5
[INFO 16:38:29] rollout Estimated time left: 9 seconds. Time passed: 13 seconds
[Episode 004] return=2903.311610, final_actual_cooperation=0.280000, final_gini=0.784512
[INFO 16:38:32] rollout episode: 4 / 5
[INFO 16:38:32] rollout Estimated time left: 4 seconds. Time passed: 16 seconds
[Episode 005] return=2700.567072, final_actual_cooperation=0.280000, final_gini=0.781138
[INFO 16:38:34] rollout episode: 5 / 5
[INFO 16:38:34] rollout Estimated time left: 0 seconds. Time passed: 19 seconds
Final summary:
{
  "return_mean": 2785.016502347911,
  "return_std": 82.76929253446853,
  "final_cooperation_mean": 0.28800000000000003,
  "final_actual_cooperation_mean": 0.28800000000000003,
  "final_mean_resource_mean": 16.594727337521732,
  "final_mean_pool_grown_mean": 11.069334771609103,
  "final_consumption_mean": 1.8811117061136708,
  "final_mean_consumption_mean": 1.8811117061136708,
  "final_mean_payoff_mean": 1.9416049213619817,
  "final_gini_mean": 0.7869447162606837
}
Results saved to: /home/QinYiHang/Code/GNN_SPGG/outputs/Pool_dynamic_scan/n50_ws_k4_p0p1__proportional__piecewise_linear_degree_scaled__q_learning__r0p75/results.json
