Console Log: /home/QinYiHang/Code/GNN_SPGG/outputs/Pool_dynamic_scan/n50_er_k4__proportional__piecewise_linear_degree_scaled__q_learning__r1p25/train.log
================================================================================
Experiment: n50_er_k4__proportional__piecewise_linear_degree_scaled__q_learning__r1p25
Run mode  : proportional
Network   : erdos_renyi
ER Params : target_mean_degree=4.0, edge_prob=0.0816327
Graph     : nodes=50, edges=89, degree_min=0, degree_max=8, degree_mean=3.560
Dynamics  : alpha=0.5, r=1.25, p_mode=dynamic, p_c=20.0, episode_length=1000
Consume   : mode=piecewise_linear, fixed_mode=degree_scaled, degree_multiplier=1.0, rate=0.05, threshold=4.0
Strategy  : rule=q_learning, state=none, lr=0.1, gamma=0.1, epsilon=0.05, q0=0.0
Reward    : lambda_payoff=1.0, lambda_cooperation=0.0, lambda_total_resource=0.0, lambda_gini=0.0
Reg       : actor_wd=0.0, critic_wd=0.0, actor_entropy_coef=0.0, actor_logit_l2_coef=0.0
================================================================================
[Episode 001] return=3190.241342, final_actual_cooperation=0.460000, final_gini=0.704962
[INFO 16:38:20] rollout episode: 1 / 5
[INFO 16:38:20] rollout Estimated time left: 16 seconds. Time passed: 4 seconds
[Episode 002] return=3711.955799, final_actual_cooperation=0.480000, final_gini=0.673848
[INFO 16:38:25] rollout episode: 2 / 5
[INFO 16:38:25] rollout Estimated time left: 15 seconds. Time passed: 10 seconds
[Episode 003] return=2929.160075, final_actual_cooperation=0.460000, final_gini=0.666275
[INFO 16:38:28] rollout episode: 3 / 5
[INFO 16:38:28] rollout Estimated time left: 8 seconds. Time passed: 12 seconds
[Episode 004] return=3370.369484, final_actual_cooperation=0.480000, final_gini=0.708337
[INFO 16:38:31] rollout episode: 4 / 5
[INFO 16:38:31] rollout Estimated time left: 4 seconds. Time passed: 15 seconds
[Episode 005] return=3587.875160, final_actual_cooperation=0.460000, final_gini=0.661439
[INFO 16:38:33] rollout episode: 5 / 5
[INFO 16:38:33] rollout Estimated time left: 0 seconds. Time passed: 18 seconds
Final summary:
{
  "return_mean": 3357.9203717914875,
  "return_std": 279.40183189032575,
  "final_cooperation_mean": 0.46799999999999997,
  "final_actual_cooperation_mean": 0.46799999999999997,
  "final_mean_resource_mean": 30.455703497021887,
  "final_mean_pool_grown_mean": 19.177211301154294,
  "final_consumption_mean": 2.774810813510842,
  "final_mean_consumption_mean": 2.774810813510842,
  "final_mean_payoff_mean": 2.6622980403158913,
  "final_gini_mean": 0.6829725501486469
}
Results saved to: /home/QinYiHang/Code/GNN_SPGG/outputs/Pool_dynamic_scan/n50_er_k4__proportional__piecewise_linear_degree_scaled__q_learning__r1p25/results.json
