Console Log: /home/QinYiHang/Code/GNN_SPGG/outputs/GNN_SPGG/spgg_CNN_Node50_12workers_2GPU_3_25/train.log
================================================================================
Experiment: spgg_CNN_Node50_12workers_2GPU_3_25
Run mode  : gnn_train
Network   : regular
Graph     : nodes=50, edges=100, degree_min=4, degree_max=4, degree_mean=4.000
Dynamics  : alpha=0.5, r=2, p_max=100.0, episode_length=150
Consume   : mode=piecewise_linear, fixed_mode=degree_scaled, degree_multiplier=1.0, rate=0.05, threshold=4.0
Strategy  : rule=q_learning, state=none, lr=0.1, gamma=0.1, epsilon=0.05, q0=0.0
Reward    : lambda_payoff=1.0, lambda_cooperation=0.0, lambda_gini=0.0
Reg       : actor_wd=0.0, critic_wd=0.0, actor_entropy_coef=0.0, actor_logit_l2_coef=0.0
================================================================================
Train CFG : steps_per_update=1500, source=training.steps_per_update, total_env_steps=15012000 (training.total_env_steps), total_updates=834, warmup_env_steps=6000 (training.warmup_env_steps)
Train DEV : learner_device=cuda:1, rollout_device=cuda:0, rollout_mode=centralized, rollout_batch_timeout_ms=2.0, rollout_num_threads=1
Eval CFG  : mode=custom_env_families(4), periodic_eval_episodes=8, eval_interval_env_steps=2000000 (training.eval_interval_env_steps), eval_interval_updates=112
Curriculum: regular_only@1[regular:1.00] | regular_plus_scale_free@334[regular:0.70,scale_free:0.30] | all_topologies@584[regular:0.40,scale_free:0.30,erdos_renyi:0.15,small_world:0.15]
TensorBoard: log_dir=/home/QinYiHang/Code/GNN_SPGG/outputs/GNN_SPGG/spgg_CNN_Node50_12workers_2GPU_3_25/tensorboard/0325_191239
Curriculum: update=1, stage=regular_only, train=['regular'], train_weights=[1.0], eval=['regular']
[INFO 19:16:03] train t_env: 18000 / 15012000 | update: 1 / 834
[INFO 19:16:03] train Estimated time left: 47 hours, 17 minutes, 44 seconds. Time passed: 3 minutes, 24 seconds
[INFO 19:16:03] train Recent Stats | update: 1 / 834 | t_env: 18000 / 15012000 | stage: regular_only
train_f_c:                     0.3312  train_gini:                    0.3623  train_R_mean:                309.3010
train_payoff_mean:            19.5162  train_pool_grown:             51.0078  train_pool:                   31.5384
loss:                       1280.5704  policy_loss:                  -0.0091  value_loss:                 1280.5795
mean_rollout_reward:          19.5162  entropy:                       1.6094  actor_logit_l2:                0.0971
actor_lr:                      0.0001  critic_lr:                     0.0001  replay_size:               18000.0000
rollout_sps:                  95.8666  rollout_collect_s:           187.7608  worker_collect_s:            187.1778
env_step_s:                    6.4752  inference_wait_s:            178.1859  local_forward_s:               0.0000
learner_update_s:             16.4229  infer_batch_mean:              8.6515  infer_batch_max:              11.0000
uniform:                       0.0444  proportional:                  0.1167  constant_mix:                  0.0611
pool_power_mix:                0.0556  random_logits:                 0.0556  actor_logits:                  0.6667
