Console Log: /home/QinYiHang/Code/GNN_SPGG/outputs/Pool_dynamic_scan/n50_ws_k4_p0p1__uniform__piecewise_linear_constant__q_learning__r1p25/train.log
================================================================================
Experiment: n50_ws_k4_p0p1__uniform__piecewise_linear_constant__q_learning__r1p25
Run mode  : uniform
Network   : small_world
Graph     : nodes=50, edges=100, degree_min=3, degree_max=6, degree_mean=4.000
Dynamics  : alpha=0.5, r=1.25, p_mode=dynamic, p_c=20.0, episode_length=1000
Consume   : mode=piecewise_linear, fixed_mode=constant, fixed=4, rate=0.05, threshold=4.0
Strategy  : rule=q_learning, state=none, lr=0.1, gamma=0.1, epsilon=0.05, q0=0.0
Reward    : lambda_payoff=1.0, lambda_cooperation=0.0, lambda_total_resource=0.0, lambda_gini=0.0
Reg       : actor_wd=0.0, critic_wd=0.0, actor_entropy_coef=0.0, actor_logit_l2_coef=0.0
================================================================================
[Episode 001] return=400.623567, final_actual_cooperation=0.000000, final_gini=0.000000
[INFO 16:38:48] rollout episode: 1 / 5
[INFO 16:38:48] rollout Estimated time left: 10 seconds. Time passed: 3 seconds
[Episode 002] return=758.753829, final_actual_cooperation=0.000000, final_gini=0.000000
[INFO 16:38:51] rollout episode: 2 / 5
[INFO 16:38:51] rollout Estimated time left: 9 seconds. Time passed: 6 seconds
[Episode 003] return=62.481776, final_actual_cooperation=0.000000, final_gini=0.000000
[INFO 16:38:54] rollout episode: 3 / 5
[INFO 16:38:54] rollout Estimated time left: 6 seconds. Time passed: 8 seconds
[Episode 004] return=410.911333, final_actual_cooperation=0.000000, final_gini=0.000000
[INFO 16:38:56] rollout episode: 4 / 5
[INFO 16:38:56] rollout Estimated time left: 3 seconds. Time passed: 11 seconds
[Episode 005] return=463.081301, final_actual_cooperation=0.000000, final_gini=0.000000
[INFO 16:38:59] rollout episode: 5 / 5
[INFO 16:38:59] rollout Estimated time left: 0 seconds. Time passed: 13 seconds
Final summary:
{
  "return_mean": 419.1703612479597,
  "return_std": 221.3070466602631,
  "final_cooperation_mean": 0.0,
  "final_actual_cooperation_mean": 0.0,
  "final_mean_resource_mean": 0.0,
  "final_mean_pool_grown_mean": 0.0,
  "final_consumption_mean": 0.0,
  "final_mean_consumption_mean": 0.0,
  "final_mean_payoff_mean": 0.0,
  "final_gini_mean": 0.0
}
Results saved to: /home/QinYiHang/Code/GNN_SPGG/outputs/Pool_dynamic_scan/n50_ws_k4_p0p1__uniform__piecewise_linear_constant__q_learning__r1p25/results.json
