Console Log: /home/QinYiHang/Code/GNN_SPGG/outputs/GNN_SPGG/spgg_CNN_Node50_4workers_2GPU_3_25/train.log
================================================================================
Experiment: spgg_CNN_Node50_4workers_2GPU_3_25
Run mode  : gnn_train
Network   : regular
Graph     : nodes=50, edges=100, degree_min=4, degree_max=4, degree_mean=4.000
Dynamics  : alpha=0.5, r=2, p_max=100.0, episode_length=150
Consume   : mode=piecewise_linear, fixed_mode=degree_scaled, degree_multiplier=1.0, rate=0.05, threshold=4.0
Strategy  : rule=q_learning, state=none, lr=0.1, gamma=0.1, epsilon=0.05, q0=0.0
Reward    : lambda_payoff=1.0, lambda_cooperation=0.0, lambda_gini=0.0
Reg       : actor_wd=0.0, critic_wd=0.0, actor_entropy_coef=0.0, actor_logit_l2_coef=0.0
================================================================================
Train CFG : steps_per_update=1500, source=training.steps_per_update, total_env_steps=15000000 (training.total_env_steps), total_updates=2500, warmup_env_steps=6000 (training.warmup_env_steps)
Train DEV : learner_device=cuda:1, rollout_device=cuda:0, rollout_mode=centralized, rollout_batch_timeout_ms=2.0, rollout_num_threads=1
Eval CFG  : mode=custom_env_families(4), periodic_eval_episodes=8, eval_interval_env_steps=2000000 (training.eval_interval_env_steps), eval_interval_updates=334
Curriculum: regular_only@1[regular:1.00] | regular_plus_scale_free@1001[regular:0.70,scale_free:0.30] | all_topologies@1751[regular:0.40,scale_free:0.30,erdos_renyi:0.15,small_world:0.15]
TensorBoard: log_dir=/home/QinYiHang/Code/GNN_SPGG/outputs/GNN_SPGG/spgg_CNN_Node50_4workers_2GPU_3_25/tensorboard/0325_190433
Curriculum: update=1, stage=regular_only, train=['regular'], train_weights=[1.0], eval=['regular']
[INFO 19:04:58] train t_env: 6000 / 15000000 | update: 1 / 2500
[INFO 19:04:58] train Estimated time left: 16 hours, 58 minutes, 5 seconds. Time passed: 24 seconds
[INFO 19:04:58] train Recent Stats | update: 1 / 2500 | t_env: 6000 / 15000000 | stage: regular_only
train_f_c:                     0.5028  train_gini:                    0.3561  train_R_mean:                221.4085
train_payoff_mean:            14.9484  train_pool_grown:             68.5551  train_pool:                   53.6295
loss:                        598.1897  policy_loss:                  -0.0140  value_loss:                  598.2037
mean_rollout_reward:          14.9484  entropy:                       1.6093  actor_logit_l2:                0.0036
actor_lr:                      0.0001  critic_lr:                     0.0001  replay_size:                6000.0000
rollout_sps:                1207.8721  rollout_collect_s:             4.9674  worker_collect_s:              4.2359
env_step_s:                    2.8882  inference_wait_s:              0.0000  local_forward_s:               0.0000
learner_update_s:             19.3534  infer_batch_mean:              0.0000  infer_batch_max:               0.0000
uniform:                       0.1250  proportional:                  0.3500  constant_mix:                  0.0500
pool_power_mix:                0.1750  random_logits:                 0.3000  actor_logits:                  0.0000
