Console Log: /home/QinYiHang/Code/GNN_SPGG/outputs/Pool_dynamic_scan/n50_regular_d4__proportional__piecewise_linear_constant__fermi__r2p25/train.log
================================================================================
Experiment: n50_regular_d4__proportional__piecewise_linear_constant__fermi__r2p25
Run mode  : proportional
Network   : regular
Graph     : nodes=50, edges=100, degree_min=4, degree_max=4, degree_mean=4.000
Dynamics  : alpha=0.5, r=2.25, p_mode=dynamic, p_c=20.0, episode_length=1000
Consume   : mode=piecewise_linear, fixed_mode=constant, fixed=4, rate=0.05, threshold=4.0
Strategy  : rule=fermi, beta=1.0
Reward    : lambda_payoff=1.0, lambda_cooperation=0.0, lambda_total_resource=0.0, lambda_gini=0.0
Reg       : actor_wd=0.0, critic_wd=0.0, actor_entropy_coef=0.0, actor_logit_l2_coef=0.0
================================================================================
[Episode 001] return=4068.100621, final_actual_cooperation=0.380000, final_gini=0.712899
[INFO 16:38:34] rollout episode: 1 / 5
[INFO 16:38:34] rollout Estimated time left: 7 seconds. Time passed: 2 seconds
[Episode 002] return=4490.030660, final_actual_cooperation=0.400000, final_gini=0.714802
[INFO 16:38:36] rollout episode: 2 / 5
[INFO 16:38:36] rollout Estimated time left: 6 seconds. Time passed: 4 seconds
[Episode 003] return=4092.694935, final_actual_cooperation=0.400000, final_gini=0.763086
[INFO 16:38:38] rollout episode: 3 / 5
[INFO 16:38:38] rollout Estimated time left: 4 seconds. Time passed: 6 seconds
[Episode 004] return=3546.173744, final_actual_cooperation=0.380000, final_gini=0.771610
[INFO 16:38:39] rollout episode: 4 / 5
[INFO 16:38:39] rollout Estimated time left: 2 seconds. Time passed: 7 seconds
[Episode 005] return=4616.877068, final_actual_cooperation=0.440000, final_gini=0.727571
[INFO 16:38:41] rollout episode: 5 / 5
[INFO 16:38:41] rollout Estimated time left: 0 seconds. Time passed: 9 seconds
Final summary:
{
  "return_mean": 4162.775405584902,
  "return_std": 376.13202937630143,
  "final_cooperation_mean": 0.4,
  "final_actual_cooperation_mean": 0.4,
  "final_mean_resource_mean": 37.25090909090909,
  "final_mean_pool_grown_mean": 23.008000000000003,
  "final_consumption_mean": 3.382545454545455,
  "final_mean_consumption_mean": 3.382545454545455,
  "final_mean_payoff_mean": 3.382545454545455,
  "final_gini_mean": 0.7379936062390435
}
Results saved to: /home/QinYiHang/Code/GNN_SPGG/outputs/Pool_dynamic_scan/n50_regular_d4__proportional__piecewise_linear_constant__fermi__r2p25/results.json
