Console Log: /home/QinYiHang/Code/GNN_SPGG/outputs/Pool_dynamic_scan/n50_er_k4__uniform__piecewise_linear_constant__q_learning__r0p75/train.log
================================================================================
Experiment: n50_er_k4__uniform__piecewise_linear_constant__q_learning__r0p75
Run mode  : uniform
Network   : erdos_renyi
ER Params : target_mean_degree=4.0, edge_prob=0.0816327
Graph     : nodes=50, edges=89, degree_min=0, degree_max=8, degree_mean=3.560
Dynamics  : alpha=0.5, r=0.75, p_mode=dynamic, p_c=20.0, episode_length=1000
Consume   : mode=piecewise_linear, fixed_mode=constant, fixed=4, rate=0.05, threshold=4.0
Strategy  : rule=q_learning, state=none, lr=0.1, gamma=0.1, epsilon=0.05, q0=0.0
Reward    : lambda_payoff=1.0, lambda_cooperation=0.0, lambda_total_resource=0.0, lambda_gini=0.0
Reg       : actor_wd=0.0, critic_wd=0.0, actor_entropy_coef=0.0, actor_logit_l2_coef=0.0
================================================================================
[Episode 001] return=112.482802, final_actual_cooperation=0.020000, final_gini=0.980000
[INFO 16:38:47] rollout episode: 1 / 5
[INFO 16:38:47] rollout Estimated time left: 11 seconds. Time passed: 3 seconds
[Episode 002] return=127.415692, final_actual_cooperation=0.020000, final_gini=0.980000
[INFO 16:38:51] rollout episode: 2 / 5
[INFO 16:38:51] rollout Estimated time left: 9 seconds. Time passed: 6 seconds
[Episode 003] return=112.177926, final_actual_cooperation=0.020000, final_gini=0.980000
[INFO 16:38:53] rollout episode: 3 / 5
[INFO 16:38:53] rollout Estimated time left: 6 seconds. Time passed: 9 seconds
[Episode 004] return=109.189592, final_actual_cooperation=0.020000, final_gini=0.980000
[INFO 16:38:56] rollout episode: 4 / 5
[INFO 16:38:56] rollout Estimated time left: 3 seconds. Time passed: 12 seconds
[Episode 005] return=13.091280, final_actual_cooperation=0.000000, final_gini=0.000000
[INFO 16:38:59] rollout episode: 5 / 5
[INFO 16:38:59] rollout Estimated time left: 0 seconds. Time passed: 14 seconds
Final summary:
{
  "return_mean": 94.8714584395263,
  "return_std": 41.38068848781306,
  "final_cooperation_mean": 0.016,
  "final_actual_cooperation_mean": 0.016,
  "final_mean_resource_mean": 0.4563256118684558,
  "final_mean_pool_grown_mean": 0.32,
  "final_consumption_mean": 0.08359173465205064,
  "final_mean_consumption_mean": 0.08359173465205064,
  "final_mean_payoff_mean": 0.08408265347949359,
  "final_gini_mean": 0.7839999999972511
}
Results saved to: /home/QinYiHang/Code/GNN_SPGG/outputs/Pool_dynamic_scan/n50_er_k4__uniform__piecewise_linear_constant__q_learning__r0p75/results.json
