Console Log: /home/QinYiHang/Code/GNN_SPGG/outputs/Pool_dynamic_scan/n50_er_k4__proportional__piecewise_linear_constant__q_learning__r0p25/train.log
================================================================================
Experiment: n50_er_k4__proportional__piecewise_linear_constant__q_learning__r0p25
Run mode  : proportional
Network   : erdos_renyi
ER Params : target_mean_degree=4.0, edge_prob=0.0816327
Graph     : nodes=50, edges=89, degree_min=0, degree_max=8, degree_mean=3.560
Dynamics  : alpha=0.5, r=0.25, p_mode=dynamic, p_c=20.0, episode_length=1000
Consume   : mode=piecewise_linear, fixed_mode=constant, fixed=4, rate=0.05, threshold=4.0
Strategy  : rule=q_learning, state=none, lr=0.1, gamma=0.1, epsilon=0.05, q0=0.0
Reward    : lambda_payoff=1.0, lambda_cooperation=0.0, lambda_total_resource=0.0, lambda_gini=0.0
Reg       : actor_wd=0.0, critic_wd=0.0, actor_entropy_coef=0.0, actor_logit_l2_coef=0.0
================================================================================
[Episode 001] return=10.812603, final_actual_cooperation=0.000000, final_gini=0.000000
[INFO 16:38:20] rollout episode: 1 / 5
[INFO 16:38:20] rollout Estimated time left: 19 seconds. Time passed: 5 seconds
[Episode 002] return=12.139453, final_actual_cooperation=0.000000, final_gini=0.000000
[INFO 16:38:27] rollout episode: 2 / 5
[INFO 16:38:27] rollout Estimated time left: 17 seconds. Time passed: 11 seconds
[Episode 003] return=9.948719, final_actual_cooperation=0.000000, final_gini=0.000000
[INFO 16:38:32] rollout episode: 3 / 5
[INFO 16:38:32] rollout Estimated time left: 11 seconds. Time passed: 16 seconds
[Episode 004] return=10.147097, final_actual_cooperation=0.000000, final_gini=0.000000
[INFO 16:38:35] rollout episode: 4 / 5
[INFO 16:38:35] rollout Estimated time left: 5 seconds. Time passed: 19 seconds
[Episode 005] return=11.539430, final_actual_cooperation=0.000000, final_gini=0.000000
[INFO 16:38:37] rollout episode: 5 / 5
[INFO 16:38:37] rollout Estimated time left: 0 seconds. Time passed: 22 seconds
Final summary:
{
  "return_mean": 10.917460333286712,
  "return_std": 0.8274088008135225,
  "final_cooperation_mean": 0.0,
  "final_actual_cooperation_mean": 0.0,
  "final_mean_resource_mean": 0.0,
  "final_mean_pool_grown_mean": 0.0,
  "final_consumption_mean": 0.0,
  "final_mean_consumption_mean": 0.0,
  "final_mean_payoff_mean": 0.0,
  "final_gini_mean": 0.0
}
Results saved to: /home/QinYiHang/Code/GNN_SPGG/outputs/Pool_dynamic_scan/n50_er_k4__proportional__piecewise_linear_constant__q_learning__r0p25/results.json
