Console Log: /home/QinYiHang/Code/GNN_SPGG/outputs/Pool_dynamic_scan/n50_regular_d4__uniform__piecewise_linear_constant__q_learning__r1p25/train.log
================================================================================
Experiment: n50_regular_d4__uniform__piecewise_linear_constant__q_learning__r1p25
Run mode  : uniform
Network   : regular
Graph     : nodes=50, edges=100, degree_min=4, degree_max=4, degree_mean=4.000
Dynamics  : alpha=0.5, r=1.25, p_mode=dynamic, p_c=20.0, episode_length=1000
Consume   : mode=piecewise_linear, fixed_mode=constant, fixed=4, rate=0.05, threshold=4.0
Strategy  : rule=q_learning, state=none, lr=0.1, gamma=0.1, epsilon=0.05, q0=0.0
Reward    : lambda_payoff=1.0, lambda_cooperation=0.0, lambda_total_resource=0.0, lambda_gini=0.0
Reg       : actor_wd=0.0, critic_wd=0.0, actor_entropy_coef=0.0, actor_logit_l2_coef=0.0
================================================================================
[Episode 001] return=44.853491, final_actual_cooperation=0.000000, final_gini=0.000000
[INFO 16:38:46] rollout episode: 1 / 5
[INFO 16:38:46] rollout Estimated time left: 10 seconds. Time passed: 3 seconds
[Episode 002] return=984.598669, final_actual_cooperation=0.000000, final_gini=0.000000
[INFO 16:38:49] rollout episode: 2 / 5
[INFO 16:38:49] rollout Estimated time left: 9 seconds. Time passed: 6 seconds
[Episode 003] return=31.373588, final_actual_cooperation=0.000000, final_gini=0.000000
[INFO 16:38:52] rollout episode: 3 / 5
[INFO 16:38:52] rollout Estimated time left: 6 seconds. Time passed: 9 seconds
[Episode 004] return=15.137745, final_actual_cooperation=0.000000, final_gini=0.000000
[INFO 16:38:54] rollout episode: 4 / 5
[INFO 16:38:54] rollout Estimated time left: 3 seconds. Time passed: 11 seconds
[Episode 005] return=394.135042, final_actual_cooperation=0.000000, final_gini=0.000000
[INFO 16:38:57] rollout episode: 5 / 5
[INFO 16:38:57] rollout Estimated time left: 0 seconds. Time passed: 14 seconds
Final summary:
{
  "return_mean": 294.01970699785454,
  "return_std": 373.0319875825368,
  "final_cooperation_mean": 0.0,
  "final_actual_cooperation_mean": 0.0,
  "final_mean_resource_mean": 0.0,
  "final_mean_pool_grown_mean": 0.0,
  "final_consumption_mean": 0.0,
  "final_mean_consumption_mean": 0.0,
  "final_mean_payoff_mean": 0.0,
  "final_gini_mean": 0.0
}
Results saved to: /home/QinYiHang/Code/GNN_SPGG/outputs/Pool_dynamic_scan/n50_regular_d4__uniform__piecewise_linear_constant__q_learning__r1p25/results.json
