Console Log: /home/QinYiHang/Code/GNN_SPGG/outputs/GNN_SPGG/spgg_CNN_demo1_4workers_2GPU_3_25/train.log
================================================================================
Experiment: spgg_CNN_demo1_4workers_2GPU_3_25
Run mode  : gnn_train
Network   : regular
Graph     : nodes=100, edges=200, degree_min=4, degree_max=4, degree_mean=4.000
Dynamics  : alpha=0.5, r=2, p_max=100.0, episode_length=150
Consume   : mode=piecewise_linear, fixed_mode=degree_scaled, degree_multiplier=1.0, rate=0.05, threshold=4.0
Strategy  : rule=q_learning, state=none, lr=0.1, gamma=0.1, epsilon=0.05, q0=0.0
Reward    : lambda_payoff=1.0, lambda_cooperation=0.0, lambda_gini=0.0
Reg       : actor_wd=0.0, critic_wd=0.0, actor_entropy_coef=0.0, actor_logit_l2_coef=0.0
================================================================================
Train CFG : steps_per_update=1500, source=training.steps_per_update, total_env_steps=15000000 (training.total_env_steps), total_updates=2500, warmup_env_steps=6000 (training.warmup_env_steps)
Train DEV : learner_device=cuda:3, rollout_device=cuda:2, rollout_mode=centralized, rollout_batch_timeout_ms=2.0, rollout_num_threads=1
Eval CFG  : mode=custom_env_families(4), periodic_eval_episodes=8, eval_interval_env_steps=2000000 (training.eval_interval_env_steps), eval_interval_updates=334
Curriculum: regular_only@1[regular:1.00] | regular_plus_scale_free@1001[regular:0.70,scale_free:0.30] | all_topologies@1751[regular:0.40,scale_free:0.30,erdos_renyi:0.15,small_world:0.15]
TensorBoard: log_dir=/home/QinYiHang/Code/GNN_SPGG/outputs/GNN_SPGG/spgg_CNN_demo1_4workers_2GPU_3_25/tensorboard/0325_182841
Curriculum: update=1, stage=regular_only, train=['regular'], train_weights=[1.0], eval=['regular']
[INFO 18:31:00] train t_env: 6000 / 15000000 | update: 1 / 2500
[INFO 18:31:00] train Estimated time left: 96 hours, 0 minutes, 3 seconds. Time passed: 2 minutes, 18 seconds
[INFO 18:31:00] train Recent Stats | update: 1 / 2500 | t_env: 6000 / 15000000 | stage: regular_only
train_f_c:                     0.4960  train_gini:                    0.3550  train_R_mean:                232.6653
train_payoff_mean:            15.6164  train_pool_grown:             65.9547  train_pool:                   50.3749
loss:                        720.4986  policy_loss:                  -0.0104  value_loss:                  720.5090
mean_rollout_reward:          15.6164  entropy:                       1.6094  actor_logit_l2:                0.0973
actor_lr:                      0.0001  critic_lr:                     0.0001  replay_size:                6000.0000
rollout_sps:                 736.1666  rollout_collect_s:             8.1503  worker_collect_s:              7.1109
env_step_s:                    5.0974  inference_wait_s:              0.0000  local_forward_s:               0.0000
learner_update_s:            130.0002  infer_batch_mean:              0.0000  infer_batch_max:               0.0000
uniform:                       0.1750  proportional:                  0.2500  constant_mix:                  0.0500
pool_power_mix:                0.2250  random_logits:                 0.3000  actor_logits:                  0.0000
Console Log: /home/QinYiHang/Code/GNN_SPGG/outputs/GNN_SPGG/spgg_CNN_demo1_4workers_2GPU_3_25/train.log
================================================================================
Experiment: spgg_CNN_demo1_4workers_2GPU_3_25
Run mode  : gnn_train
Network   : regular
Graph     : nodes=100, edges=200, degree_min=4, degree_max=4, degree_mean=4.000
Dynamics  : alpha=0.5, r=2, p_max=100.0, episode_length=150
Consume   : mode=piecewise_linear, fixed_mode=degree_scaled, degree_multiplier=1.0, rate=0.05, threshold=4.0
Strategy  : rule=q_learning, state=none, lr=0.1, gamma=0.1, epsilon=0.05, q0=0.0
Reward    : lambda_payoff=1.0, lambda_cooperation=0.0, lambda_gini=0.0
Reg       : actor_wd=0.0, critic_wd=0.0, actor_entropy_coef=0.0, actor_logit_l2_coef=0.0
================================================================================
Train CFG : steps_per_update=1500, source=training.steps_per_update, total_env_steps=15000000 (training.total_env_steps), total_updates=2500, warmup_env_steps=6000 (training.warmup_env_steps)
Train DEV : learner_device=cuda:3, rollout_device=cuda:2, rollout_mode=centralized, rollout_batch_timeout_ms=2.0, rollout_num_threads=1
Eval CFG  : mode=custom_env_families(4), periodic_eval_episodes=8, eval_interval_env_steps=2000000 (training.eval_interval_env_steps), eval_interval_updates=334
Curriculum: regular_only@1[regular:1.00] | regular_plus_scale_free@1001[regular:0.70,scale_free:0.30] | all_topologies@1751[regular:0.40,scale_free:0.30,erdos_renyi:0.15,small_world:0.15]
TensorBoard: log_dir=/home/QinYiHang/Code/GNN_SPGG/outputs/GNN_SPGG/spgg_CNN_demo1_4workers_2GPU_3_25/tensorboard/0325_183142
Curriculum: update=1, stage=regular_only, train=['regular'], train_weights=[1.0], eval=['regular']
[INFO 18:34:08] train t_env: 6000 / 15000000 | update: 1 / 2500
[INFO 18:34:08] train Estimated time left: 101 hours, 25 minutes, 3 seconds. Time passed: 2 minutes, 26 seconds
[INFO 18:34:08] train Recent Stats | update: 1 / 2500 | t_env: 6000 / 15000000 | stage: regular_only
train_f_c:                     0.4961  train_gini:                    0.3561  train_R_mean:                231.3319
train_payoff_mean:            15.5505  train_pool_grown:             65.8180  train_pool:                   50.3033
loss:                        702.5088  policy_loss:                  -0.3377  value_loss:                  702.8465
mean_rollout_reward:          15.5505  entropy:                       1.6094  actor_logit_l2:                0.0377
actor_lr:                      0.0001  critic_lr:                     0.0001  replay_size:                6000.0000
rollout_sps:                 681.4208  rollout_collect_s:             8.8051  worker_collect_s:              7.2553
env_step_s:                    5.2441  inference_wait_s:              0.0000  local_forward_s:               0.0000
learner_update_s:            137.1810  infer_batch_mean:              0.0000  infer_batch_max:               0.0000
uniform:                       0.1750  proportional:                  0.2500  constant_mix:                  0.0500
pool_power_mix:                0.2250  random_logits:                 0.3000  actor_logits:                  0.0000
[INFO 19:15:18] train t_env: 30000 / 15000000 | update: 5 / 2500
[INFO 19:15:18] train Estimated time left: 362 hours, 40 minutes, 16 seconds. Time passed: 43 minutes, 36 seconds
[INFO 20:02:49] train t_env: 60000 / 15000000 | update: 10 / 2500
[INFO 20:02:49] train Estimated time left: 378 hours, 9 minutes, 52 seconds. Time passed: 1 hours, 31 minutes, 7 seconds
[INFO 20:02:49] train Recent Stats | update: 10 / 2500 | t_env: 60000 / 15000000 | stage: regular_only
train_f_c:                     0.2443  train_gini:                    0.3959  train_R_mean:                324.3898
train_payoff_mean:            19.9126  train_pool_grown:             39.8946  train_pool:                   20.0533
loss:                        822.8798  policy_loss:                  -4.6762  value_loss:                  827.5560
mean_rollout_reward:          19.9126  entropy:                       1.5992  actor_logit_l2:                0.2129
actor_lr:                      0.0001  critic_lr:                     0.0001  replay_size:               33000.0000
rollout_sps:                  79.7305  rollout_collect_s:           422.3874  worker_collect_s:            421.5872
env_step_s:                   10.9004  inference_wait_s:            407.7385  local_forward_s:               0.0000
learner_update_s:            124.2943  infer_batch_mean:              2.1951  infer_batch_max:               2.9000
uniform:                       0.0175  proportional:                  0.0250  constant_mix:                  0.0050
pool_power_mix:                0.0225  random_logits:                 0.0300  actor_logits:                  0.9000
[INFO 20:51:16] train t_env: 90000 / 15000000 | update: 15 / 2500
[INFO 20:51:16] train Estimated time left: 385 hours, 21 minutes, 22 seconds. Time passed: 2 hours, 19 minutes, 34 seconds
[INFO 21:39:25] train t_env: 120000 / 15000000 | update: 20 / 2500
[INFO 21:39:25] train Estimated time left: 387 hours, 56 minutes, 56 seconds. Time passed: 3 hours, 7 minutes, 43 seconds
[INFO 21:39:25] train Recent Stats | update: 20 / 2500 | t_env: 120000 / 15000000 | stage: regular_only
train_f_c:                     0.1682  train_gini:                    0.5699  train_R_mean:                278.9242
train_payoff_mean:            17.2653  train_pool_grown:             31.2072  train_pool:                   14.0116
loss:                        143.2790  policy_loss:                 -19.4599  value_loss:                  162.7388
mean_rollout_reward:          17.2653  entropy:                       0.4561  actor_logit_l2:              104.5368
actor_lr:                      0.0001  critic_lr:                     0.0001  replay_size:               93000.0000
rollout_sps:                  13.4535  rollout_collect_s:           446.0206  worker_collect_s:            445.2818
env_step_s:                   11.4678  inference_wait_s:            430.7579  local_forward_s:               0.0000
learner_update_s:            133.4830  infer_batch_mean:              2.5000  infer_batch_max:               3.0000
uniform:                       0.0000  proportional:                  0.0000  constant_mix:                  0.0000
pool_power_mix:                0.0000  random_logits:                 0.0000  actor_logits:                  1.0000
[INFO 22:29:32] train t_env: 150000 / 15000000 | update: 25 / 2500
[INFO 22:29:32] train Estimated time left: 392 hours, 25 minutes, 29 seconds. Time passed: 3 hours, 57 minutes, 50 seconds
[INFO 23:28:45] train t_env: 180000 / 15000000 | update: 30 / 2500
[INFO 23:28:45] train Estimated time left: 407 hours, 37 minutes, 32 seconds. Time passed: 4 hours, 57 minutes, 3 seconds
[INFO 23:28:45] train Recent Stats | update: 30 / 2500 | t_env: 180000 / 15000000 | stage: regular_only
train_f_c:                     0.1561  train_gini:                    0.6002  train_R_mean:                277.2470
train_payoff_mean:            17.1413  train_pool_grown:             31.0732  train_pool:                   13.9988
loss:                         86.0473  policy_loss:                 -19.9913  value_loss:                  106.0386
mean_rollout_reward:          17.1413  entropy:                       0.0083  actor_logit_l2:              369.4203
actor_lr:                      0.0001  critic_lr:                     0.0001  replay_size:              153000.0000
rollout_sps:                  11.7882  rollout_collect_s:           515.1454  worker_collect_s:            514.3132
env_step_s:                   11.5982  inference_wait_s:            499.3024  local_forward_s:               0.0000
learner_update_s:            140.8173  infer_batch_mean:              2.4470  infer_batch_max:               3.4000
uniform:                       0.0000  proportional:                  0.0000  constant_mix:                  0.0000
pool_power_mix:                0.0000  random_logits:                 0.0000  actor_logits:                  1.0000
