Console Log: /home/QinYiHang/Code/GNN_SPGG/outputs/Pool_dynamic_scan/n50_regular_d4__proportional__piecewise_linear_constant__q_learning__r1p75/train.log
================================================================================
Experiment: n50_regular_d4__proportional__piecewise_linear_constant__q_learning__r1p75
Run mode  : proportional
Network   : regular
Graph     : nodes=50, edges=100, degree_min=4, degree_max=4, degree_mean=4.000
Dynamics  : alpha=0.5, r=1.75, p_mode=dynamic, p_c=20.0, episode_length=1000
Consume   : mode=piecewise_linear, fixed_mode=constant, fixed=4, rate=0.05, threshold=4.0
Strategy  : rule=q_learning, state=none, lr=0.1, gamma=0.1, epsilon=0.05, q0=0.0
Reward    : lambda_payoff=1.0, lambda_cooperation=0.0, lambda_total_resource=0.0, lambda_gini=0.0
Reg       : actor_wd=0.0, critic_wd=0.0, actor_entropy_coef=0.0, actor_logit_l2_coef=0.0
================================================================================
[Episode 001] return=4768.321753, final_actual_cooperation=0.440000, final_gini=0.667393
[INFO 16:38:18] rollout episode: 1 / 5
[INFO 16:38:18] rollout Estimated time left: 11 seconds. Time passed: 3 seconds
[Episode 002] return=4017.194919, final_actual_cooperation=0.340000, final_gini=0.742770
[INFO 16:38:23] rollout episode: 2 / 5
[INFO 16:38:23] rollout Estimated time left: 11 seconds. Time passed: 8 seconds
[Episode 003] return=3508.540954, final_actual_cooperation=0.360000, final_gini=0.692018
[INFO 16:38:26] rollout episode: 3 / 5
[INFO 16:38:26] rollout Estimated time left: 7 seconds. Time passed: 10 seconds
[Episode 004] return=4387.968556, final_actual_cooperation=0.420000, final_gini=0.691483
[INFO 16:38:28] rollout episode: 4 / 5
[INFO 16:38:28] rollout Estimated time left: 3 seconds. Time passed: 13 seconds
[Episode 005] return=3939.756598, final_actual_cooperation=0.340000, final_gini=0.755784
[INFO 16:38:31] rollout episode: 5 / 5
[INFO 16:38:31] rollout Estimated time left: 0 seconds. Time passed: 16 seconds
Final summary:
{
  "return_mean": 4124.356555906991,
  "return_std": 426.3735634698622,
  "final_cooperation_mean": 0.38,
  "final_actual_cooperation_mean": 0.38,
  "final_mean_resource_mean": 34.34003815726267,
  "final_mean_pool_grown_mean": 20.4,
  "final_consumption_mean": 3.2083129193976276,
  "final_mean_consumption_mean": 3.2083129193976276,
  "final_mean_payoff_mean": 3.1740926887077316,
  "final_gini_mean": 0.7098895393396487
}
Results saved to: /home/QinYiHang/Code/GNN_SPGG/outputs/Pool_dynamic_scan/n50_regular_d4__proportional__piecewise_linear_constant__q_learning__r1p75/results.json
