Console Log: /home/QinYiHang/Code/GNN_SPGG/outputs/Pool_dynamic/0402_spgg_GNN_12workers_100length_Fermi_ThresholdTeacher/train.log
================================================================================
Experiment: 0402_spgg_GNN_12workers_100length_Fermi_ThresholdTeacher
Run mode  : gnn_train
Network   : regular
Graph     : nodes=50, edges=100, degree_min=4, degree_max=4, degree_mean=4.000
Dynamics  : alpha=0.5, r=0.75, p_mode=dynamic, p_c=50.0, episode_length=100
Consume   : mode=piecewise_linear, fixed_mode=degree_scaled, degree_multiplier=1.0, rate=0.05, threshold=5.0
Strategy  : rule=fermi, beta=1.0
Reward    : lambda_payoff=0.0, lambda_cooperation=5.0, lambda_total_resource=0.04043126684636118, lambda_collapse=1, lambda_gini=5.0
Reg       : actor_wd=0.0, critic_wd=0.0, actor_entropy_coef=0.0005, actor_logit_l2_coef=5e-05
================================================================================
Train CFG : steps_per_update=400, source=training.steps_per_update, total_env_steps=30000000 (training.total_env_steps, excludes warmup), warmup_env_steps=307200 (training.warmup_env_steps), total_rollout_env_steps=30307200, total_updates=6314
Train DEV : learner_device=cuda:1, rollout_device=cuda:0, rollout_mode=local, rollout_batch_timeout_ms=2.0, rollout_num_threads=1, num_envs_per_worker=4, overlap_rollout_update=True
Replay CFG: strategy=topology_stratified_mixed, capacity=500000, topology_names=regular,erdos_renyi,small_world,scale_free, recent=0.50, long_term=0.35, demo=0.15, demo_source=pool_power_mix, collapse_cap_per_topology=0.20
Demo CFG : collection_steps=100000, behavior=pool_power_mix, use_domain_randomization=True, network_types=regular,erdos_renyi,small_world,scale_free, runtime=parallel_cpu, actor_bc_updates=5000, critic_pretrain_updates=5000, critic_target=n_step, n_step=10, batch_size=512, val_frac=0.1, eval_interval=200, patience=5, min_improve=0.01, dataset_path=None, save_ckpt=False, ckpt_name=demo_pretrained.pt, stop_after=False
Stab CFG : teacher_takeover=True(0.8->0.0, end@0.3), adaptive_release=True(return>=0.90x, actor_bc<=1.20x, critic<=1.20x, need=3/2), q_filter=True(margin=0.0, online_only=True, require_release=True), actor_q_coef=0.05->1.0 end@0.5, critic_loss=huber, huber_delta=1.0, grad_clip(actor=10.0, critic=10.0)
Eval CFG  : mode=custom_env_families(4), periodic_eval_episodes=8, eval_interval_env_steps=2000000 (training.eval_interval_env_steps), eval_interval_updates=417
Curriculum: regular__small_world@1[regular:0.30,small_world:0.30,erdos_renyi:0.20,scale_free:0.20] | regular__scale_free__erdos_renyi@948[regular:0.25,small_world:0.25,erdos_renyi:0.25,scale_free:0.25] | all_topologies@3473[regular:0.20,scale_free:0.50,erdos_renyi:0.15,small_world:0.15]
Demo Pretrain | external collection start | env_steps=100000 | behavior=pool_power_mix
Demo Pretrain | runtime=parallel_cpu | envs=48 | steps_per_sync=400
Demo Pretrain | collection progress | 9600/100000 (9.6%) | ETA=3m 00s | elapsed=19s
Demo Pretrain | collection progress | 14400/100000 (14.4%) | ETA=2m 02s | elapsed=21s
Demo Pretrain | collection progress | 19200/100000 (19.2%) | ETA=1m 32s | elapsed=22s
Demo Pretrain | collection progress | 24000/100000 (24.0%) | ETA=1m 13s | elapsed=23s
Demo Pretrain | collection progress | 28800/100000 (28.8%) | ETA=1m 00s | elapsed=24s
Demo Pretrain | collection progress | 33600/100000 (33.6%) | ETA=50s | elapsed=25s
Demo Pretrain | collection progress | 38400/100000 (38.4%) | ETA=43s | elapsed=27s
Demo Pretrain | collection progress | 43200/100000 (43.2%) | ETA=37s | elapsed=28s
Demo Pretrain | collection progress | 48000/100000 (48.0%) | ETA=32s | elapsed=29s
Demo Pretrain | collection progress | 52800/100000 (52.8%) | ETA=27s | elapsed=31s
Demo Pretrain | collection progress | 57600/100000 (57.6%) | ETA=23s | elapsed=32s
Demo Pretrain | collection progress | 62400/100000 (62.4%) | ETA=20s | elapsed=33s
Demo Pretrain | collection progress | 67200/100000 (67.2%) | ETA=17s | elapsed=34s
Demo Pretrain | collection progress | 72000/100000 (72.0%) | ETA=14s | elapsed=36s
Demo Pretrain | collection progress | 76800/100000 (76.8%) | ETA=11s | elapsed=37s
Demo Pretrain | collection progress | 81600/100000 (81.6%) | ETA=9s | elapsed=38s
Demo Pretrain | collection progress | 86400/100000 (86.4%) | ETA=6s | elapsed=40s
Demo Pretrain | collection progress | 91200/100000 (91.2%) | ETA=4s | elapsed=41s
Demo Pretrain | collection progress | 96000/100000 (96.0%) | ETA=2s | elapsed=42s
Demo Pretrain | collection progress | 100000/100000 (100.0%) | ETA=0s | elapsed=43s
Demo Pretrain | external collection done | demo_total=84995 | train=75000 | val=9995 | return_mode=n_step | target_mean=143.890701 | target_std=51.733829 | seconds=47.229
TensorBoard: log_dir=/home/QinYiHang/Code/GNN_SPGG/outputs/Pool_dynamic/0402_spgg_GNN_12workers_100length_Fermi_ThresholdTeacher/tensorboard/0402_215459
Demo Pretrain | collection done | demo_total=84995 | train=75000 | val=9995 | return_mode=n_step | target_mean=143.890701 | target_std=51.733829 | seconds=47.229
Demo Pretrain | actor BC start | updates=5000
Console Log: /home/QinYiHang/Code/GNN_SPGG/outputs/Pool_dynamic/0402_spgg_GNN_12workers_100length_Fermi_ThresholdTeacher/train.log
================================================================================
Experiment: 0402_spgg_GNN_12workers_100length_Fermi_ThresholdTeacher
Run mode  : gnn_train
Network   : regular
Graph     : nodes=50, edges=100, degree_min=4, degree_max=4, degree_mean=4.000
Dynamics  : alpha=0.5, r=0.75, p_mode=dynamic, p_c=50.0, episode_length=200
Consume   : mode=piecewise_linear, fixed_mode=degree_scaled, degree_multiplier=1.0, rate=0.05, threshold=5.0
Strategy  : rule=fermi, beta=1.0
Reward    : lambda_payoff=0.0, lambda_cooperation=5.0, lambda_total_resource=0.04043126684636118, lambda_collapse=1, lambda_gini=5.0
Reg       : actor_wd=0.0, critic_wd=0.0, actor_entropy_coef=0.0005, actor_logit_l2_coef=5e-05
================================================================================
Train CFG : steps_per_update=400, source=training.steps_per_update, total_env_steps=30000000 (training.total_env_steps, excludes warmup), warmup_env_steps=307200 (training.warmup_env_steps), total_rollout_env_steps=30307200, total_updates=6314
Train DEV : learner_device=cuda:1, rollout_device=cuda:0, rollout_mode=local, rollout_batch_timeout_ms=2.0, rollout_num_threads=1, num_envs_per_worker=4, overlap_rollout_update=True
Replay CFG: strategy=topology_stratified_mixed, capacity=500000, topology_names=regular,erdos_renyi,small_world,scale_free, recent=0.50, long_term=0.35, demo=0.15, demo_source=pool_power_mix, collapse_cap_per_topology=0.20
Demo CFG : collection_steps=100000, behavior=pool_power_mix, use_domain_randomization=True, network_types=regular,erdos_renyi,small_world,scale_free, runtime=parallel_cpu, actor_bc_updates=5000, critic_pretrain_updates=5000, critic_target=n_step, n_step=10, batch_size=256, val_frac=0.1, eval_interval=200, patience=5, min_improve=0.01, dataset_path=None, save_ckpt=False, ckpt_name=demo_pretrained.pt, stop_after=False
Stab CFG : teacher_takeover=True(0.8->0.0, end@0.3), adaptive_release=True(return>=0.90x, actor_bc<=1.20x, critic<=1.20x, need=3/2), q_filter=True(margin=0.0, online_only=True, require_release=True), actor_q_coef=0.05->1.0 end@0.5, critic_loss=huber, huber_delta=1.0, grad_clip(actor=10.0, critic=10.0)
Eval CFG  : mode=custom_env_families(4), periodic_eval_episodes=8, eval_interval_env_steps=2000000 (training.eval_interval_env_steps), eval_interval_updates=417
Curriculum: regular__small_world@1[regular:0.30,small_world:0.30,erdos_renyi:0.20,scale_free:0.20] | regular__scale_free__erdos_renyi@948[regular:0.25,small_world:0.25,erdos_renyi:0.25,scale_free:0.25] | all_topologies@3473[regular:0.20,scale_free:0.50,erdos_renyi:0.15,small_world:0.15]
Demo Pretrain | external collection start | env_steps=100000 | behavior=pool_power_mix
Demo Pretrain | runtime=parallel_cpu | envs=48 | steps_per_sync=400
Demo Pretrain | collection progress | 9600/100000 (9.6%) | ETA=3m 19s | elapsed=21s
Demo Pretrain | collection progress | 14400/100000 (14.4%) | ETA=2m 13s | elapsed=22s
Demo Pretrain | collection progress | 19200/100000 (19.2%) | ETA=1m 39s | elapsed=24s
Demo Pretrain | collection progress | 24000/100000 (24.0%) | ETA=1m 19s | elapsed=25s
Demo Pretrain | collection progress | 28800/100000 (28.8%) | ETA=1m 04s | elapsed=26s
Demo Pretrain | collection progress | 33600/100000 (33.6%) | ETA=54s | elapsed=27s
Demo Pretrain | collection progress | 38400/100000 (38.4%) | ETA=46s | elapsed=29s
Demo Pretrain | collection progress | 43200/100000 (43.2%) | ETA=39s | elapsed=30s
Demo Pretrain | collection progress | 48000/100000 (48.0%) | ETA=34s | elapsed=31s
Demo Pretrain | collection progress | 52800/100000 (52.8%) | ETA=29s | elapsed=32s
Demo Pretrain | collection progress | 57600/100000 (57.6%) | ETA=25s | elapsed=33s
Demo Pretrain | collection progress | 62400/100000 (62.4%) | ETA=21s | elapsed=35s
Demo Pretrain | collection progress | 67200/100000 (67.2%) | ETA=17s | elapsed=36s
Demo Pretrain | collection progress | 72000/100000 (72.0%) | ETA=14s | elapsed=37s
Demo Pretrain | collection progress | 76800/100000 (76.8%) | ETA=12s | elapsed=38s
Demo Pretrain | collection progress | 81600/100000 (81.6%) | ETA=9s | elapsed=39s
Demo Pretrain | collection progress | 86400/100000 (86.4%) | ETA=6s | elapsed=41s
Demo Pretrain | collection progress | 91200/100000 (91.2%) | ETA=4s | elapsed=42s
Demo Pretrain | collection progress | 96000/100000 (96.0%) | ETA=2s | elapsed=43s
Demo Pretrain | collection progress | 100000/100000 (100.0%) | ETA=0s | elapsed=44s
Demo Pretrain | external collection done | demo_total=84999 | train=75000 | val=9999 | return_mode=n_step | target_mean=143.261627 | target_std=54.951645 | seconds=48.018
TensorBoard: log_dir=/home/QinYiHang/Code/GNN_SPGG/outputs/Pool_dynamic/0402_spgg_GNN_12workers_100length_Fermi_ThresholdTeacher/tensorboard/0402_220314
Demo Pretrain | collection done | demo_total=84999 | train=75000 | val=9999 | return_mode=n_step | target_mean=143.261627 | target_std=54.951645 | seconds=48.018
Demo Pretrain | actor BC start | updates=5000
Demo Pretrain | actor_bc eval | update=200/5000 | val_bc=0.001015 | quick_eval_return=4013.502369 | patience=0/5
Demo Pretrain | actor_bc progress | 250/5000 (5.0%) | ETA=25m 31s | elapsed=1m 21s
