Console Log: /home/QinYiHang/Code/GNN_SPGG/outputs/Pool_dynamic_scan/n50_ws_k4_p0p1__proportional__piecewise_linear_degree_scaled__q_learning__r1p75/train.log
================================================================================
Experiment: n50_ws_k4_p0p1__proportional__piecewise_linear_degree_scaled__q_learning__r1p75
Run mode  : proportional
Network   : small_world
Graph     : nodes=50, edges=100, degree_min=3, degree_max=6, degree_mean=4.000
Dynamics  : alpha=0.5, r=1.75, p_mode=dynamic, p_c=20.0, episode_length=1000
Consume   : mode=piecewise_linear, fixed_mode=degree_scaled, degree_multiplier=1.0, rate=0.05, threshold=4.0
Strategy  : rule=q_learning, state=none, lr=0.1, gamma=0.1, epsilon=0.05, q0=0.0
Reward    : lambda_payoff=1.0, lambda_cooperation=0.0, lambda_total_resource=0.0, lambda_gini=0.0
Reg       : actor_wd=0.0, critic_wd=0.0, actor_entropy_coef=0.0, actor_logit_l2_coef=0.0
================================================================================
[Episode 001] return=3231.260927, final_actual_cooperation=0.320000, final_gini=0.740504
[INFO 16:38:33] rollout episode: 1 / 5
[INFO 16:38:33] rollout Estimated time left: 11 seconds. Time passed: 3 seconds
[Episode 002] return=3041.588104, final_actual_cooperation=0.340000, final_gini=0.781770
[INFO 16:38:37] rollout episode: 2 / 5
[INFO 16:38:37] rollout Estimated time left: 9 seconds. Time passed: 6 seconds
[Episode 003] return=3207.633584, final_actual_cooperation=0.360000, final_gini=0.752388
[INFO 16:38:39] rollout episode: 3 / 5
[INFO 16:38:39] rollout Estimated time left: 6 seconds. Time passed: 9 seconds
[Episode 004] return=3049.580736, final_actual_cooperation=0.320000, final_gini=0.792151
[INFO 16:38:42] rollout episode: 4 / 5
[INFO 16:38:42] rollout Estimated time left: 3 seconds. Time passed: 12 seconds
[Episode 005] return=3136.047604, final_actual_cooperation=0.360000, final_gini=0.719525
[INFO 16:38:45] rollout episode: 5 / 5
[INFO 16:38:45] rollout Estimated time left: 0 seconds. Time passed: 14 seconds
Final summary:
{
  "return_mean": 3133.222190909744,
  "return_std": 78.16563317781566,
  "final_cooperation_mean": 0.34,
  "final_actual_cooperation_mean": 0.34,
  "final_mean_resource_mean": 22.867759831812833,
  "final_mean_pool_grown_mean": 14.37447619047619,
  "final_consumption_mean": 2.411357955370284,
  "final_mean_consumption_mean": 2.411357955370284,
  "final_mean_payoff_mean": 2.699958679777446,
  "final_gini_mean": 0.7572675968069456
}
Results saved to: /home/QinYiHang/Code/GNN_SPGG/outputs/Pool_dynamic_scan/n50_ws_k4_p0p1__proportional__piecewise_linear_degree_scaled__q_learning__r1p75/results.json
