Console Log: /home/QinYiHang/Code/GNN_SPGG/outputs/Pool_dynamic_scan/n50_ba_m2__proportional__piecewise_linear_constant__q_learning__r0p75/train.log
================================================================================
Experiment: n50_ba_m2__proportional__piecewise_linear_constant__q_learning__r0p75
Run mode  : proportional
Network   : scale_free
Graph     : nodes=50, edges=97, degree_min=2, degree_max=19, degree_mean=3.880
Dynamics  : alpha=0.5, r=0.75, p_mode=dynamic, p_c=20.0, episode_length=1000
Consume   : mode=piecewise_linear, fixed_mode=constant, fixed=4, rate=0.05, threshold=4.0
Strategy  : rule=q_learning, state=none, lr=0.1, gamma=0.1, epsilon=0.05, q0=0.0
Reward    : lambda_payoff=1.0, lambda_cooperation=0.0, lambda_total_resource=0.0, lambda_gini=0.0
Reg       : actor_wd=0.0, critic_wd=0.0, actor_entropy_coef=0.0, actor_logit_l2_coef=0.0
================================================================================
[Episode 001] return=3310.998655, final_actual_cooperation=0.380000, final_gini=0.739161
[INFO 16:38:19] rollout episode: 1 / 5
[INFO 16:38:19] rollout Estimated time left: 16 seconds. Time passed: 4 seconds
[Episode 002] return=2880.870951, final_actual_cooperation=0.260000, final_gini=0.813342
[INFO 16:38:23] rollout episode: 2 / 5
[INFO 16:38:23] rollout Estimated time left: 12 seconds. Time passed: 8 seconds
[Episode 003] return=3729.404347, final_actual_cooperation=0.420000, final_gini=0.724292
[INFO 16:38:26] rollout episode: 3 / 5
[INFO 16:38:26] rollout Estimated time left: 7 seconds. Time passed: 10 seconds
[Episode 004] return=3018.231977, final_actual_cooperation=0.360000, final_gini=0.728736
[INFO 16:38:29] rollout episode: 4 / 5
[INFO 16:38:29] rollout Estimated time left: 3 seconds. Time passed: 13 seconds
[Episode 005] return=2998.511917, final_actual_cooperation=0.260000, final_gini=0.848192
[INFO 16:38:31] rollout episode: 5 / 5
[INFO 16:38:31] rollout Estimated time left: 0 seconds. Time passed: 16 seconds
Final summary:
{
  "return_mean": 3187.603569307913,
  "return_std": 305.71284515644595,
  "final_cooperation_mean": 0.33599999999999997,
  "final_actual_cooperation_mean": 0.33599999999999997,
  "final_mean_resource_mean": 27.925869928311084,
  "final_mean_pool_grown_mean": 16.868379300275834,
  "final_consumption_mean": 2.7153180392900658,
  "final_mean_consumption_mean": 2.7153180392900658,
  "final_mean_payoff_mean": 2.782827181799837,
  "final_gini_mean": 0.7707444233272297
}
Results saved to: /home/QinYiHang/Code/GNN_SPGG/outputs/Pool_dynamic_scan/n50_ba_m2__proportional__piecewise_linear_constant__q_learning__r0p75/results.json
