Console Log: /home/QinYiHang/Code/GNN_SPGG/outputs/Pool_dynamic_scan/n50_er_k4__uniform__piecewise_linear_constant__q_learning__r1p75/train.log
================================================================================
Experiment: n50_er_k4__uniform__piecewise_linear_constant__q_learning__r1p75
Run mode  : uniform
Network   : erdos_renyi
ER Params : target_mean_degree=4.0, edge_prob=0.0816327
Graph     : nodes=50, edges=89, degree_min=0, degree_max=8, degree_mean=3.560
Dynamics  : alpha=0.5, r=1.75, p_mode=dynamic, p_c=20.0, episode_length=1000
Consume   : mode=piecewise_linear, fixed_mode=constant, fixed=4, rate=0.05, threshold=4.0
Strategy  : rule=q_learning, state=none, lr=0.1, gamma=0.1, epsilon=0.05, q0=0.0
Reward    : lambda_payoff=1.0, lambda_cooperation=0.0, lambda_total_resource=0.0, lambda_gini=0.0
Reg       : actor_wd=0.0, critic_wd=0.0, actor_entropy_coef=0.0, actor_logit_l2_coef=0.0
================================================================================
[Episode 001] return=1190.458639, final_actual_cooperation=0.020000, final_gini=0.980000
[INFO 16:38:47] rollout episode: 1 / 5
[INFO 16:38:47] rollout Estimated time left: 10 seconds. Time passed: 3 seconds
[Episode 002] return=1300.783792, final_actual_cooperation=0.020000, final_gini=0.980000
[INFO 16:38:51] rollout episode: 2 / 5
[INFO 16:38:51] rollout Estimated time left: 9 seconds. Time passed: 6 seconds
[Episode 003] return=744.917628, final_actual_cooperation=0.020000, final_gini=0.980000
[INFO 16:38:53] rollout episode: 3 / 5
[INFO 16:38:53] rollout Estimated time left: 6 seconds. Time passed: 8 seconds
[Episode 004] return=865.573501, final_actual_cooperation=0.020000, final_gini=0.980000
[INFO 16:38:56] rollout episode: 4 / 5
[INFO 16:38:56] rollout Estimated time left: 3 seconds. Time passed: 11 seconds
[Episode 005] return=1065.190269, final_actual_cooperation=0.020000, final_gini=0.980000
[INFO 16:38:58] rollout episode: 5 / 5
[INFO 16:38:58] rollout Estimated time left: 0 seconds. Time passed: 14 seconds
Final summary:
{
  "return_mean": 1033.384765757261,
  "return_std": 204.23512961790553,
  "final_cooperation_mean": 0.02,
  "final_actual_cooperation_mean": 0.02,
  "final_mean_resource_mean": 0.5708739320105425,
  "final_mean_pool_grown_mean": 0.4,
  "final_consumption_mean": 0.1045415480011714,
  "final_mean_consumption_mean": 0.1045415480011714,
  "final_mean_payoff_mean": 0.1045845199882861,
  "final_gini_mean": 0.9799999999965667
}
Results saved to: /home/QinYiHang/Code/GNN_SPGG/outputs/Pool_dynamic_scan/n50_er_k4__uniform__piecewise_linear_constant__q_learning__r1p75/results.json
