Console Log: /home/QinYiHang/Code/GNN_SPGG/outputs/Pool_dynamic_scan/n50_ba_m2__uniform__piecewise_linear_degree_scaled__fermi__r1p75/train.log
================================================================================
Experiment: n50_ba_m2__uniform__piecewise_linear_degree_scaled__fermi__r1p75
Run mode  : uniform
Network   : scale_free
Graph     : nodes=50, edges=97, degree_min=2, degree_max=19, degree_mean=3.880
Dynamics  : alpha=0.5, r=1.75, p_mode=dynamic, p_c=20.0, episode_length=1000
Consume   : mode=piecewise_linear, fixed_mode=degree_scaled, degree_multiplier=1.0, rate=0.05, threshold=4.0
Strategy  : rule=fermi, beta=1.0
Reward    : lambda_payoff=1.0, lambda_cooperation=0.0, lambda_total_resource=0.0, lambda_gini=0.0
Reg       : actor_wd=0.0, critic_wd=0.0, actor_entropy_coef=0.0, actor_logit_l2_coef=0.0
================================================================================
[Episode 001] return=42.051027, final_actual_cooperation=0.000000, final_gini=0.000000
[INFO 16:39:14] rollout episode: 1 / 5
[INFO 16:39:14] rollout Estimated time left: 6 seconds. Time passed: 2 seconds
[Episode 002] return=52.616954, final_actual_cooperation=0.000000, final_gini=0.000000
[INFO 16:39:16] rollout episode: 2 / 5
[INFO 16:39:16] rollout Estimated time left: 5 seconds. Time passed: 4 seconds
[Episode 003] return=42.551957, final_actual_cooperation=0.000000, final_gini=0.000000
[INFO 16:39:17] rollout episode: 3 / 5
[INFO 16:39:17] rollout Estimated time left: 3 seconds. Time passed: 5 seconds
[Episode 004] return=9.225199, final_actual_cooperation=0.000000, final_gini=0.000000
[INFO 16:39:18] rollout episode: 4 / 5
[INFO 16:39:18] rollout Estimated time left: 2 seconds. Time passed: 6 seconds
[Episode 005] return=90.778033, final_actual_cooperation=0.000000, final_gini=0.000000
[INFO 16:39:20] rollout episode: 5 / 5
[INFO 16:39:20] rollout Estimated time left: 0 seconds. Time passed: 8 seconds
Final summary:
{
  "return_mean": 47.44463400560769,
  "return_std": 26.146857582032116,
  "final_cooperation_mean": 0.0,
  "final_actual_cooperation_mean": 0.0,
  "final_mean_resource_mean": 0.0,
  "final_mean_pool_grown_mean": 0.0,
  "final_consumption_mean": 0.0,
  "final_mean_consumption_mean": 0.0,
  "final_mean_payoff_mean": 0.0,
  "final_gini_mean": 0.0
}
Results saved to: /home/QinYiHang/Code/GNN_SPGG/outputs/Pool_dynamic_scan/n50_ba_m2__uniform__piecewise_linear_degree_scaled__fermi__r1p75/results.json
