Console Log: /home/QinYiHang/Code/GNN_SPGG/outputs/perf_baseline/spgg_GNN_12workers_20length_Fermi_Teacher-Return_Critic__baseline__20260402_193730__startup_full_stack/train.log
================================================================================
Experiment: spgg_GNN_12workers_20length_Fermi_Teacher-Return_Critic__baseline__20260402_193730__startup_full_stack
Run mode  : gnn_train
Network   : regular
Graph     : nodes=50, edges=100, degree_min=4, degree_max=4, degree_mean=4.000
Dynamics  : alpha=0.5, r=0.75, p_mode=dynamic, p_c=50.0, episode_length=20
Consume   : mode=piecewise_linear, fixed_mode=degree_scaled, degree_multiplier=1.0, rate=0.05, threshold=5.0
Strategy  : rule=fermi, beta=1.0
Reward    : lambda_payoff=0.0, lambda_cooperation=5.0, lambda_total_resource=0.04043126684636118, lambda_collapse=1, lambda_gini=5.0
Reg       : actor_wd=0.0, critic_wd=0.0, actor_entropy_coef=0.0005, actor_logit_l2_coef=5e-05
================================================================================
Train CFG : steps_per_update=400, source=training.steps_per_update, total_env_steps=0 (training.total_updates, excludes warmup), warmup_env_steps=307200 (training.warmup_env_steps), total_rollout_env_steps=19200, total_updates=4
Train DEV : learner_device=cuda:3, rollout_device=cuda:2, rollout_mode=local, rollout_batch_timeout_ms=2.0, rollout_num_threads=1, num_envs_per_worker=4, overlap_rollout_update=True
Replay CFG: strategy=topology_stratified_mixed, capacity=1000000, topology_names=regular,erdos_renyi,small_world,scale_free, recent=0.50, long_term=0.35, demo=0.15, demo_source=pool_power_mix, collapse_cap_per_topology=0.20
Demo CFG : collection_steps=100000, behavior=pool_power_mix, use_domain_randomization=True, network_types=regular,erdos_renyi,small_world,scale_free, runtime=parallel_cpu, actor_bc_updates=3000, critic_pretrain_updates=3000, critic_target=n_step, n_step=10, batch_size=512, dataset_path=None
Stab CFG : teacher_takeover=True(0.8->0.0, end@0.3), actor_q_coef=0.05->1.0 end@0.5, critic_loss=huber, huber_delta=1.0, grad_clip(actor=5.0, critic=5.0)
Eval CFG  : mode=custom_env_families(4), periodic_eval_episodes=2, eval_interval_env_steps=19200 (training.eval_interval), eval_interval_updates=4
Curriculum: regular__small_world@1[regular:0.40,small_world:0.40,erdos_renyi:0.20] | regular__scale_free__erdos_renyi@1[regular:0.25,small_world:0.25,erdos_renyi:0.25,scale_free:0.25] | all_topologies@3[regular:0.20,scale_free:0.50,erdos_renyi:0.15,small_world:0.15]
Demo Pretrain | external collection start | env_steps=100000 | behavior=pool_power_mix
Demo Pretrain | runtime=parallel_cpu | envs=48 | steps_per_sync=400
Demo Pretrain | collection progress | 9600/100000 (9.6%) | ETA=4m 10s | elapsed=27s
Demo Pretrain | collection progress | 14400/100000 (14.4%) | ETA=2m 57s | elapsed=30s
Demo Pretrain | collection progress | 19200/100000 (19.2%) | ETA=2m 17s | elapsed=33s
Demo Pretrain | collection progress | 24000/100000 (24.0%) | ETA=1m 52s | elapsed=35s
Demo Pretrain | collection progress | 28800/100000 (28.8%) | ETA=1m 35s | elapsed=38s
Demo Pretrain | collection progress | 33600/100000 (33.6%) | ETA=1m 21s | elapsed=41s
