Console Log: /home/QinYiHang/Code/GNN_SPGG/outputs/Pool_dynamic_scan/n50_er_k4__proportional__piecewise_linear_degree_scaled__q_learning__r1p75/train.log
================================================================================
Experiment: n50_er_k4__proportional__piecewise_linear_degree_scaled__q_learning__r1p75
Run mode  : proportional
Network   : erdos_renyi
ER Params : target_mean_degree=4.0, edge_prob=0.0816327
Graph     : nodes=50, edges=89, degree_min=0, degree_max=8, degree_mean=3.560
Dynamics  : alpha=0.5, r=1.75, p_mode=dynamic, p_c=20.0, episode_length=1000
Consume   : mode=piecewise_linear, fixed_mode=degree_scaled, degree_multiplier=1.0, rate=0.05, threshold=4.0
Strategy  : rule=q_learning, state=none, lr=0.1, gamma=0.1, epsilon=0.05, q0=0.0
Reward    : lambda_payoff=1.0, lambda_cooperation=0.0, lambda_total_resource=0.0, lambda_gini=0.0
Reg       : actor_wd=0.0, critic_wd=0.0, actor_entropy_coef=0.0, actor_logit_l2_coef=0.0
================================================================================
[Episode 001] return=2966.419033, final_actual_cooperation=0.440000, final_gini=0.719279
[INFO 16:38:20] rollout episode: 1 / 5
[INFO 16:38:20] rollout Estimated time left: 17 seconds. Time passed: 4 seconds
[Episode 002] return=3479.218457, final_actual_cooperation=0.480000, final_gini=0.694576
[INFO 16:38:26] rollout episode: 2 / 5
[INFO 16:38:26] rollout Estimated time left: 16 seconds. Time passed: 11 seconds
[Episode 003] return=3124.837791, final_actual_cooperation=0.480000, final_gini=0.654836
[INFO 16:38:29] rollout episode: 3 / 5
[INFO 16:38:29] rollout Estimated time left: 9 seconds. Time passed: 13 seconds
[Episode 004] return=3407.399586, final_actual_cooperation=0.460000, final_gini=0.711053
[INFO 16:38:31] rollout episode: 4 / 5
[INFO 16:38:31] rollout Estimated time left: 4 seconds. Time passed: 16 seconds
[Episode 005] return=3727.213247, final_actual_cooperation=0.420000, final_gini=0.738597
[INFO 16:38:34] rollout episode: 5 / 5
[INFO 16:38:34] rollout Estimated time left: 0 seconds. Time passed: 19 seconds
Final summary:
{
  "return_mean": 3341.017622789043,
  "return_std": 268.22040176980806,
  "final_cooperation_mean": 0.45599999999999996,
  "final_actual_cooperation_mean": 0.45599999999999996,
  "final_mean_resource_mean": 30.208177193924655,
  "final_mean_pool_grown_mean": 18.874031746031743,
  "final_consumption_mean": 2.7748846520270254,
  "final_mean_consumption_mean": 2.7748846520270254,
  "final_mean_payoff_mean": 2.8613688054111774,
  "final_gini_mean": 0.7036683205363483
}
Results saved to: /home/QinYiHang/Code/GNN_SPGG/outputs/Pool_dynamic_scan/n50_er_k4__proportional__piecewise_linear_degree_scaled__q_learning__r1p75/results.json
