Console Log: /home/QinYiHang/Code/GNN_SPGG/outputs/Pool_dynamic_scan/n50_ba_m2__proportional__piecewise_linear_degree_scaled__q_learning__r2p25/train.log
================================================================================
Experiment: n50_ba_m2__proportional__piecewise_linear_degree_scaled__q_learning__r2p25
Run mode  : proportional
Network   : scale_free
Graph     : nodes=50, edges=97, degree_min=2, degree_max=19, degree_mean=3.880
Dynamics  : alpha=0.5, r=2.25, p_mode=dynamic, p_c=20.0, episode_length=1000
Consume   : mode=piecewise_linear, fixed_mode=degree_scaled, degree_multiplier=1.0, rate=0.05, threshold=4.0
Strategy  : rule=q_learning, state=none, lr=0.1, gamma=0.1, epsilon=0.05, q0=0.0
Reward    : lambda_payoff=1.0, lambda_cooperation=0.0, lambda_total_resource=0.0, lambda_gini=0.0
Reg       : actor_wd=0.0, critic_wd=0.0, actor_entropy_coef=0.0, actor_logit_l2_coef=0.0
================================================================================
[Episode 001] return=4030.648951, final_actual_cooperation=0.560000, final_gini=0.610653
[INFO 16:38:34] rollout episode: 1 / 5
[INFO 16:38:34] rollout Estimated time left: 11 seconds. Time passed: 3 seconds
[Episode 002] return=3079.503015, final_actual_cooperation=0.560000, final_gini=0.610370
[INFO 16:38:37] rollout episode: 2 / 5
[INFO 16:38:37] rollout Estimated time left: 9 seconds. Time passed: 6 seconds
[Episode 003] return=2684.201933, final_actual_cooperation=0.500000, final_gini=0.572544
[INFO 16:38:40] rollout episode: 3 / 5
[INFO 16:38:40] rollout Estimated time left: 6 seconds. Time passed: 9 seconds
[Episode 004] return=3095.637562, final_actual_cooperation=0.480000, final_gini=0.687729
[INFO 16:38:43] rollout episode: 4 / 5
[INFO 16:38:43] rollout Estimated time left: 3 seconds. Time passed: 11 seconds
[Episode 005] return=3242.783958, final_actual_cooperation=0.480000, final_gini=0.675417
[INFO 16:38:45] rollout episode: 5 / 5
[INFO 16:38:45] rollout Estimated time left: 0 seconds. Time passed: 14 seconds
Final summary:
{
  "return_mean": 3226.5550838225236,
  "return_std": 442.66036010331584,
  "final_cooperation_mean": 0.516,
  "final_actual_cooperation_mean": 0.516,
  "final_mean_resource_mean": 30.715443071991626,
  "final_mean_pool_grown_mean": 19.027813508129295,
  "final_consumption_mean": 2.8880498159486985,
  "final_mean_consumption_mean": 2.8880498159486985,
  "final_mean_payoff_mean": 3.2344965689663594,
  "final_gini_mean": 0.6313427360672346
}
Results saved to: /home/QinYiHang/Code/GNN_SPGG/outputs/Pool_dynamic_scan/n50_ba_m2__proportional__piecewise_linear_degree_scaled__q_learning__r2p25/results.json
