Console Log: /home/QinYiHang/Code/GNN_SPGG/outputs/Pool_dynamic_scan/n50_ws_k4_p0p1__proportional__piecewise_linear_constant__q_learning__r1p75/train.log
================================================================================
Experiment: n50_ws_k4_p0p1__proportional__piecewise_linear_constant__q_learning__r1p75
Run mode  : proportional
Network   : small_world
Graph     : nodes=50, edges=100, degree_min=3, degree_max=6, degree_mean=4.000
Dynamics  : alpha=0.5, r=1.75, p_mode=dynamic, p_c=20.0, episode_length=1000
Consume   : mode=piecewise_linear, fixed_mode=constant, fixed=4, rate=0.05, threshold=4.0
Strategy  : rule=q_learning, state=none, lr=0.1, gamma=0.1, epsilon=0.05, q0=0.0
Reward    : lambda_payoff=1.0, lambda_cooperation=0.0, lambda_total_resource=0.0, lambda_gini=0.0
Reg       : actor_wd=0.0, critic_wd=0.0, actor_entropy_coef=0.0, actor_logit_l2_coef=0.0
================================================================================
[Episode 001] return=3021.620406, final_actual_cooperation=0.320000, final_gini=0.756129
[INFO 16:38:19] rollout episode: 1 / 5
[INFO 16:38:19] rollout Estimated time left: 14 seconds. Time passed: 3 seconds
[Episode 002] return=3560.333928, final_actual_cooperation=0.360000, final_gini=0.777662
[INFO 16:38:23] rollout episode: 2 / 5
[INFO 16:38:23] rollout Estimated time left: 11 seconds. Time passed: 8 seconds
[Episode 003] return=3143.237977, final_actual_cooperation=0.340000, final_gini=0.763002
[INFO 16:38:26] rollout episode: 3 / 5
[INFO 16:38:26] rollout Estimated time left: 7 seconds. Time passed: 10 seconds
[Episode 004] return=2860.349656, final_actual_cooperation=0.300000, final_gini=0.790152
[INFO 16:38:28] rollout episode: 4 / 5
[INFO 16:38:28] rollout Estimated time left: 3 seconds. Time passed: 13 seconds
[Episode 005] return=3089.973100, final_actual_cooperation=0.320000, final_gini=0.803003
[INFO 16:38:31] rollout episode: 5 / 5
[INFO 16:38:31] rollout Estimated time left: 0 seconds. Time passed: 16 seconds
Final summary:
{
  "return_mean": 3135.1030133723434,
  "return_std": 232.9342939841242,
  "final_cooperation_mean": 0.328,
  "final_actual_cooperation_mean": 0.328,
  "final_mean_resource_mean": 23.483957885476475,
  "final_mean_pool_grown_mean": 14.860761904761906,
  "final_consumption_mean": 2.4209746417820592,
  "final_mean_consumption_mean": 2.4209746417820592,
  "final_mean_payoff_mean": 2.717439691617348,
  "final_gini_mean": 0.7779895387017566
}
Results saved to: /home/QinYiHang/Code/GNN_SPGG/outputs/Pool_dynamic_scan/n50_ws_k4_p0p1__proportional__piecewise_linear_constant__q_learning__r1p75/results.json
