Console Log: /home/QinYiHang/Code/GNN_SPGG/outputs/Pool_dynamic_scan/n50_ws_k4_p0p1__proportional__piecewise_linear_constant__q_learning__r0p75/train.log
================================================================================
Experiment: n50_ws_k4_p0p1__proportional__piecewise_linear_constant__q_learning__r0p75
Run mode  : proportional
Network   : small_world
Graph     : nodes=50, edges=100, degree_min=3, degree_max=6, degree_mean=4.000
Dynamics  : alpha=0.5, r=0.75, p_mode=dynamic, p_c=20.0, episode_length=1000
Consume   : mode=piecewise_linear, fixed_mode=constant, fixed=4, rate=0.05, threshold=4.0
Strategy  : rule=q_learning, state=none, lr=0.1, gamma=0.1, epsilon=0.05, q0=0.0
Reward    : lambda_payoff=1.0, lambda_cooperation=0.0, lambda_total_resource=0.0, lambda_gini=0.0
Reg       : actor_wd=0.0, critic_wd=0.0, actor_entropy_coef=0.0, actor_logit_l2_coef=0.0
================================================================================
[Episode 001] return=2605.477840, final_actual_cooperation=0.280000, final_gini=0.764954
[INFO 16:38:20] rollout episode: 1 / 5
[INFO 16:38:20] rollout Estimated time left: 18 seconds. Time passed: 5 seconds
[Episode 002] return=3891.940406, final_actual_cooperation=0.380000, final_gini=0.737405
[INFO 16:38:24] rollout episode: 2 / 5
[INFO 16:38:24] rollout Estimated time left: 12 seconds. Time passed: 8 seconds
[Episode 003] return=2944.553222, final_actual_cooperation=0.300000, final_gini=0.800495
[INFO 16:38:27] rollout episode: 3 / 5
[INFO 16:38:27] rollout Estimated time left: 7 seconds. Time passed: 11 seconds
[Episode 004] return=2384.841515, final_actual_cooperation=0.260000, final_gini=0.794665
[INFO 16:38:29] rollout episode: 4 / 5
[INFO 16:38:29] rollout Estimated time left: 3 seconds. Time passed: 14 seconds
[Episode 005] return=2384.294128, final_actual_cooperation=0.240000, final_gini=0.832094
[INFO 16:38:32] rollout episode: 5 / 5
[INFO 16:38:32] rollout Estimated time left: 0 seconds. Time passed: 16 seconds
Final summary:
{
  "return_mean": 2842.221422069145,
  "return_std": 563.4399794758909,
  "final_cooperation_mean": 0.292,
  "final_actual_cooperation_mean": 0.292,
  "final_mean_resource_mean": 19.5681963681645,
  "final_mean_pool_grown_mean": 12.712243091209796,
  "final_consumption_mean": 2.0920750147619023,
  "final_mean_consumption_mean": 2.0920750147619023,
  "final_mean_payoff_mean": 2.314771087688361,
  "final_gini_mean": 0.7859225736880469
}
Results saved to: /home/QinYiHang/Code/GNN_SPGG/outputs/Pool_dynamic_scan/n50_ws_k4_p0p1__proportional__piecewise_linear_constant__q_learning__r0p75/results.json
