Console Log: /home/QinYiHang/Code/GNN_SPGG/outputs/Pool_dynamic_scan/n50_er_k4__proportional__piecewise_linear_degree_scaled__fermi__r2p25/train.log
================================================================================
Experiment: n50_er_k4__proportional__piecewise_linear_degree_scaled__fermi__r2p25
Run mode  : proportional
Network   : erdos_renyi
ER Params : target_mean_degree=4.0, edge_prob=0.0816327
Graph     : nodes=50, edges=89, degree_min=0, degree_max=8, degree_mean=3.560
Dynamics  : alpha=0.5, r=2.25, p_mode=dynamic, p_c=20.0, episode_length=1000
Consume   : mode=piecewise_linear, fixed_mode=degree_scaled, degree_multiplier=1.0, rate=0.05, threshold=4.0
Strategy  : rule=fermi, beta=1.0
Reward    : lambda_payoff=1.0, lambda_cooperation=0.0, lambda_total_resource=0.0, lambda_gini=0.0
Reg       : actor_wd=0.0, critic_wd=0.0, actor_entropy_coef=0.0, actor_logit_l2_coef=0.0
================================================================================
[Episode 001] return=3462.619804, final_actual_cooperation=0.460000, final_gini=0.705657
[INFO 16:38:43] rollout episode: 1 / 5
[INFO 16:38:43] rollout Estimated time left: 7 seconds. Time passed: 2 seconds
[Episode 002] return=3449.416036, final_actual_cooperation=0.480000, final_gini=0.669680
[INFO 16:38:45] rollout episode: 2 / 5
[INFO 16:38:45] rollout Estimated time left: 6 seconds. Time passed: 4 seconds
[Episode 003] return=3578.244187, final_actual_cooperation=0.500000, final_gini=0.693903
[INFO 16:38:47] rollout episode: 3 / 5
[INFO 16:38:47] rollout Estimated time left: 4 seconds. Time passed: 6 seconds
[Episode 004] return=3341.726946, final_actual_cooperation=0.480000, final_gini=0.691074
[INFO 16:38:49] rollout episode: 4 / 5
[INFO 16:38:49] rollout Estimated time left: 2 seconds. Time passed: 7 seconds
[Episode 005] return=3524.598539, final_actual_cooperation=0.420000, final_gini=0.722661
[INFO 16:38:50] rollout episode: 5 / 5
[INFO 16:38:50] rollout Estimated time left: 0 seconds. Time passed: 9 seconds
Final summary:
{
  "return_mean": 3471.321102411615,
  "return_std": 79.52511711907887,
  "final_cooperation_mean": 0.46799999999999997,
  "final_actual_cooperation_mean": 0.46799999999999997,
  "final_mean_resource_mean": 30.61910533910534,
  "final_mean_pool_grown_mean": 18.982507936507936,
  "final_consumption_mean": 2.7869552669552666,
  "final_mean_consumption_mean": 2.7869552669552666,
  "final_mean_payoff_mean": 2.7869552669552666,
  "final_gini_mean": 0.6965951061474934
}
Results saved to: /home/QinYiHang/Code/GNN_SPGG/outputs/Pool_dynamic_scan/n50_er_k4__proportional__piecewise_linear_degree_scaled__fermi__r2p25/results.json
