Console Log: /home/QinYiHang/Code/GNN_SPGG/outputs/Pool_dynamic_scan/n50_ws_k4_p0p1__proportional__piecewise_linear_constant__q_learning__r1p25/train.log
================================================================================
Experiment: n50_ws_k4_p0p1__proportional__piecewise_linear_constant__q_learning__r1p25
Run mode  : proportional
Network   : small_world
Graph     : nodes=50, edges=100, degree_min=3, degree_max=6, degree_mean=4.000
Dynamics  : alpha=0.5, r=1.25, p_mode=dynamic, p_c=20.0, episode_length=1000
Consume   : mode=piecewise_linear, fixed_mode=constant, fixed=4, rate=0.05, threshold=4.0
Strategy  : rule=q_learning, state=none, lr=0.1, gamma=0.1, epsilon=0.05, q0=0.0
Reward    : lambda_payoff=1.0, lambda_cooperation=0.0, lambda_total_resource=0.0, lambda_gini=0.0
Reg       : actor_wd=0.0, critic_wd=0.0, actor_entropy_coef=0.0, actor_logit_l2_coef=0.0
================================================================================
[Episode 001] return=3027.211446, final_actual_cooperation=0.300000, final_gini=0.773651
[INFO 16:38:20] rollout episode: 1 / 5
[INFO 16:38:20] rollout Estimated time left: 19 seconds. Time passed: 5 seconds
[Episode 002] return=3437.852231, final_actual_cooperation=0.340000, final_gini=0.786641
[INFO 16:38:24] rollout episode: 2 / 5
[INFO 16:38:24] rollout Estimated time left: 13 seconds. Time passed: 9 seconds
[Episode 003] return=2888.251372, final_actual_cooperation=0.280000, final_gini=0.798110
[INFO 16:38:27] rollout episode: 3 / 5
[INFO 16:38:27] rollout Estimated time left: 8 seconds. Time passed: 11 seconds
[Episode 004] return=2531.646937, final_actual_cooperation=0.240000, final_gini=0.812262
[INFO 16:38:30] rollout episode: 4 / 5
[INFO 16:38:30] rollout Estimated time left: 3 seconds. Time passed: 14 seconds
[Episode 005] return=3394.105575, final_actual_cooperation=0.340000, final_gini=0.751410
[INFO 16:38:32] rollout episode: 5 / 5
[INFO 16:38:32] rollout Estimated time left: 0 seconds. Time passed: 17 seconds
Final summary:
{
  "return_mean": 3055.813512139832,
  "return_std": 335.86927503055347,
  "final_cooperation_mean": 0.30000000000000004,
  "final_actual_cooperation_mean": 0.30000000000000004,
  "final_mean_resource_mean": 20.881182292388903,
  "final_mean_pool_grown_mean": 13.30974008195808,
  "final_consumption_mean": 2.191381327261439,
  "final_mean_consumption_mean": 2.191381327261439,
  "final_mean_payoff_mean": 2.348937074421559,
  "final_gini_mean": 0.7844147258192645
}
Results saved to: /home/QinYiHang/Code/GNN_SPGG/outputs/Pool_dynamic_scan/n50_ws_k4_p0p1__proportional__piecewise_linear_constant__q_learning__r1p25/results.json
