Console Log: /home/QinYiHang/Code/GNN_SPGG/outputs/Pool_dynamic_scan/n50_ba_m2__proportional__piecewise_linear_degree_scaled__fermi__r0p75/train.log
================================================================================
Experiment: n50_ba_m2__proportional__piecewise_linear_degree_scaled__fermi__r0p75
Run mode  : proportional
Network   : scale_free
Graph     : nodes=50, edges=97, degree_min=2, degree_max=19, degree_mean=3.880
Dynamics  : alpha=0.5, r=0.75, p_mode=dynamic, p_c=20.0, episode_length=1000
Consume   : mode=piecewise_linear, fixed_mode=degree_scaled, degree_multiplier=1.0, rate=0.05, threshold=4.0
Strategy  : rule=fermi, beta=1.0
Reward    : lambda_payoff=1.0, lambda_cooperation=0.0, lambda_total_resource=0.0, lambda_gini=0.0
Reg       : actor_wd=0.0, critic_wd=0.0, actor_entropy_coef=0.0, actor_logit_l2_coef=0.0
================================================================================
[Episode 001] return=3186.038790, final_actual_cooperation=0.560000, final_gini=0.617249
[INFO 16:38:44] rollout episode: 1 / 5
[INFO 16:38:44] rollout Estimated time left: 7 seconds. Time passed: 2 seconds
[Episode 002] return=2666.422248, final_actual_cooperation=0.520000, final_gini=0.634018
[INFO 16:38:46] rollout episode: 2 / 5
[INFO 16:38:46] rollout Estimated time left: 6 seconds. Time passed: 4 seconds
[Episode 003] return=2735.674797, final_actual_cooperation=0.460000, final_gini=0.649134
[INFO 16:38:48] rollout episode: 3 / 5
[INFO 16:38:48] rollout Estimated time left: 4 seconds. Time passed: 6 seconds
[Episode 004] return=3147.012642, final_actual_cooperation=0.520000, final_gini=0.646457
[INFO 16:38:50] rollout episode: 4 / 5
[INFO 16:38:50] rollout Estimated time left: 2 seconds. Time passed: 8 seconds
[Episode 005] return=2862.952910, final_actual_cooperation=0.540000, final_gini=0.630485
[INFO 16:38:52] rollout episode: 5 / 5
[INFO 16:38:52] rollout Estimated time left: 0 seconds. Time passed: 9 seconds
Final summary:
{
  "return_mean": 2919.6202774478606,
  "return_std": 211.58567232028093,
  "final_cooperation_mean": 0.52,
  "final_actual_cooperation_mean": 0.52,
  "final_mean_resource_mean": 28.473051792300407,
  "final_mean_pool_grown_mean": 17.886176538059257,
  "final_consumption_mean": 2.6996526871164623,
  "final_mean_consumption_mean": 2.6996526871164623,
  "final_mean_payoff_mean": 2.6996507370876226,
  "final_gini_mean": 0.6354686620007282
}
Results saved to: /home/QinYiHang/Code/GNN_SPGG/outputs/Pool_dynamic_scan/n50_ba_m2__proportional__piecewise_linear_degree_scaled__fermi__r0p75/results.json
