Console Log: /home/QinYiHang/Code/GNN_SPGG/outputs/Pool_dynamic_scan/n50_regular_d4__proportional__piecewise_linear_degree_scaled__q_learning__r0p75/train.log
================================================================================
Experiment: n50_regular_d4__proportional__piecewise_linear_degree_scaled__q_learning__r0p75
Run mode  : proportional
Network   : regular
Graph     : nodes=50, edges=100, degree_min=4, degree_max=4, degree_mean=4.000
Dynamics  : alpha=0.5, r=0.75, p_mode=dynamic, p_c=20.0, episode_length=1000
Consume   : mode=piecewise_linear, fixed_mode=degree_scaled, degree_multiplier=1.0, rate=0.05, threshold=4.0
Strategy  : rule=q_learning, state=none, lr=0.1, gamma=0.1, epsilon=0.05, q0=0.0
Reward    : lambda_payoff=1.0, lambda_cooperation=0.0, lambda_total_resource=0.0, lambda_gini=0.0
Reg       : actor_wd=0.0, critic_wd=0.0, actor_entropy_coef=0.0, actor_logit_l2_coef=0.0
================================================================================
[Episode 001] return=4147.871676, final_actual_cooperation=0.380000, final_gini=0.714915
[INFO 16:38:19] rollout episode: 1 / 5
[INFO 16:38:19] rollout Estimated time left: 13 seconds. Time passed: 3 seconds
[Episode 002] return=3963.576114, final_actual_cooperation=0.360000, final_gini=0.746320
[INFO 16:38:23] rollout episode: 2 / 5
[INFO 16:38:23] rollout Estimated time left: 11 seconds. Time passed: 7 seconds
[Episode 003] return=3631.786144, final_actual_cooperation=0.380000, final_gini=0.759774
[INFO 16:38:25] rollout episode: 3 / 5
[INFO 16:38:25] rollout Estimated time left: 6 seconds. Time passed: 10 seconds
[Episode 004] return=3393.747789, final_actual_cooperation=0.360000, final_gini=0.720726
[INFO 16:38:28] rollout episode: 4 / 5
[INFO 16:38:28] rollout Estimated time left: 3 seconds. Time passed: 12 seconds
[Episode 005] return=3758.394562, final_actual_cooperation=0.320000, final_gini=0.760663
[INFO 16:38:31] rollout episode: 5 / 5
[INFO 16:38:31] rollout Estimated time left: 0 seconds. Time passed: 15 seconds
Final summary:
{
  "return_mean": 3779.075256885358,
  "return_std": 261.0173928620121,
  "final_cooperation_mean": 0.36,
  "final_actual_cooperation_mean": 0.36,
  "final_mean_resource_mean": 31.329745235614677,
  "final_mean_pool_grown_mean": 18.875711418811928,
  "final_consumption_mean": 2.9751326381771253,
  "final_mean_consumption_mean": 2.9751326381771253,
  "final_mean_payoff_mean": 3.074225110249295,
  "final_gini_mean": 0.7404796412011613
}
Results saved to: /home/QinYiHang/Code/GNN_SPGG/outputs/Pool_dynamic_scan/n50_regular_d4__proportional__piecewise_linear_degree_scaled__q_learning__r0p75/results.json
