Console Log: /home/QinYiHang/Code/GNN_SPGG/outputs/Pool_dynamic_scan/n50_ba_m2__proportional__piecewise_linear_constant__fermi__r1p75/train.log
================================================================================
Experiment: n50_ba_m2__proportional__piecewise_linear_constant__fermi__r1p75
Run mode  : proportional
Network   : scale_free
Graph     : nodes=50, edges=97, degree_min=2, degree_max=19, degree_mean=3.880
Dynamics  : alpha=0.5, r=1.75, p_mode=dynamic, p_c=20.0, episode_length=1000
Consume   : mode=piecewise_linear, fixed_mode=constant, fixed=4, rate=0.05, threshold=4.0
Strategy  : rule=fermi, beta=1.0
Reward    : lambda_payoff=1.0, lambda_cooperation=0.0, lambda_total_resource=0.0, lambda_gini=0.0
Reg       : actor_wd=0.0, critic_wd=0.0, actor_entropy_coef=0.0, actor_logit_l2_coef=0.0
================================================================================
[Episode 001] return=3014.936497, final_actual_cooperation=0.340000, final_gini=0.766020
[INFO 16:38:36] rollout episode: 1 / 5
[INFO 16:38:36] rollout Estimated time left: 7 seconds. Time passed: 2 seconds
[Episode 002] return=4152.580926, final_actual_cooperation=0.400000, final_gini=0.735508
[INFO 16:38:38] rollout episode: 2 / 5
[INFO 16:38:38] rollout Estimated time left: 6 seconds. Time passed: 4 seconds
[Episode 003] return=4667.518296, final_actual_cooperation=0.460000, final_gini=0.681119
[INFO 16:38:40] rollout episode: 3 / 5
[INFO 16:38:40] rollout Estimated time left: 4 seconds. Time passed: 6 seconds
[Episode 004] return=3809.025308, final_actual_cooperation=0.460000, final_gini=0.706451
[INFO 16:38:41] rollout episode: 4 / 5
[INFO 16:38:41] rollout Estimated time left: 2 seconds. Time passed: 8 seconds
[Episode 005] return=4761.240343, final_actual_cooperation=0.440000, final_gini=0.687393
[INFO 16:38:43] rollout episode: 5 / 5
[INFO 16:38:43] rollout Estimated time left: 0 seconds. Time passed: 9 seconds
Final summary:
{
  "return_mean": 4081.060273829986,
  "return_std": 635.9742246680187,
  "final_cooperation_mean": 0.42000000000000004,
  "final_actual_cooperation_mean": 0.42000000000000004,
  "final_mean_resource_mean": 42.71275765170502,
  "final_mean_pool_grown_mean": 26.244016708437762,
  "final_consumption_mean": 3.731637882585251,
  "final_mean_consumption_mean": 3.731637882585251,
  "final_mean_payoff_mean": 3.731637882585251,
  "final_gini_mean": 0.7152982103097967
}
Results saved to: /home/QinYiHang/Code/GNN_SPGG/outputs/Pool_dynamic_scan/n50_ba_m2__proportional__piecewise_linear_constant__fermi__r1p75/results.json
