Console Log: /home/QinYiHang/Code/GNN_SPGG/outputs/Pool_dynamic_scan/n50_ba_m2__proportional__piecewise_linear_constant__fermi__r0p75/train.log
================================================================================
Experiment: n50_ba_m2__proportional__piecewise_linear_constant__fermi__r0p75
Run mode  : proportional
Network   : scale_free
Graph     : nodes=50, edges=97, degree_min=2, degree_max=19, degree_mean=3.880
Dynamics  : alpha=0.5, r=0.75, p_mode=dynamic, p_c=20.0, episode_length=1000
Consume   : mode=piecewise_linear, fixed_mode=constant, fixed=4, rate=0.05, threshold=4.0
Strategy  : rule=fermi, beta=1.0
Reward    : lambda_payoff=1.0, lambda_cooperation=0.0, lambda_total_resource=0.0, lambda_gini=0.0
Reg       : actor_wd=0.0, critic_wd=0.0, actor_entropy_coef=0.0, actor_logit_l2_coef=0.0
================================================================================
[Episode 001] return=2060.127620, final_actual_cooperation=0.200000, final_gini=0.835320
[INFO 16:38:35] rollout episode: 1 / 5
[INFO 16:38:35] rollout Estimated time left: 7 seconds. Time passed: 2 seconds
[Episode 002] return=3011.506765, final_actual_cooperation=0.260000, final_gini=0.845753
[INFO 16:38:38] rollout episode: 2 / 5
[INFO 16:38:38] rollout Estimated time left: 6 seconds. Time passed: 4 seconds
[Episode 003] return=4144.375189, final_actual_cooperation=0.400000, final_gini=0.696693
[INFO 16:38:39] rollout episode: 3 / 5
[INFO 16:38:39] rollout Estimated time left: 4 seconds. Time passed: 6 seconds
[Episode 004] return=1319.684873, final_actual_cooperation=0.160000, final_gini=0.857522
[INFO 16:38:41] rollout episode: 4 / 5
[INFO 16:38:41] rollout Estimated time left: 2 seconds. Time passed: 7 seconds
[Episode 005] return=3325.761009, final_actual_cooperation=0.240000, final_gini=0.830356
[INFO 16:38:43] rollout episode: 5 / 5
[INFO 16:38:43] rollout Estimated time left: 0 seconds. Time passed: 9 seconds
Final summary:
{
  "return_mean": 2772.2910912797734,
  "return_std": 986.2463683035332,
  "final_cooperation_mean": 0.252,
  "final_actual_cooperation_mean": 0.252,
  "final_mean_resource_mean": 24.725624509002603,
  "final_mean_pool_grown_mean": 15.35069347995202,
  "final_consumption_mean": 2.1938812254501,
  "final_mean_consumption_mean": 2.1938812254501,
  "final_mean_payoff_mean": 2.1938812254507014,
  "final_gini_mean": 0.8131289943548703
}
Results saved to: /home/QinYiHang/Code/GNN_SPGG/outputs/Pool_dynamic_scan/n50_ba_m2__proportional__piecewise_linear_constant__fermi__r0p75/results.json
