Console Log: /home/QinYiHang/Code/GNN_SPGG/outputs/Pool_dynamic_scan/n50_ba_m2__uniform__piecewise_linear_constant__fermi__r0p75/train.log
================================================================================
Experiment: n50_ba_m2__uniform__piecewise_linear_constant__fermi__r0p75
Run mode  : uniform
Network   : scale_free
Graph     : nodes=50, edges=97, degree_min=2, degree_max=19, degree_mean=3.880
Dynamics  : alpha=0.5, r=0.75, p_mode=dynamic, p_c=20.0, episode_length=1000
Consume   : mode=piecewise_linear, fixed_mode=constant, fixed=4, rate=0.05, threshold=4.0
Strategy  : rule=fermi, beta=1.0
Reward    : lambda_payoff=1.0, lambda_cooperation=0.0, lambda_total_resource=0.0, lambda_gini=0.0
Reg       : actor_wd=0.0, critic_wd=0.0, actor_entropy_coef=0.0, actor_logit_l2_coef=0.0
================================================================================
[Episode 001] return=6.071766, final_actual_cooperation=0.000000, final_gini=0.000000
[INFO 16:39:06] rollout episode: 1 / 5
[INFO 16:39:06] rollout Estimated time left: 6 seconds. Time passed: 2 seconds
[Episode 002] return=10.820833, final_actual_cooperation=0.000000, final_gini=0.000000
[INFO 16:39:08] rollout episode: 2 / 5
[INFO 16:39:08] rollout Estimated time left: 6 seconds. Time passed: 4 seconds
[Episode 003] return=7.332861, final_actual_cooperation=0.000000, final_gini=0.000000
[INFO 16:39:10] rollout episode: 3 / 5
[INFO 16:39:10] rollout Estimated time left: 4 seconds. Time passed: 5 seconds
[Episode 004] return=4.380278, final_actual_cooperation=0.000000, final_gini=0.000000
[INFO 16:39:11] rollout episode: 4 / 5
[INFO 16:39:11] rollout Estimated time left: 2 seconds. Time passed: 7 seconds
[Episode 005] return=16.867202, final_actual_cooperation=0.000000, final_gini=0.000000
[INFO 16:39:13] rollout episode: 5 / 5
[INFO 16:39:13] rollout Estimated time left: 0 seconds. Time passed: 9 seconds
Final summary:
{
  "return_mean": 9.094587836481764,
  "return_std": 4.424009684213815,
  "final_cooperation_mean": 0.0,
  "final_actual_cooperation_mean": 0.0,
  "final_mean_resource_mean": 0.0,
  "final_mean_pool_grown_mean": 0.0,
  "final_consumption_mean": 0.0,
  "final_mean_consumption_mean": 0.0,
  "final_mean_payoff_mean": 0.0,
  "final_gini_mean": 0.0
}
Results saved to: /home/QinYiHang/Code/GNN_SPGG/outputs/Pool_dynamic_scan/n50_ba_m2__uniform__piecewise_linear_constant__fermi__r0p75/results.json
