Console Log: /home/QinYiHang/Code/GNN_SPGG/outputs/Pool_dynamic_scan/n50_ws_k4_p0p1__proportional__piecewise_linear_constant__fermi__r2p25/train.log
================================================================================
Experiment: n50_ws_k4_p0p1__proportional__piecewise_linear_constant__fermi__r2p25
Run mode  : proportional
Network   : small_world
Graph     : nodes=50, edges=100, degree_min=3, degree_max=6, degree_mean=4.000
Dynamics  : alpha=0.5, r=2.25, p_mode=dynamic, p_c=20.0, episode_length=1000
Consume   : mode=piecewise_linear, fixed_mode=constant, fixed=4, rate=0.05, threshold=4.0
Strategy  : rule=fermi, beta=1.0
Reward    : lambda_payoff=1.0, lambda_cooperation=0.0, lambda_total_resource=0.0, lambda_gini=0.0
Reg       : actor_wd=0.0, critic_wd=0.0, actor_entropy_coef=0.0, actor_logit_l2_coef=0.0
================================================================================
[Episode 001] return=3526.341378, final_actual_cooperation=0.340000, final_gini=0.759088
[INFO 16:38:35] rollout episode: 1 / 5
[INFO 16:38:35] rollout Estimated time left: 8 seconds. Time passed: 2 seconds
[Episode 002] return=3247.663698, final_actual_cooperation=0.300000, final_gini=0.773185
[INFO 16:38:38] rollout episode: 2 / 5
[INFO 16:38:38] rollout Estimated time left: 7 seconds. Time passed: 5 seconds
[Episode 003] return=2836.215231, final_actual_cooperation=0.300000, final_gini=0.785181
[INFO 16:38:40] rollout episode: 3 / 5
[INFO 16:38:40] rollout Estimated time left: 5 seconds. Time passed: 7 seconds
[Episode 004] return=2889.296036, final_actual_cooperation=0.300000, final_gini=0.782479
[INFO 16:38:42] rollout episode: 4 / 5
[INFO 16:38:42] rollout Estimated time left: 2 seconds. Time passed: 9 seconds
[Episode 005] return=3226.165187, final_actual_cooperation=0.340000, final_gini=0.766349
[INFO 16:38:44] rollout episode: 5 / 5
[INFO 16:38:44] rollout Estimated time left: 0 seconds. Time passed: 11 seconds
Final summary:
{
  "return_mean": 3145.136305954454,
  "return_std": 254.2759627659829,
  "final_cooperation_mean": 0.316,
  "final_actual_cooperation_mean": 0.316,
  "final_mean_resource_mean": 22.320623376623377,
  "final_mean_pool_grown_mean": 14.297142857142859,
  "final_consumption_mean": 2.316831168831169,
  "final_mean_consumption_mean": 2.316831168831169,
  "final_mean_payoff_mean": 2.316831168831169,
  "final_gini_mean": 0.7732563474885715
}
Results saved to: /home/QinYiHang/Code/GNN_SPGG/outputs/Pool_dynamic_scan/n50_ws_k4_p0p1__proportional__piecewise_linear_constant__fermi__r2p25/results.json
