Console Log: /home/QinYiHang/Code/GNN_SPGG/outputs/Pool_dynamic_scan/n50_regular_d4__proportional__piecewise_linear_constant__fermi__r1p75/train.log
================================================================================
Experiment: n50_regular_d4__proportional__piecewise_linear_constant__fermi__r1p75
Run mode  : proportional
Network   : regular
Graph     : nodes=50, edges=100, degree_min=4, degree_max=4, degree_mean=4.000
Dynamics  : alpha=0.5, r=1.75, p_mode=dynamic, p_c=20.0, episode_length=1000
Consume   : mode=piecewise_linear, fixed_mode=constant, fixed=4, rate=0.05, threshold=4.0
Strategy  : rule=fermi, beta=1.0
Reward    : lambda_payoff=1.0, lambda_cooperation=0.0, lambda_total_resource=0.0, lambda_gini=0.0
Reg       : actor_wd=0.0, critic_wd=0.0, actor_entropy_coef=0.0, actor_logit_l2_coef=0.0
================================================================================
[Episode 001] return=4297.507671, final_actual_cooperation=0.400000, final_gini=0.738089
[INFO 16:38:34] rollout episode: 1 / 5
[INFO 16:38:34] rollout Estimated time left: 7 seconds. Time passed: 2 seconds
[Episode 002] return=4233.657554, final_actual_cooperation=0.360000, final_gini=0.751645
[INFO 16:38:36] rollout episode: 2 / 5
[INFO 16:38:36] rollout Estimated time left: 6 seconds. Time passed: 4 seconds
[Episode 003] return=4134.019287, final_actual_cooperation=0.400000, final_gini=0.739550
[INFO 16:38:38] rollout episode: 3 / 5
[INFO 16:38:38] rollout Estimated time left: 4 seconds. Time passed: 6 seconds
[Episode 004] return=3617.510255, final_actual_cooperation=0.400000, final_gini=0.736544
[INFO 16:38:39] rollout episode: 4 / 5
[INFO 16:38:39] rollout Estimated time left: 2 seconds. Time passed: 7 seconds
[Episode 005] return=4174.225202, final_actual_cooperation=0.400000, final_gini=0.750316
[INFO 16:38:41] rollout episode: 5 / 5
[INFO 16:38:41] rollout Estimated time left: 0 seconds. Time passed: 9 seconds
Final summary:
{
  "return_mean": 4091.383993988162,
  "return_std": 243.2963174204735,
  "final_cooperation_mean": 0.392,
  "final_actual_cooperation_mean": 0.392,
  "final_mean_resource_mean": 35.18981818181818,
  "final_mean_pool_grown_mean": 21.824,
  "final_consumption_mean": 3.249090909090909,
  "final_mean_consumption_mean": 3.249090909090909,
  "final_mean_payoff_mean": 3.249090909090909,
  "final_gini_mean": 0.7432285186974467
}
Results saved to: /home/QinYiHang/Code/GNN_SPGG/outputs/Pool_dynamic_scan/n50_regular_d4__proportional__piecewise_linear_constant__fermi__r1p75/results.json
