Console Log: /home/QinYiHang/Code/GNN_SPGG/outputs/Pool_dynamic_scan/n50_er_k4__proportional__piecewise_linear_degree_scaled__fermi__r1p75/train.log
================================================================================
Experiment: n50_er_k4__proportional__piecewise_linear_degree_scaled__fermi__r1p75
Run mode  : proportional
Network   : erdos_renyi
ER Params : target_mean_degree=4.0, edge_prob=0.0816327
Graph     : nodes=50, edges=89, degree_min=0, degree_max=8, degree_mean=3.560
Dynamics  : alpha=0.5, r=1.75, p_mode=dynamic, p_c=20.0, episode_length=1000
Consume   : mode=piecewise_linear, fixed_mode=degree_scaled, degree_multiplier=1.0, rate=0.05, threshold=4.0
Strategy  : rule=fermi, beta=1.0
Reward    : lambda_payoff=1.0, lambda_cooperation=0.0, lambda_total_resource=0.0, lambda_gini=0.0
Reg       : actor_wd=0.0, critic_wd=0.0, actor_entropy_coef=0.0, actor_logit_l2_coef=0.0
================================================================================
[Episode 001] return=3271.678805, final_actual_cooperation=0.440000, final_gini=0.706134
[INFO 16:38:43] rollout episode: 1 / 5
[INFO 16:38:43] rollout Estimated time left: 7 seconds. Time passed: 2 seconds
[Episode 002] return=3402.083826, final_actual_cooperation=0.460000, final_gini=0.701791
[INFO 16:38:45] rollout episode: 2 / 5
[INFO 16:38:45] rollout Estimated time left: 6 seconds. Time passed: 4 seconds
[Episode 003] return=3073.973524, final_actual_cooperation=0.460000, final_gini=0.738525
[INFO 16:38:47] rollout episode: 3 / 5
[INFO 16:38:47] rollout Estimated time left: 4 seconds. Time passed: 6 seconds
[Episode 004] return=3214.673995, final_actual_cooperation=0.440000, final_gini=0.713251
[INFO 16:38:48] rollout episode: 4 / 5
[INFO 16:38:48] rollout Estimated time left: 2 seconds. Time passed: 7 seconds
[Episode 005] return=3376.634426, final_actual_cooperation=0.420000, final_gini=0.727221
[INFO 16:38:50] rollout episode: 5 / 5
[INFO 16:38:50] rollout Estimated time left: 0 seconds. Time passed: 9 seconds
Final summary:
{
  "return_mean": 3267.808915165732,
  "return_std": 118.56070024477185,
  "final_cooperation_mean": 0.44400000000000006,
  "final_actual_cooperation_mean": 0.44400000000000006,
  "final_mean_resource_mean": 27.972455988455987,
  "final_mean_pool_grown_mean": 17.369650793650795,
  "final_consumption_mean": 2.5594227994228,
  "final_mean_consumption_mean": 2.5594227994228,
  "final_mean_payoff_mean": 2.559422799422799,
  "final_gini_mean": 0.7173845516856747
}
Results saved to: /home/QinYiHang/Code/GNN_SPGG/outputs/Pool_dynamic_scan/n50_er_k4__proportional__piecewise_linear_degree_scaled__fermi__r1p75/results.json
