Console Log: /home/QinYiHang/Code/GNN_SPGG/outputs/GNN_SPGG/spgg_CNN_warmup1_Node50_4workers_2GPU_3_25/train.log
================================================================================
Experiment: spgg_CNN_warmup1_Node50_4workers_2GPU_3_25
Run mode  : gnn_train
Network   : regular
Graph     : nodes=50, edges=100, degree_min=4, degree_max=4, degree_mean=4.000
Dynamics  : alpha=0.5, r=2, p_max=100.0, episode_length=150
Consume   : mode=piecewise_linear, fixed_mode=degree_scaled, degree_multiplier=1.0, rate=0.05, threshold=4.0
Strategy  : rule=q_learning, state=none, lr=0.1, gamma=0.1, epsilon=0.05, q0=0.0
Reward    : lambda_payoff=1.0, lambda_cooperation=0.0, lambda_gini=0.0
Reg       : actor_wd=0.0, critic_wd=0.0, actor_entropy_coef=0.0, actor_logit_l2_coef=0.0
================================================================================
Train CFG : steps_per_update=1500, source=training.steps_per_update, total_env_steps=15012000 (training.total_env_steps), total_updates=834, warmup_env_steps=1 (training.warmup_env_steps)
Train DEV : learner_device=cuda:1, rollout_device=cuda:0, rollout_mode=centralized, rollout_batch_timeout_ms=2.0, rollout_num_threads=1
Eval CFG  : mode=custom_env_families(4), periodic_eval_episodes=8, eval_interval_env_steps=2000000 (training.eval_interval_env_steps), eval_interval_updates=112
Curriculum: regular_only@1[regular:1.00] | regular_plus_scale_free@334[regular:0.70,scale_free:0.30] | all_topologies@584[regular:0.40,scale_free:0.30,erdos_renyi:0.15,small_world:0.15]
TensorBoard: log_dir=/home/QinYiHang/Code/GNN_SPGG/outputs/GNN_SPGG/spgg_CNN_warmup1_Node50_4workers_2GPU_3_25/tensorboard/0325_201811
Curriculum: update=1, stage=regular_only, train=['regular'], train_weights=[1.0], eval=['regular']
[INFO 20:23:20] train t_env: 18000 / 15012000 | update: 1 / 834
[INFO 20:23:20] train Estimated time left: 71 hours, 18 minutes, 42 seconds. Time passed: 5 minutes, 8 seconds
[INFO 20:23:20] train Recent Stats | update: 1 / 834 | t_env: 18000 / 15012000 | stage: regular_only
train_f_c:                     0.2124  train_gini:                    0.3741  train_R_mean:                330.4202
train_payoff_mean:            20.1183  train_pool_grown:             36.4476  train_pool:                   16.4069
loss:                       1305.0892  policy_loss:                  -0.1294  value_loss:                 1305.2186
mean_rollout_reward:          20.1183  entropy:                       1.6094  actor_logit_l2:                0.0279
actor_lr:                      0.0001  critic_lr:                     0.0001  replay_size:               18000.0000
rollout_sps:                  62.4402  rollout_collect_s:           288.2759  worker_collect_s:            287.4693
env_step_s:                    7.6431  inference_wait_s:            277.2364  local_forward_s:               0.0000
learner_update_s:             19.7214  infer_batch_mean:              9.1086  infer_batch_max:              12.0000
uniform:                       0.0000  proportional:                  0.0000  constant_mix:                  0.0000
pool_power_mix:                0.0000  random_logits:                 0.0001  actor_logits:                  0.9999
Console Log: /home/QinYiHang/Code/GNN_SPGG/outputs/GNN_SPGG/spgg_CNN_warmup1_Node50_4workers_2GPU_3_25/train.log
================================================================================
Experiment: spgg_CNN_warmup1_Node50_4workers_2GPU_3_25
Run mode  : gnn_train
Network   : regular
Graph     : nodes=50, edges=100, degree_min=4, degree_max=4, degree_mean=4.000
Dynamics  : alpha=0.5, r=2, p_max=100.0, episode_length=150
Consume   : mode=piecewise_linear, fixed_mode=degree_scaled, degree_multiplier=1.0, rate=0.05, threshold=4.0
Strategy  : rule=q_learning, state=none, lr=0.1, gamma=0.1, epsilon=0.05, q0=0.0
Reward    : lambda_payoff=1.0, lambda_cooperation=0.0, lambda_gini=0.0
Reg       : actor_wd=0.0, critic_wd=0.0, actor_entropy_coef=0.0, actor_logit_l2_coef=0.0
================================================================================
Train CFG : steps_per_update=1500, source=training.steps_per_update, total_env_steps=15000000 (training.total_env_steps), total_updates=2500, warmup_env_steps=1 (training.warmup_env_steps)
Train DEV : learner_device=cuda:1, rollout_device=cuda:0, rollout_mode=centralized, rollout_batch_timeout_ms=2.0, rollout_num_threads=1
Eval CFG  : mode=custom_env_families(4), periodic_eval_episodes=8, eval_interval_env_steps=2000000 (training.eval_interval_env_steps), eval_interval_updates=334
Curriculum: regular_only@1[regular:1.00] | regular_plus_scale_free@1001[regular:0.70,scale_free:0.30] | all_topologies@1751[regular:0.40,scale_free:0.30,erdos_renyi:0.15,small_world:0.15]
TensorBoard: log_dir=/home/QinYiHang/Code/GNN_SPGG/outputs/GNN_SPGG/spgg_CNN_warmup1_Node50_4workers_2GPU_3_25/tensorboard/0325_203736
Curriculum: update=1, stage=regular_only, train=['regular'], train_weights=[1.0], eval=['regular']
[INFO 20:42:29] train t_env: 6000 / 15000000 | update: 1 / 2500
[INFO 20:42:29] train Estimated time left: 203 hours, 6 minutes, 53 seconds. Time passed: 4 minutes, 53 seconds
[INFO 20:42:29] train Recent Stats | update: 1 / 2500 | t_env: 6000 / 15000000 | stage: regular_only
train_f_c:                     0.2042  train_gini:                    0.3726  train_R_mean:                314.3921
train_payoff_mean:            19.1778  train_pool_grown:             34.8619  train_pool:                   15.7637
loss:                       1192.1669  policy_loss:                  -0.0546  value_loss:                 1192.2216
mean_rollout_reward:          19.1778  entropy:                       1.6094  actor_logit_l2:                0.0036
actor_lr:                      0.0001  critic_lr:                     0.0001  replay_size:                6000.0000
rollout_sps:                  21.8557  rollout_collect_s:           274.5285  worker_collect_s:            274.1838
env_step_s:                    7.5290  inference_wait_s:            264.1233  local_forward_s:               0.0000
learner_update_s:             17.9241  infer_batch_mean:              2.1439  infer_batch_max:               3.0000
uniform:                       0.0000  proportional:                  0.0000  constant_mix:                  0.0000
pool_power_mix:                0.0000  random_logits:                 0.0002  actor_logits:                  0.9998
