Console Log: /home/QinYiHang/Code/GNN_SPGG/outputs/Pool_dynamic_scan/n50_regular_d4__proportional__piecewise_linear_degree_scaled__q_learning__r1p25/train.log
================================================================================
Experiment: n50_regular_d4__proportional__piecewise_linear_degree_scaled__q_learning__r1p25
Run mode  : proportional
Network   : regular
Graph     : nodes=50, edges=100, degree_min=4, degree_max=4, degree_mean=4.000
Dynamics  : alpha=0.5, r=1.25, p_mode=dynamic, p_c=20.0, episode_length=1000
Consume   : mode=piecewise_linear, fixed_mode=degree_scaled, degree_multiplier=1.0, rate=0.05, threshold=4.0
Strategy  : rule=q_learning, state=none, lr=0.1, gamma=0.1, epsilon=0.05, q0=0.0
Reward    : lambda_payoff=1.0, lambda_cooperation=0.0, lambda_total_resource=0.0, lambda_gini=0.0
Reg       : actor_wd=0.0, critic_wd=0.0, actor_entropy_coef=0.0, actor_logit_l2_coef=0.0
================================================================================
[Episode 001] return=4688.834361, final_actual_cooperation=0.460000, final_gini=0.651514
[INFO 16:38:18] rollout episode: 1 / 5
[INFO 16:38:18] rollout Estimated time left: 11 seconds. Time passed: 3 seconds
[Episode 002] return=4172.167239, final_actual_cooperation=0.380000, final_gini=0.713887
[INFO 16:38:23] rollout episode: 2 / 5
[INFO 16:38:23] rollout Estimated time left: 11 seconds. Time passed: 7 seconds
[Episode 003] return=3732.044492, final_actual_cooperation=0.360000, final_gini=0.726239
[INFO 16:38:26] rollout episode: 3 / 5
[INFO 16:38:26] rollout Estimated time left: 7 seconds. Time passed: 10 seconds
[Episode 004] return=3906.319382, final_actual_cooperation=0.380000, final_gini=0.709050
[INFO 16:38:28] rollout episode: 4 / 5
[INFO 16:38:28] rollout Estimated time left: 3 seconds. Time passed: 13 seconds
[Episode 005] return=4270.620607, final_actual_cooperation=0.420000, final_gini=0.714231
[INFO 16:38:31] rollout episode: 5 / 5
[INFO 16:38:31] rollout Estimated time left: 0 seconds. Time passed: 15 seconds
Final summary:
{
  "return_mean": 4153.997216047198,
  "return_std": 328.44188155589956,
  "final_cooperation_mean": 0.4,
  "final_actual_cooperation_mean": 0.4,
  "final_mean_resource_mean": 36.7614872354445,
  "final_mean_pool_grown_mean": 22.272,
  "final_consumption_mean": 3.394383185654347,
  "final_mean_consumption_mean": 3.394383185654347,
  "final_mean_payoff_mean": 3.276206708011904,
  "final_gini_mean": 0.7029840614211246
}
Results saved to: /home/QinYiHang/Code/GNN_SPGG/outputs/Pool_dynamic_scan/n50_regular_d4__proportional__piecewise_linear_degree_scaled__q_learning__r1p25/results.json
