Console Log: /home/QinYiHang/Code/GNN_SPGG/outputs/Pool_dynamic_scan/n50_ba_m2__proportional__piecewise_linear_constant__fermi__r1p25/train.log
================================================================================
Experiment: n50_ba_m2__proportional__piecewise_linear_constant__fermi__r1p25
Run mode  : proportional
Network   : scale_free
Graph     : nodes=50, edges=97, degree_min=2, degree_max=19, degree_mean=3.880
Dynamics  : alpha=0.5, r=1.25, p_mode=dynamic, p_c=20.0, episode_length=1000
Consume   : mode=piecewise_linear, fixed_mode=constant, fixed=4, rate=0.05, threshold=4.0
Strategy  : rule=fermi, beta=1.0
Reward    : lambda_payoff=1.0, lambda_cooperation=0.0, lambda_total_resource=0.0, lambda_gini=0.0
Reg       : actor_wd=0.0, critic_wd=0.0, actor_entropy_coef=0.0, actor_logit_l2_coef=0.0
================================================================================
[Episode 001] return=2940.281995, final_actual_cooperation=0.340000, final_gini=0.763856
[INFO 16:38:35] rollout episode: 1 / 5
[INFO 16:38:35] rollout Estimated time left: 7 seconds. Time passed: 2 seconds
[Episode 002] return=4343.796725, final_actual_cooperation=0.400000, final_gini=0.734311
[INFO 16:38:38] rollout episode: 2 / 5
[INFO 16:38:38] rollout Estimated time left: 6 seconds. Time passed: 4 seconds
[Episode 003] return=4444.660306, final_actual_cooperation=0.420000, final_gini=0.703033
[INFO 16:38:39] rollout episode: 3 / 5
[INFO 16:38:39] rollout Estimated time left: 4 seconds. Time passed: 6 seconds
[Episode 004] return=3633.208678, final_actual_cooperation=0.440000, final_gini=0.712131
[INFO 16:38:41] rollout episode: 4 / 5
[INFO 16:38:41] rollout Estimated time left: 2 seconds. Time passed: 7 seconds
[Episode 005] return=4455.671414, final_actual_cooperation=0.400000, final_gini=0.703276
[INFO 16:38:43] rollout episode: 5 / 5
[INFO 16:38:43] rollout Estimated time left: 0 seconds. Time passed: 9 seconds
Final summary:
{
  "return_mean": 3963.5238236990845,
  "return_std": 595.7249329268948,
  "final_cooperation_mean": 0.4,
  "final_actual_cooperation_mean": 0.4,
  "final_mean_resource_mean": 41.31444789128999,
  "final_mean_pool_grown_mean": 25.3549463402095,
  "final_consumption_mean": 3.5857223945645003,
  "final_mean_consumption_mean": 3.5857223945645003,
  "final_mean_payoff_mean": 3.5857223945645003,
  "final_gini_mean": 0.7233215170965981
}
Results saved to: /home/QinYiHang/Code/GNN_SPGG/outputs/Pool_dynamic_scan/n50_ba_m2__proportional__piecewise_linear_constant__fermi__r1p25/results.json
