Console Log: /home/QinYiHang/Code/GNN_SPGG/outputs/Pool_dynamic_scan/n50_regular_d4__proportional__piecewise_linear_degree_scaled__fermi__r1p25/train.log
================================================================================
Experiment: n50_regular_d4__proportional__piecewise_linear_degree_scaled__fermi__r1p25
Run mode  : proportional
Network   : regular
Graph     : nodes=50, edges=100, degree_min=4, degree_max=4, degree_mean=4.000
Dynamics  : alpha=0.5, r=1.25, p_mode=dynamic, p_c=20.0, episode_length=1000
Consume   : mode=piecewise_linear, fixed_mode=degree_scaled, degree_multiplier=1.0, rate=0.05, threshold=4.0
Strategy  : rule=fermi, beta=1.0
Reward    : lambda_payoff=1.0, lambda_cooperation=0.0, lambda_total_resource=0.0, lambda_gini=0.0
Reg       : actor_wd=0.0, critic_wd=0.0, actor_entropy_coef=0.0, actor_logit_l2_coef=0.0
================================================================================
[Episode 001] return=4074.132305, final_actual_cooperation=0.400000, final_gini=0.725018
[INFO 16:38:39] rollout episode: 1 / 5
[INFO 16:38:39] rollout Estimated time left: 7 seconds. Time passed: 2 seconds
[Episode 002] return=4280.862406, final_actual_cooperation=0.380000, final_gini=0.775089
[INFO 16:38:41] rollout episode: 2 / 5
[INFO 16:38:41] rollout Estimated time left: 6 seconds. Time passed: 4 seconds
[Episode 003] return=4042.612543, final_actual_cooperation=0.400000, final_gini=0.730142
[INFO 16:38:43] rollout episode: 3 / 5
[INFO 16:38:43] rollout Estimated time left: 4 seconds. Time passed: 6 seconds
[Episode 004] return=3161.085457, final_actual_cooperation=0.340000, final_gini=0.749443
[INFO 16:38:45] rollout episode: 4 / 5
[INFO 16:38:45] rollout Estimated time left: 2 seconds. Time passed: 8 seconds
[Episode 005] return=4122.900444, final_actual_cooperation=0.380000, final_gini=0.757043
[INFO 16:38:46] rollout episode: 5 / 5
[INFO 16:38:46] rollout Estimated time left: 0 seconds. Time passed: 9 seconds
Final summary:
{
  "return_mean": 3936.3186311101076,
  "return_std": 396.1819440535428,
  "final_cooperation_mean": 0.38000000000000006,
  "final_actual_cooperation_mean": 0.38000000000000006,
  "final_mean_resource_mean": 32.970909090909096,
  "final_mean_pool_grown_mean": 20.528,
  "final_consumption_mean": 3.092545454545455,
  "final_mean_consumption_mean": 3.092545454545455,
  "final_mean_payoff_mean": 3.092545454545454,
  "final_gini_mean": 0.7473469835751352
}
Results saved to: /home/QinYiHang/Code/GNN_SPGG/outputs/Pool_dynamic_scan/n50_regular_d4__proportional__piecewise_linear_degree_scaled__fermi__r1p25/results.json
