Console Log: /home/QinYiHang/Code/GNN_SPGG/outputs/Pool_dynamic_scan/n50_ba_m2__uniform__piecewise_linear_degree_scaled__q_learning__r0p25/train.log
================================================================================
Experiment: n50_ba_m2__uniform__piecewise_linear_degree_scaled__q_learning__r0p25
Run mode  : uniform
Network   : scale_free
Graph     : nodes=50, edges=97, degree_min=2, degree_max=19, degree_mean=3.880
Dynamics  : alpha=0.5, r=0.25, p_mode=dynamic, p_c=20.0, episode_length=1000
Consume   : mode=piecewise_linear, fixed_mode=degree_scaled, degree_multiplier=1.0, rate=0.05, threshold=4.0
Strategy  : rule=q_learning, state=none, lr=0.1, gamma=0.1, epsilon=0.05, q0=0.0
Reward    : lambda_payoff=1.0, lambda_cooperation=0.0, lambda_total_resource=0.0, lambda_gini=0.0
Reg       : actor_wd=0.0, critic_wd=0.0, actor_entropy_coef=0.0, actor_logit_l2_coef=0.0
================================================================================
[Episode 001] return=1.586912, final_actual_cooperation=0.000000, final_gini=0.000000
[INFO 16:39:00] rollout episode: 1 / 5
[INFO 16:39:00] rollout Estimated time left: 10 seconds. Time passed: 3 seconds
[Episode 002] return=2.116509, final_actual_cooperation=0.000000, final_gini=0.000000
[INFO 16:39:03] rollout episode: 2 / 5
[INFO 16:39:03] rollout Estimated time left: 9 seconds. Time passed: 6 seconds
[Episode 003] return=1.492374, final_actual_cooperation=0.000000, final_gini=0.000000
[INFO 16:39:05] rollout episode: 3 / 5
[INFO 16:39:05] rollout Estimated time left: 6 seconds. Time passed: 8 seconds
[Episode 004] return=1.226132, final_actual_cooperation=0.000000, final_gini=0.000000
[INFO 16:39:08] rollout episode: 4 / 5
[INFO 16:39:08] rollout Estimated time left: 3 seconds. Time passed: 11 seconds
[Episode 005] return=1.806292, final_actual_cooperation=0.000000, final_gini=0.000000
[INFO 16:39:11] rollout episode: 5 / 5
[INFO 16:39:11] rollout Estimated time left: 0 seconds. Time passed: 14 seconds
Final summary:
{
  "return_mean": 1.6456437045430945,
  "return_std": 0.3001508684745273,
  "final_cooperation_mean": 0.0,
  "final_actual_cooperation_mean": 0.0,
  "final_mean_resource_mean": 0.0,
  "final_mean_pool_grown_mean": 0.0,
  "final_consumption_mean": 0.0,
  "final_mean_consumption_mean": 0.0,
  "final_mean_payoff_mean": 0.0,
  "final_gini_mean": 0.0
}
Results saved to: /home/QinYiHang/Code/GNN_SPGG/outputs/Pool_dynamic_scan/n50_ba_m2__uniform__piecewise_linear_degree_scaled__q_learning__r0p25/results.json
