Console Log: /home/QinYiHang/Code/GNN_SPGG/outputs/Pool_dynamic_scan/n50_er_k4__proportional__piecewise_linear_degree_scaled__q_learning__r0p75/train.log
================================================================================
Experiment: n50_er_k4__proportional__piecewise_linear_degree_scaled__q_learning__r0p75
Run mode  : proportional
Network   : erdos_renyi
ER Params : target_mean_degree=4.0, edge_prob=0.0816327
Graph     : nodes=50, edges=89, degree_min=0, degree_max=8, degree_mean=3.560
Dynamics  : alpha=0.5, r=0.75, p_mode=dynamic, p_c=20.0, episode_length=1000
Consume   : mode=piecewise_linear, fixed_mode=degree_scaled, degree_multiplier=1.0, rate=0.05, threshold=4.0
Strategy  : rule=q_learning, state=none, lr=0.1, gamma=0.1, epsilon=0.05, q0=0.0
Reward    : lambda_payoff=1.0, lambda_cooperation=0.0, lambda_total_resource=0.0, lambda_gini=0.0
Reg       : actor_wd=0.0, critic_wd=0.0, actor_entropy_coef=0.0, actor_logit_l2_coef=0.0
================================================================================
[Episode 001] return=2527.242278, final_actual_cooperation=0.400000, final_gini=0.748063
[INFO 16:38:20] rollout episode: 1 / 5
[INFO 16:38:20] rollout Estimated time left: 17 seconds. Time passed: 4 seconds
[Episode 002] return=2798.407860, final_actual_cooperation=0.440000, final_gini=0.686759
[INFO 16:38:24] rollout episode: 2 / 5
[INFO 16:38:24] rollout Estimated time left: 12 seconds. Time passed: 8 seconds
[Episode 003] return=2531.272400, final_actual_cooperation=0.420000, final_gini=0.710560
[INFO 16:38:27] rollout episode: 3 / 5
[INFO 16:38:27] rollout Estimated time left: 7 seconds. Time passed: 11 seconds
[Episode 004] return=3112.993913, final_actual_cooperation=0.460000, final_gini=0.658357
[INFO 16:38:29] rollout episode: 4 / 5
[INFO 16:38:29] rollout Estimated time left: 3 seconds. Time passed: 14 seconds
[Episode 005] return=2691.666634, final_actual_cooperation=0.340000, final_gini=0.737201
[INFO 16:38:32] rollout episode: 5 / 5
[INFO 16:38:32] rollout Estimated time left: 0 seconds. Time passed: 16 seconds
Final summary:
{
  "return_mean": 2732.3166167968516,
  "return_std": 216.06014849663154,
  "final_cooperation_mean": 0.41200000000000003,
  "final_actual_cooperation_mean": 0.41200000000000003,
  "final_mean_resource_mean": 20.29645312834222,
  "final_mean_pool_grown_mean": 13.022366955556958,
  "final_consumption_mean": 1.9843035134130815,
  "final_mean_consumption_mean": 1.9843035134130815,
  "final_mean_payoff_mean": 1.826686373493675,
  "final_gini_mean": 0.7081880103496984
}
Results saved to: /home/QinYiHang/Code/GNN_SPGG/outputs/Pool_dynamic_scan/n50_er_k4__proportional__piecewise_linear_degree_scaled__q_learning__r0p75/results.json
