Console Log: D:\PyCharm_Community_Edition_2024_01_04\Py_Projects\GNN_SPGG\outputs\Pool_dynamic\0405_spgg_GNN_20Nodes_150length_Qlearn_stop_after_demo_pretrain=True\train.log
================================================================================
Experiment: 0405_spgg_GNN_20Nodes_150length_Qlearn_stop_after_demo_pretrain=True
Run mode  : gnn_train
Network   : regular
Graph     : nodes=20, edges=40, degree_min=4, degree_max=4, degree_mean=4.000
Dynamics  : alpha=0.5, r=0.5, p_mode=dynamic, p_c=50.0, episode_length=150
Consume   : mode=piecewise_linear, fixed_mode=degree_scaled, degree_multiplier=1.0, rate=0.05, threshold=5.0
Strategy  : rule=q_learning, state=none, lr=0.05, gamma=0.1, epsilon=0.01, q0=0.0
Reward    : lambda_payoff=0.0, lambda_cooperation=2.0, lambda_total_resource=0.2695417789757412, lambda_collapse=1, lambda_gini=1.0
Reg       : actor_wd=0.0, critic_wd=0.0, actor_entropy_coef=0.0005, actor_logit_l2_coef=5e-05
================================================================================
Train CFG : steps_per_update=400, source=training.steps_per_update, total_env_steps=100003200 (training.total_env_steps, excludes warmup), warmup_env_steps=307200 (training.warmup_env_steps), total_rollout_env_steps=100310400, total_updates=20898
Train DEV : learner_device=cuda:3, rollout_device=cuda:2, rollout_mode=local, rollout_batch_timeout_ms=2.0, rollout_num_threads=1, num_envs_per_worker=4, overlap_rollout_update=True
Replay CFG: strategy=topology_stratified_mixed, capacity=500000, topology_names=regular,erdos_renyi,small_world,scale_free, recent=0.50, long_term=0.35, demo=0.15, demo_source=pool_power_mix, collapse_cap_per_topology=0.20
Demo CFG : collection_steps=100000, behavior=pool_power_mix, use_domain_randomization=True, network_types=regular,erdos_renyi,small_world,scale_free, runtime=parallel_cpu, actor_bc_updates=5000, critic_pretrain_updates=5000, critic_target=n_step, n_step=10, batch_size=256, val_batch_size=128, val_frac=0.1, eval_interval=200, patience=5, min_improve=0.01, dataset_path=None, save_ckpt=False, ckpt_name=demo_pretrained.pt, stop_after=True
Stab CFG : teacher_takeover=True(0.8->0.0, end@0.3), adaptive_release=True(return>=0.85x, actor_bc<=1.20x, critic<=1.50x, need=3/2), q_filter=True(margin=0.0, online_only=True, require_release=True), actor_q_coef=0.05->1.0 end@0.5, critic_loss=huber, huber_delta=1.0, grad_clip(actor=10.0, critic=10.0)
Eval CFG  : mode=custom_env_families(4), periodic_eval_episodes=8, eval_interval_env_steps=2000000 (training.eval_interval_env_steps), eval_interval_updates=417
Curriculum: regular__small_world@1[regular:0.25,small_world:0.25,erdos_renyi:0.25,scale_free:0.25] | regular__scale_free__erdos_renyi@3135[regular:0.25,small_world:0.25,erdos_renyi:0.25,scale_free:0.25] | all_topologies@11494[regular:0.25,scale_free:0.25,erdos_renyi:0.25,small_world:0.25]
Demo Pretrain | external collection start | env_steps=100000 | behavior=pool_power_mix
Demo Pretrain | runtime=parallel_cpu | envs=48 | steps_per_sync=400
