Console Log: /home/QinYiHang/Code/GNN_SPGG/outputs/Pool_dynamic_scan/n50_er_k4__proportional__piecewise_linear_constant__q_learning__r1p25/train.log
================================================================================
Experiment: n50_er_k4__proportional__piecewise_linear_constant__q_learning__r1p25
Run mode  : proportional
Network   : erdos_renyi
ER Params : target_mean_degree=4.0, edge_prob=0.0816327
Graph     : nodes=50, edges=89, degree_min=0, degree_max=8, degree_mean=3.560
Dynamics  : alpha=0.5, r=1.25, p_mode=dynamic, p_c=20.0, episode_length=1000
Consume   : mode=piecewise_linear, fixed_mode=constant, fixed=4, rate=0.05, threshold=4.0
Strategy  : rule=q_learning, state=none, lr=0.1, gamma=0.1, epsilon=0.05, q0=0.0
Reward    : lambda_payoff=1.0, lambda_cooperation=0.0, lambda_total_resource=0.0, lambda_gini=0.0
Reg       : actor_wd=0.0, critic_wd=0.0, actor_entropy_coef=0.0, actor_logit_l2_coef=0.0
================================================================================
[Episode 001] return=4600.317596, final_actual_cooperation=0.420000, final_gini=0.692033
[INFO 16:38:19] rollout episode: 1 / 5
[INFO 16:38:19] rollout Estimated time left: 15 seconds. Time passed: 4 seconds
[Episode 002] return=4484.533900, final_actual_cooperation=0.420000, final_gini=0.708745
[INFO 16:38:23] rollout episode: 2 / 5
[INFO 16:38:23] rollout Estimated time left: 12 seconds. Time passed: 8 seconds
[Episode 003] return=5065.883658, final_actual_cooperation=0.500000, final_gini=0.632689
[INFO 16:38:26] rollout episode: 3 / 5
[INFO 16:38:26] rollout Estimated time left: 7 seconds. Time passed: 10 seconds
[Episode 004] return=4514.514133, final_actual_cooperation=0.420000, final_gini=0.724069
[INFO 16:38:28] rollout episode: 4 / 5
[INFO 16:38:28] rollout Estimated time left: 3 seconds. Time passed: 13 seconds
[Episode 005] return=3725.589366, final_actual_cooperation=0.380000, final_gini=0.733946
[INFO 16:38:31] rollout episode: 5 / 5
[INFO 16:38:31] rollout Estimated time left: 0 seconds. Time passed: 16 seconds
Final summary:
{
  "return_mean": 4478.167730531672,
  "return_std": 430.8285935683241,
  "final_cooperation_mean": 0.42799999999999994,
  "final_actual_cooperation_mean": 0.42799999999999994,
  "final_mean_resource_mean": 42.63306828058377,
  "final_mean_pool_grown_mean": 25.399650793650796,
  "final_consumption_mean": 3.8126837899597517,
  "final_mean_consumption_mean": 3.8126837899597517,
  "final_mean_payoff_mean": 3.6320762713484966,
  "final_gini_mean": 0.6982965094817076
}
Results saved to: /home/QinYiHang/Code/GNN_SPGG/outputs/Pool_dynamic_scan/n50_er_k4__proportional__piecewise_linear_constant__q_learning__r1p25/results.json
