Console Log: /home/QinYiHang/Code/GNN_SPGG/outputs/perf_baseline/spgg_CNN_12workers_1GPU_3_25_10__baseline__20260325_224407__centralized_split_gpu/train.log
================================================================================
Experiment: spgg_CNN_12workers_1GPU_3_25_10__baseline__20260325_224407__centralized_split_gpu
Run mode  : gnn_train
Network   : regular
Graph     : nodes=50, edges=100, degree_min=4, degree_max=4, degree_mean=4.000
Dynamics  : alpha=0.5, r=2, p_max=100.0, episode_length=150
Consume   : mode=piecewise_linear, fixed_mode=degree_scaled, degree_multiplier=1.0, rate=0.05, threshold=4.0
Strategy  : rule=q_learning, state=none, lr=0.1, gamma=0.1, epsilon=0.05, q0=0.0
Reward    : lambda_payoff=1.0, lambda_cooperation=0.0, lambda_gini=0.0
Reg       : actor_wd=0.0, critic_wd=0.0, actor_entropy_coef=0.0, actor_logit_l2_coef=0.0
================================================================================
Train CFG : steps_per_update=750, source=training.steps_per_update, total_env_steps=72000 (training.total_updates), total_updates=8, warmup_env_steps=9000 (training.warmup_env_steps)
Train DEV : learner_device=cuda:1, rollout_device=cuda:2, rollout_mode=centralized, rollout_batch_timeout_ms=2.0, rollout_num_threads=1, num_envs_per_worker=4, overlap_rollout_update=True
Eval CFG  : mode=custom_env_families(4), periodic_eval_episodes=2, eval_interval_env_steps=36000 (training.eval_interval), eval_interval_updates=4
Curriculum: regular_only@1[regular:1.00] | regular_plus_scale_free@4[regular:0.70,scale_free:0.30] | all_topologies@6[regular:0.40,scale_free:0.30,erdos_renyi:0.15,small_world:0.15]
Curriculum: update=1, stage=regular_only, train=['regular'], train_weights=[1.0], eval=['regular']
[INFO 22:44:40] train t_env: 9000 / 72000 | update: 1 / 8
[INFO 22:44:40] train Estimated time left: 40 seconds. Time passed: 6 seconds
[INFO 22:44:40] train Recent Stats | update: 1 / 8 | t_env: 9000 / 72000 | stage: regular_only
train_f_c:                     0.5817  train_gini:                    0.3197  train_R_mean:                255.4447
train_payoff_mean:            18.8317  train_pool_grown:             80.1895  train_pool:                   61.3088
loss:                        978.2229  policy_loss:                  -0.1465  value_loss:                  978.3694
mean_rollout_reward:          18.8317  entropy:                       1.6094  actor_logit_l2:                0.0032
actor_lr:                      0.0001  critic_lr:                     0.0001  replay_size:                9000.0000
rollout_sps:                2803.0555  rollout_collect_s:             3.2108  worker_collect_s:              2.6887
env_step_s:                    1.7815  inference_wait_s:              0.0000  local_forward_s:               0.0000
action_to_numpy_s:             0.0133  transition_encode_s:           0.3201  stack_transitions_s:           0.0285
shm_serialize_s:               0.0155  shm_deserialize_s:             0.0067  rollout_wait_s:                0.0000
overlap_s:                     0.0000  actor_sync_s:                  0.1845  actor_publish_s:               0.0049
actor_sync_server_s:           0.0201  actor_sync_worker_s:           0.1596  replay_extend_s:               0.0416
replay_sample_s:               0.0014  to_device_s:                   0.0019  critic_update_s:               0.3405
actor_update_s:                0.0000  target_update_s:               0.0000  learner_update_s:              2.3386
eval_s:                        0.0000  infer_batch_mean:              0.0000  infer_batch_max:               0.0000
uniform:                       0.1456  proportional:                  0.3250  constant_mix:                  0.1542
pool_power_mix:                0.2126  random_logits:                 0.1627  actor_logits:                  0.0000
[INFO 22:44:56] train t_env: 18000 / 72000 | update: 2 / 8
[INFO 22:44:56] train Estimated time left: 1 minutes, 6 seconds. Time passed: 22 seconds
[INFO 22:44:56] train Recent Stats | update: 2 / 8 | t_env: 18000 / 72000 | stage: regular_only
train_f_c:                     0.4355  train_gini:                    0.3407  train_R_mean:                337.7615
train_payoff_mean:            22.2886  train_pool_grown:             65.0082  train_pool:                   42.7233
loss:                        945.1172  policy_loss:                  -0.1904  value_loss:                  945.3076
mean_rollout_reward:          22.2886  entropy:                       1.6094  actor_logit_l2:                0.0029
actor_lr:                      0.0001  critic_lr:                     0.0001  replay_size:               13500.0000
rollout_sps:                1684.7201  rollout_collect_s:             9.5505  worker_collect_s:              9.1300
env_step_s:                    1.9673  inference_wait_s:              6.3058  local_forward_s:               0.0000
action_to_numpy_s:             0.0139  transition_encode_s:           0.3741  stack_transitions_s:           0.0335
shm_serialize_s:               0.0165  shm_deserialize_s:             0.0037  rollout_wait_s:                7.1172
overlap_s:                     0.8279  actor_sync_s:                  0.1882  actor_publish_s:               0.0044
actor_sync_server_s:           0.0203  actor_sync_worker_s:           0.1634  replay_extend_s:               0.0450
replay_sample_s:               0.0015  to_device_s:                   0.0020  critic_update_s:               0.3286
actor_update_s:                0.0000  target_update_s:               0.0000  learner_update_s:              1.9962
eval_s:                        0.0000  infer_batch_mean:             13.0926  infer_batch_max:              24.0000
uniform:                       0.0728  proportional:                  0.1625  constant_mix:                  0.0771
pool_power_mix:                0.1063  random_logits:                 0.0813  actor_logits:                  0.5000
[INFO 22:45:11] train t_env: 27000 / 72000 | update: 3 / 8
[INFO 22:45:11] train Estimated time left: 1 minutes, 2 seconds. Time passed: 37 seconds
[INFO 22:45:11] train Recent Stats | update: 3 / 8 | t_env: 27000 / 72000 | stage: regular_only
train_f_c:                     0.3547  train_gini:                    0.3502  train_R_mean:                331.7400
train_payoff_mean:            20.9456  train_pool_grown:             54.3534  train_pool:                   33.4504
loss:                       1082.9560  policy_loss:                  -0.2191  value_loss:                 1083.1751
mean_rollout_reward:          20.9456  entropy:                       1.6094  actor_logit_l2:                0.0035
actor_lr:                      0.0001  critic_lr:                     0.0001  replay_size:               18000.0000
rollout_sps:                1321.7304  rollout_collect_s:            11.4027  worker_collect_s:             11.0410
env_step_s:                    2.0167  inference_wait_s:              8.1836  local_forward_s:               0.0000
action_to_numpy_s:             0.0155  transition_encode_s:           0.3682  stack_transitions_s:           0.0355
shm_serialize_s:               0.0170  shm_deserialize_s:             0.0028  rollout_wait_s:                9.0615
overlap_s:                     1.2710  actor_sync_s:                  0.2095  actor_publish_s:               0.0042
actor_sync_server_s:           0.0210  actor_sync_worker_s:           0.1842  replay_extend_s:               0.0447
replay_sample_s:               0.0029  to_device_s:                   0.0019  critic_update_s:               0.3504
actor_update_s:                0.0000  target_update_s:               0.0000  learner_update_s:              2.0497
eval_s:                        0.0000  infer_batch_mean:             16.7497  infer_batch_max:              32.0000
uniform:                       0.0485  proportional:                  0.1083  constant_mix:                  0.0514
pool_power_mix:                0.0709  random_logits:                 0.0542  actor_logits:                  0.6667
Curriculum: update=4, stage=regular_plus_scale_free, train=['regular', 'scale_free'], train_weights=[0.7, 0.3], eval=['regular', 'scale_free']
[INFO 22:45:33] train t_env: 36000 / 72000 | update: 4 / 8
[INFO 22:45:33] train Estimated time left: 59 seconds. Time passed: 59 seconds
[INFO 22:45:33] train Recent Stats | update: 4 / 8 | t_env: 36000 / 72000 | stage: regular_plus_scale_free
train_f_c:                     0.3299  train_gini:                    0.3622  train_R_mean:                329.8725
train_payoff_mean:            21.3476  train_pool_grown:             51.2944  train_pool:                   29.9658
f_c:                           0.0000  gini:                          0.6686  return_mean:                2906.2601
R_mean:                      320.3176  payoff_mean:                  19.3751  pool_grown_mean:              36.3356
pool_mean:                    16.9606  R_total_mean:              16015.8784  collapse_rate:                 0.2500
loss:                       1118.7404  policy_loss:                  -0.2458  value_loss:                 1118.9863
mean_rollout_reward:          21.3476  entropy:                       1.6094  actor_logit_l2:                0.0041
actor_lr:                      0.0001  critic_lr:                     0.0001  replay_size:               22500.0000
rollout_sps:                1123.4200  rollout_collect_s:            12.8094  worker_collect_s:             12.4792
env_step_s:                    2.1053  inference_wait_s:              9.5226  local_forward_s:               0.0000
action_to_numpy_s:             0.0164  transition_encode_s:           0.3720  stack_transitions_s:           0.0345
shm_serialize_s:               0.0164  shm_deserialize_s:             0.0023  rollout_wait_s:               10.6833
overlap_s:                     1.3235  actor_sync_s:                  0.2004  actor_publish_s:               0.0040
actor_sync_server_s:           0.0198  actor_sync_worker_s:           0.1766  replay_extend_s:               0.0443
replay_sample_s:               0.0039  to_device_s:                   0.0019  critic_update_s:               0.3295
actor_update_s:                0.0000  target_update_s:               0.0000  learner_update_s:              1.9073
eval_s:                        1.1270  infer_batch_mean:             18.7196  infer_batch_max:              35.0000
uniform:                       0.0364  proportional:                  0.0813  constant_mix:                  0.0386
pool_power_mix:                0.0531  random_logits:                 0.0407  actor_logits:                  0.7500
[INFO 22:45:33] train Latest eval | f_c=0.0000, gini=0.6686, return=2906.2601, R=320.3176, payoff=19.3751, pool_grown=36.3356, pool=16.9606, collapse_rate=0.2500
[INFO 22:45:50] train t_env: 45000 / 72000 | update: 5 / 8
[INFO 22:45:50] train Estimated time left: 46 seconds. Time passed: 1 minutes, 16 seconds
[INFO 22:45:50] train Recent Stats | update: 5 / 8 | t_env: 45000 / 72000 | stage: regular_plus_scale_free
train_f_c:                     0.3093  train_gini:                    0.3714  train_R_mean:                335.9514
train_payoff_mean:            21.2988  train_pool_grown:             48.7953  train_pool:                   27.5393
f_c:                           0.0000  gini:                          0.6686  return_mean:                2906.2601
R_mean:                      320.3176  payoff_mean:                  19.3751  pool_grown_mean:              36.3356
pool_mean:                    16.9606  R_total_mean:              16015.8784  collapse_rate:                 0.2500
loss:                       1184.4474  policy_loss:                  -0.2693  value_loss:                 1184.7167
mean_rollout_reward:          21.2988  entropy:                       1.6064  actor_logit_l2:                0.0046
actor_lr:                      0.0001  critic_lr:                     0.0001  replay_size:               27000.0000
rollout_sps:                1002.6607  rollout_collect_s:            13.7116  worker_collect_s:             13.4023
env_step_s:                    2.1225  inference_wait_s:             10.4427  local_forward_s:               0.0000
action_to_numpy_s:             0.0164  transition_encode_s:           0.3678  stack_transitions_s:           0.0330
shm_serialize_s:               0.0158  shm_deserialize_s:             0.0021  rollout_wait_s:               11.6386
overlap_s:                     1.4309  actor_sync_s:                  0.1922  actor_publish_s:               0.0039
actor_sync_server_s:           0.0190  actor_sync_worker_s:           0.1692  replay_extend_s:               0.0442
replay_sample_s:               0.0039  to_device_s:                   0.0018  critic_update_s:               0.3273
actor_update_s:                0.0000  target_update_s:               0.0000  learner_update_s:              1.8978
eval_s:                        0.9016  infer_batch_mean:             19.9207  infer_batch_max:              37.6000
uniform:                       0.0291  proportional:                  0.0650  constant_mix:                  0.0308
pool_power_mix:                0.0425  random_logits:                 0.0325  actor_logits:                  0.8000
Curriculum: update=6, stage=all_topologies, train=['regular', 'scale_free', 'erdos_renyi', 'small_world'], train_weights=[0.4, 0.3, 0.15, 0.15], eval=['regular', 'scale_free', 'erdos_renyi', 'small_world']
[INFO 22:46:08] train t_env: 54000 / 72000 | update: 6 / 8
[INFO 22:46:08] train Estimated time left: 31 seconds. Time passed: 1 minutes, 34 seconds
[INFO 22:46:08] train Recent Stats | update: 6 / 8 | t_env: 54000 / 72000 | stage: all_topologies
train_f_c:                     0.2437  train_gini:                    0.3907  train_R_mean:                346.1040
train_payoff_mean:            21.8129  train_pool_grown:             40.8972  train_pool:                   19.1271
f_c:                           0.0000  gini:                          0.6686  return_mean:                2906.2601
R_mean:                      320.3176  payoff_mean:                  19.3751  pool_grown_mean:              36.3356
pool_mean:                    16.9606  R_total_mean:              16015.8784  collapse_rate:                 0.2500
loss:                       1252.7416  policy_loss:                  -0.3232  value_loss:                 1253.0647
mean_rollout_reward:          21.8129  entropy:                       1.6038  actor_logit_l2:                0.0056
actor_lr:                      0.0001  critic_lr:                     0.0001  replay_size:               36000.0000
rollout_sps:                 545.6753  rollout_collect_s:            16.5435  worker_collect_s:             16.2883
env_step_s:                    2.2025  inference_wait_s:             13.2770  local_forward_s:               0.0000
action_to_numpy_s:             0.0171  transition_encode_s:           0.3723  stack_transitions_s:           0.0346
shm_serialize_s:               0.0159  shm_deserialize_s:             0.0009  rollout_wait_s:               14.7587
overlap_s:                     1.7847  actor_sync_s:                  0.1903  actor_publish_s:               0.0039
actor_sync_server_s:           0.0188  actor_sync_worker_s:           0.1676  replay_extend_s:               0.0452
replay_sample_s:               0.0043  to_device_s:                   0.0017  critic_update_s:               0.3240
actor_update_s:                0.0000  target_update_s:               0.0000  learner_update_s:              1.7837
eval_s:                        0.9016  infer_batch_mean:             25.5275  infer_batch_max:              44.8000
uniform:                       0.0000  proportional:                  0.0000  constant_mix:                  0.0000
pool_power_mix:                0.0000  random_logits:                 0.0000  actor_logits:                  1.0000
[INFO 22:46:26] train t_env: 63000 / 72000 | update: 7 / 8
[INFO 22:46:26] train Estimated time left: 16 seconds. Time passed: 1 minutes, 52 seconds
[INFO 22:46:26] train Recent Stats | update: 7 / 8 | t_env: 63000 / 72000 | stage: all_topologies
train_f_c:                     0.2314  train_gini:                    0.4035  train_R_mean:                333.0856
train_payoff_mean:            20.8405  train_pool_grown:             38.6540  train_pool:                   17.8725
f_c:                           0.0000  gini:                          0.6686  return_mean:                2906.2601
R_mean:                      320.3176  payoff_mean:                  19.3751  pool_grown_mean:              36.3356
pool_mean:                    16.9606  R_total_mean:              16015.8784  collapse_rate:                 0.2500
loss:                       1333.2857  policy_loss:                  -0.3759  value_loss:                 1333.6617
mean_rollout_reward:          20.8405  entropy:                       1.5974  actor_logit_l2:                0.0072
actor_lr:                      0.0001  critic_lr:                     0.0001  replay_size:               45000.0000
rollout_sps:                 532.1100  rollout_collect_s:            16.9758  worker_collect_s:             16.7226
env_step_s:                    2.2086  inference_wait_s:             13.6864  local_forward_s:               0.0000
action_to_numpy_s:             0.0189  transition_encode_s:           0.3777  stack_transitions_s:           0.0335
shm_serialize_s:               0.0156  shm_deserialize_s:             0.0010  rollout_wait_s:               15.1181
overlap_s:                     1.8577  actor_sync_s:                  0.1832  actor_publish_s:               0.0042
actor_sync_server_s:           0.0176  actor_sync_worker_s:           0.1614  replay_extend_s:               0.0449
replay_sample_s:               0.0051  to_device_s:                   0.0016  critic_update_s:               0.3208
actor_update_s:                0.0000  target_update_s:               0.0000  learner_update_s:              1.8570
eval_s:                        0.9016  infer_batch_mean:             25.1518  infer_batch_max:              44.8000
uniform:                       0.0000  proportional:                  0.0000  constant_mix:                  0.0000
pool_power_mix:                0.0000  random_logits:                 0.0000  actor_logits:                  1.0000
[INFO 22:46:57] train t_env: 72000 / 72000 | update: 8 / 8
[INFO 22:46:57] train Estimated time left: 0 seconds. Time passed: 2 minutes, 23 seconds
[INFO 22:46:57] train Recent Stats | update: 8 / 8 | t_env: 72000 / 72000 | stage: all_topologies
train_f_c:                     0.2332  train_gini:                    0.4165  train_R_mean:                332.7419
train_payoff_mean:            20.8642  train_pool_grown:             38.8334  train_pool:                   18.0267
f_c:                           0.0100  gini:                          0.7126  return_mean:                2935.9569
R_mean:                      322.9693  payoff_mean:                  19.5730  pool_grown_mean:              36.7138
pool_mean:                    17.1408  R_total_mean:              16148.4662  collapse_rate:                 0.1875
loss:                       1332.0788  policy_loss:                  -0.4387  value_loss:                 1332.5175
mean_rollout_reward:          20.8642  entropy:                       1.5917  actor_logit_l2:                0.0089
actor_lr:                      0.0001  critic_lr:                     0.0001  replay_size:               54000.0000
rollout_sps:                 512.6090  rollout_collect_s:            17.5671  worker_collect_s:             17.3202
env_step_s:                    2.2463  inference_wait_s:             14.2500  local_forward_s:               0.0000
action_to_numpy_s:             0.0186  transition_encode_s:           0.3804  stack_transitions_s:           0.0326
shm_serialize_s:               0.0157  shm_deserialize_s:             0.0010  rollout_wait_s:               15.6802
overlap_s:                     1.8869  actor_sync_s:                  0.1684  actor_publish_s:               0.0048
actor_sync_server_s:           0.0168  actor_sync_worker_s:           0.1468  replay_extend_s:               0.0455
replay_sample_s:               0.0052  to_device_s:                   0.0017  critic_update_s:               0.3267
actor_update_s:                0.0000  target_update_s:               0.0000  learner_update_s:              1.8860
eval_s:                        3.4558  infer_batch_mean:             25.7057  infer_batch_max:              44.8000
uniform:                       0.0000  proportional:                  0.0000  constant_mix:                  0.0000
pool_power_mix:                0.0000  random_logits:                 0.0000  actor_logits:                  1.0000
[INFO 22:46:57] train Latest eval | f_c=0.0200, gini=0.7565, return=2965.6536, R=325.6211, payoff=19.7710, pool_grown=37.0920, pool=17.3210, collapse_rate=0.1250
Final summary:
{
  "update": 8.0,
  "loss": 1352.5991420447826,
  "policy_loss": -0.5903415977954865,
  "value_loss": 1353.1894836425781,
  "entropy": 1.5809499740600585,
  "critic1_loss": 689.6304244995117,
  "critic2_loss": 663.5590591430664,
  "critic_loss": 1353.1894836425781,
  "actor_loss": -0.5903415977954865,
  "actor_q_loss": -0.5903415977954865,
  "actor_entropy": 1.5809499740600585,
  "actor_logit_l2": 0.013398509058557865,
  "actor_reg_loss": 0.0,
  "replay_size": 72000.0,
  "mean_rollout_reward": 18.37822293185678,
  "actor_lr": 9.907562188221045e-05,
  "critic_lr": 9.907562188221045e-05,
  "curriculum_stage": 2.0,
  "rollout_f_c": 0.2021488888888889,
  "rollout_R_mean": 317.9780658169625,
  "rollout_gini": 0.434562570165053,
  "rollout_payoff_mean": 18.37822293185678,
  "rollout_pool_grown_mean": 33.940570230186076,
  "rollout_pool_mean": 15.675459801914961,
  "profile_rollout_collect_seconds": 18.063375328667462,
  "profile_rollout_collect_worker_seconds": 17.850775360052165,
  "profile_rollout_env_step_seconds": 2.303795783314854,
  "profile_rollout_inference_wait_seconds": 14.75728681590408,
  "profile_rollout_local_policy_forward_seconds": 0.0,
  "profile_rollout_action_to_numpy_seconds": 0.017035737556094926,
  "profile_rollout_transition_encode_seconds": 0.36962663164983195,
  "profile_rollout_stack_transitions_seconds": 0.03486355363080899,
  "profile_rollout_shared_memory_serialize_seconds": 0.01851277092161278,
  "profile_rollout_shared_memory_deserialize_seconds": 0.0010958926286548376,
  "profile_rollout_finish_wait_seconds": 15.760410132817924,
  "profile_rollout_overlap_seconds": 2.302965195849538,
  "profile_replay_extend_seconds": 0.04739308450371027,
  "profile_rollout_steps_per_second": 498.24575065528086,
  "profile_rollout_inference_batch_size_mean": 26.83333333333334,
  "profile_rollout_inference_batch_size_max": 48.0,
  "profile_learner_update_seconds": 2.3019272200763226,
  "profile_replay_sample_seconds": 0.00651533342897892,
  "profile_batch_to_device_seconds": 0.0017650658264756203,
  "profile_critic_update_seconds": 0.42365946713835,
  "profile_actor_update_seconds": 0.0,
  "profile_target_soft_update_seconds": 0.0,
  "profile_eval_seconds": 12.77117101661861,
  "global_env_steps": 72000.0,
  "profile_actor_sync_seconds": 0.17787979263812304,
  "profile_actor_publish_seconds": 0.007004842162132263,
  "profile_actor_sync_inference_server_seconds": 0.01817775797098875,
  "profile_actor_sync_worker_rpc_seconds": 0.15269719250500202,
  "behavior_frac_uniform": 0.0,
  "behavior_frac_proportional": 0.0,
  "behavior_frac_constant_mix": 0.0,
  "behavior_frac_pool_power_mix": 0.0,
  "behavior_frac_random_logits": 0.0,
  "behavior_frac_actor_logits": 1.0,
  "eval_return_mean": 2965.6536368511424,
  "eval_cooperation_mean": 0.02,
  "eval_gini_mean": 0.7564804991956784,
  "eval_mean_total_resource": 16281.054079810256,
  "eval_collapse_rate": 0.125,
  "eval_mean_resource": 325.62108159620516,
  "eval_mean_payoff": 19.771024245674283,
  "eval_mean_pool_raw": 17.32095737540444,
  "eval_mean_pool_grown": 37.09198162384193,
  "eval_sustainability_rate": 0.875,
  "eval_return_mean/regular": 3147.961642395243,
  "eval_return_mean/erdos_renyi": 2926.5747392442245,
  "eval_return_mean/small_world": 3217.444092141761,
  "eval_return_mean/scale_free": 2570.634073623341,
  "eval_mean_resource/regular": 350.56834877338486,
  "eval_mean_resource/erdos_renyi": 314.8275680935336,
  "eval_mean_resource/small_world": 358.49197027504897,
  "eval_mean_resource/scale_free": 278.59643924285314,
  "eval_mean_total_resource/regular": 17528.417438669243,
  "eval_mean_total_resource/erdos_renyi": 15741.37840467668,
  "eval_mean_total_resource/small_world": 17924.598513752444,
  "eval_mean_total_resource/scale_free": 13929.821962142658,
  "eval_mean_payoff/regular": 20.98641094930162,
  "eval_mean_payoff/erdos_renyi": 19.510498261628165,
  "eval_mean_payoff/small_world": 21.449627280945066,
  "eval_mean_payoff/scale_free": 17.137560490822274,
  "eval_mean_pool_raw/regular": 17.980397994692886,
  "eval_mean_pool_raw/erdos_renyi": 16.83732709524305,
  "eval_mean_pool_raw/small_world": 18.949552870700586,
  "eval_mean_pool_raw/scale_free": 15.516551540981233,
  "eval_mean_pool_grown/regular": 38.96680894881554,
  "eval_mean_pool_grown/erdos_renyi": 36.347825358350065,
  "eval_mean_pool_grown/small_world": 40.39918013835799,
  "eval_mean_pool_grown/scale_free": 32.65411204984412,
  "eval_cooperation_mean/regular": 0.01,
  "eval_cooperation_mean/erdos_renyi": 0.03,
  "eval_cooperation_mean/small_world": 0.04,
  "eval_cooperation_mean/scale_free": 0.0,
  "eval_gini_mean/regular": 0.3499362217598495,
  "eval_gini_mean/erdos_renyi": 0.9475247841102703,
  "eval_gini_mean/small_world": 0.7617842374221886,
  "eval_gini_mean/scale_free": 0.9666767534904055,
  "eval_collapse_rate/regular": 0.5,
  "eval_collapse_rate/erdos_renyi": 0.0,
  "eval_collapse_rate/small_world": 0.0,
  "eval_collapse_rate/scale_free": 0.0,
  "profile_on_update_seconds": 0.00142575241625309
}
Results saved to: /home/QinYiHang/Code/GNN_SPGG/outputs/perf_baseline/spgg_CNN_12workers_1GPU_3_25_10__baseline__20260325_224407__centralized_split_gpu/results.json
