Console Log: /home/QinYiHang/Code/GNN_SPGG/outputs/Pool_dynamic_scan/n50_er_k4__proportional__piecewise_linear_constant__fermi__r0p75/train.log
================================================================================
Experiment: n50_er_k4__proportional__piecewise_linear_constant__fermi__r0p75
Run mode  : proportional
Network   : erdos_renyi
ER Params : target_mean_degree=4.0, edge_prob=0.0816327
Graph     : nodes=50, edges=89, degree_min=0, degree_max=8, degree_mean=3.560
Dynamics  : alpha=0.5, r=0.75, p_mode=dynamic, p_c=20.0, episode_length=1000
Consume   : mode=piecewise_linear, fixed_mode=constant, fixed=4, rate=0.05, threshold=4.0
Strategy  : rule=fermi, beta=1.0
Reward    : lambda_payoff=1.0, lambda_cooperation=0.0, lambda_total_resource=0.0, lambda_gini=0.0
Reg       : actor_wd=0.0, critic_wd=0.0, actor_entropy_coef=0.0, actor_logit_l2_coef=0.0
================================================================================
[Episode 001] return=3017.154601, final_actual_cooperation=0.260000, final_gini=0.788930
[INFO 16:38:34] rollout episode: 1 / 5
[INFO 16:38:34] rollout Estimated time left: 7 seconds. Time passed: 2 seconds
[Episode 002] return=4541.162682, final_actual_cooperation=0.380000, final_gini=0.744570
[INFO 16:38:37] rollout episode: 2 / 5
[INFO 16:38:37] rollout Estimated time left: 7 seconds. Time passed: 5 seconds
[Episode 003] return=4303.768943, final_actual_cooperation=0.420000, final_gini=0.722513
[INFO 16:38:38] rollout episode: 3 / 5
[INFO 16:38:38] rollout Estimated time left: 4 seconds. Time passed: 6 seconds
[Episode 004] return=4131.151974, final_actual_cooperation=0.380000, final_gini=0.731925
[INFO 16:38:40] rollout episode: 4 / 5
[INFO 16:38:40] rollout Estimated time left: 2 seconds. Time passed: 8 seconds
[Episode 005] return=3950.054266, final_actual_cooperation=0.320000, final_gini=0.759470
[INFO 16:38:42] rollout episode: 5 / 5
[INFO 16:38:42] rollout Estimated time left: 0 seconds. Time passed: 10 seconds
Final summary:
{
  "return_mean": 3988.6584932108635,
  "return_std": 523.4825622061392,
  "final_cooperation_mean": 0.352,
  "final_actual_cooperation_mean": 0.352,
  "final_mean_resource_mean": 36.60104246344977,
  "final_mean_pool_grown_mean": 22.43817583305193,
  "final_consumption_mean": 3.1676519985984717,
  "final_mean_consumption_mean": 3.1676519985984717,
  "final_mean_payoff_mean": 3.167654490078809,
  "final_gini_mean": 0.7494815893973502
}
Results saved to: /home/QinYiHang/Code/GNN_SPGG/outputs/Pool_dynamic_scan/n50_er_k4__proportional__piecewise_linear_constant__fermi__r0p75/results.json
